Debug log started

================================================================================
calc_line: '1 1.00EA [*EN] AS INCURRED'
has_tax: True, has_op: True

================================================================================
calc_line: '1 1.00EA [*EN] AS INCURRED'
has_tax: True, has_op: True

================================================================================
calc_line: '1 1.00EA [*EN] AS INCURRED'
has_tax: True, has_op: True

================================================================================
calc_line: '1 1.00EA [NH] PENDING'
has_tax: True, has_op: True

================================================================================
calc_line: '1 1.00EA [EN] OPEN'
has_tax: True, has_op: True

================================================================================
calc_line: '5 5.00MO 0.00+ 225.00 = 0.00 225.00 1,350.00'
has_tax: True, has_op: True

================================================================================
calc_line: '5 5.00MO 0.00+ 247.00 = 0.00 247.00 1,482.00'
has_tax: True, has_op: True

================================================================================
calc_line: '4 4.00EA 1,168.94+ 0.00 = 0.00 935.16 5,610.92'
has_tax: True, has_op: True

================================================================================
calc_line: '2.5*4*5 50.00HR 0.00+ 65.19 = 0.00 651.90 3,911.40'
has_tax: True, has_op: True

================================================================================
calc_line: '15*4*5 300.00HR 0.00+ 86.09 = 0.00 5,165.40 30,992.40'
has_tax: True, has_op: True

================================================================================
calc_line: '5000 5000.00SF SEE X3.BUILD'
has_tax: True, has_op: True
SEE pattern matched. Returning result: {'calc': '5000', 'qty': 5000.0, 'unit': 'SF', 'remove': None, 'replace': None, 'tax': None, 'op': None, 'total': '0.00', 'total_note': 'X3.BUILD'}

================================================================================
calc_line: '40 40.00EA SEE X3.BUILD'
has_tax: True, has_op: True
SEE pattern matched. Returning result: {'calc': '40', 'qty': 40.0, 'unit': 'EA', 'remove': None, 'replace': None, 'tax': None, 'op': None, 'total': '0.00', 'total_note': 'X3.BUILD'}

================================================================================
calc_line: '1 1.00EA [*EN] 0.00+ 6,400.00 = 0.00 0.00 6,400.00'
has_tax: True, has_op: True

================================================================================
calc_line: '1 1.00EA [*EN] 0.00+ 24,500.00 = 0.00 0.00 24,500.00'
has_tax: True, has_op: True

================================================================================
calc_line: '1 1.00EA [*EN] 0.00+ 18,500.00 = 0.00 0.00 18,500.00'
has_tax: True, has_op: True

================================================================================
calc_line: '1 1.00EA [*EN] 0.00+ 11,060.00 = 0.00 0.00 11,060.00'
has_tax: True, has_op: True

================================================================================
calc_line: '3556.11 3556.11SF SEE X3.BUILD'
has_tax: True, has_op: True
SEE pattern matched. Returning result: {'calc': '3556.11', 'qty': 3556.11, 'unit': 'SF', 'remove': None, 'replace': None, 'tax': None, 'op': None, 'total': '0.00', 'total_note': 'X3.BUILD'}

================================================================================
calc_line: '2 2.00EA SEE X3.BUILD'
has_tax: True, has_op: True
SEE pattern matched. Returning result: {'calc': '2', 'qty': 2.0, 'unit': 'EA', 'remove': None, 'replace': None, 'tax': None, 'op': None, 'total': '0.00', 'total_note': 'X3.BUILD'}

================================================================================
calc_line: '2 2.00EA SEE X3.BUILD'
has_tax: True, has_op: True
SEE pattern matched. Returning result: {'calc': '2', 'qty': 2.0, 'unit': 'EA', 'remove': None, 'replace': None, 'tax': None, 'op': None, 'total': '0.00', 'total_note': 'X3.BUILD'}

================================================================================
calc_line: '3 3.00EA SEE X3.BUILD'
has_tax: True, has_op: True
SEE pattern matched. Returning result: {'calc': '3', 'qty': 3.0, 'unit': 'EA', 'remove': None, 'replace': None, 'tax': None, 'op': None, 'total': '0.00', 'total_note': 'X3.BUILD'}

================================================================================
calc_line: '1 1.00EA [*EN] 0.00+ 18,600.00 = 0.00 0.00 18,600.00'
has_tax: True, has_op: True

================================================================================
calc_line: '1 1.00EA 80.71+ 1,891.46 = 143.29 423.10 2,538.56'
has_tax: True, has_op: True

================================================================================
calc_line: '23 23.00EA SEE X3.BUILD'
has_tax: True, has_op: True
SEE pattern matched. Returning result: {'calc': '23', 'qty': 23.0, 'unit': 'EA', 'remove': None, 'replace': None, 'tax': None, 'op': None, 'total': '0.00', 'total_note': 'X3.BUILD'}

================================================================================
calc_line: '23 23.00EA SEE X3.BUILD'
has_tax: True, has_op: True
SEE pattern matched. Returning result: {'calc': '23', 'qty': 23.0, 'unit': 'EA', 'remove': None, 'replace': None, 'tax': None, 'op': None, 'total': '0.00', 'total_note': 'X3.BUILD'}

================================================================================
calc_line: '1 1.00EA [N] PENDING'
has_tax: True, has_op: True

================================================================================
calc_line: '1 1.00EA 0.00+ 214.36 = 0.00 42.88 257.24'
has_tax: True, has_op: True

================================================================================
calc_line: '1 1.00EA 0.00+ 509.10 = 0.00 101.82 610.92'
has_tax: True, has_op: True

================================================================================
calc_line: '1 1.00EA 0.00+ 313.29 = 0.00 62.66 375.95'
has_tax: True, has_op: True

================================================================================
calc_line: '1 1.00EA [EN] 0.00+ 6,860.00 = 0.00 0.00 6,860.00'
has_tax: True, has_op: True

================================================================================
calc_line: '2 2.00EA 367.07+ 5,598.95 = 694.70 2,525.34 15,152.08'
has_tax: True, has_op: True

================================================================================
calc_line: '1 1.00EA 103.45+ 3,911.79 = 249.04 852.86 5,117.14'
has_tax: True, has_op: True

================================================================================
calc_line: '2 2.00EA 0.00+ 8,722.37 = 682.68 3,625.48 21,752.90'
has_tax: True, has_op: True

================================================================================
calc_line: '8 8.00HR 0.00+ 180.00 = 0.00 288.00 1,728.00'
has_tax: True, has_op: True

================================================================================
calc_line: '1 1.00EA [*EN] 0.00+ 12,300.00 = 0.00 0.00 12,300.00'
has_tax: True, has_op: True

================================================================================
calc_line: '1 1.00EA [*EN] 0.00+ 119,157.00 = 0.00 0.00 119,157.00'
has_tax: True, has_op: True

================================================================================
calc_line: '62*10 620.00SF SEE BID'
has_tax: True, has_op: True
SEE pattern matched. Returning result: {'calc': '62*10', 'qty': 620.0, 'unit': 'SF', 'remove': None, 'replace': None, 'tax': None, 'op': None, 'total': '0.00', 'total_note': 'BID'}

================================================================================
calc_line: '10 10.00EA [*] SEE BID'
has_tax: True, has_op: True

================================================================================
calc_line: '1 1.00EA [*E] 0.00+ 23,190.06 = 0.00 4,638.02 27,828.08'
has_tax: True, has_op: True

================================================================================
calc_line: '2 2.00HR 0.00+ 86.38 = 0.00 34.56 207.32'
has_tax: True, has_op: True

================================================================================
calc_line: '1 1.00EA [*] 30.55+ 12,399.00 = 536.25 2,593.18 15,558.98'
has_tax: True, has_op: True

================================================================================
calc_line: '1 1.00EA [*] 40.63+ 2,499.00 = 174.92 542.90 3,257.45'
has_tax: True, has_op: True

================================================================================
calc_line: '1 1.00EA 37.94+ 384.92 = 23.89 89.34 536.09'
has_tax: True, has_op: True

================================================================================
calc_line: '1 1.00EA [*] 21.92+ 3,799.00 = 105.30 785.24 4,711.46'
has_tax: True, has_op: True

================================================================================
calc_line: '1 1.00EA [*] 194.19+ 12,500.00 = 1,047.54 2,748.34 16,490.07'
has_tax: True, has_op: True

================================================================================
calc_line: '1 1.00EA 45.52+ 3,395.40 = 314.94 751.16 4,507.02'
has_tax: True, has_op: True

================================================================================
calc_line: '1 1.00EA 37.94+ 427.57 = 36.86 100.48 602.85'
has_tax: True, has_op: True

================================================================================
calc_line: '1 1.00EA 40.63+ 2,329.86 = 214.50 517.00 3,101.99'
has_tax: True, has_op: True

================================================================================
calc_line: '1 1.00EA 30.55+ 1,762.32 = 156.00 389.78 2,338.65'
has_tax: True, has_op: True

================================================================================
calc_line: '1 1.00EA 7.59+ 167.84 = 6.44 36.36 218.23'
has_tax: True, has_op: True

================================================================================
calc_line: '1 1.00EA [*EN] 0.00+ 19,000.00 = 0.00 0.00 19,000.00'
has_tax: True, has_op: True

================================================================================
calc_line: '862 862.00SF SEE X3.BUILD'
has_tax: True, has_op: True
SEE pattern matched. Returning result: {'calc': '862', 'qty': 862.0, 'unit': 'SF', 'remove': None, 'replace': None, 'tax': None, 'op': None, 'total': '0.00', 'total_note': 'X3.BUILD'}

================================================================================
calc_line: '263.61 263.61LF SEE X3.BUILD'
has_tax: True, has_op: True
SEE pattern matched. Returning result: {'calc': '263.61', 'qty': 263.61, 'unit': 'LF', 'remove': None, 'replace': None, 'tax': None, 'op': None, 'total': '0.00', 'total_note': 'X3.BUILD'}

================================================================================
calc_line: '1000 1000.00SF SEE X3.BUILD'
has_tax: True, has_op: True
SEE pattern matched. Returning result: {'calc': '1000', 'qty': 1000.0, 'unit': 'SF', 'remove': None, 'replace': None, 'tax': None, 'op': None, 'total': '0.00', 'total_note': 'X3.BUILD'}

================================================================================
calc_line: 'C 86.77SF 0.00+ 2.09 = 3.05 36.90 221.30'
has_tax: True, has_op: True

================================================================================
calc_line: 'W 269.50SF 0.00+ 2.09 = 9.46 114.56 687.28'
has_tax: True, has_op: True

================================================================================
calc_line: 'PF 24.50LF 0.75+ 10.64 = 17.37 59.30 355.73'
has_tax: True, has_op: True

================================================================================
calc_line: 'PF 24.50LF 0.00+ 2.92 = 0.84 14.46 86.84'
has_tax: True, has_op: True

================================================================================
calc_line: 'PF 24.50LF 0.00+ 2.20 = 0.65 10.92 65.47'
has_tax: True, has_op: True

================================================================================
calc_line: 'F 86.77SF 0.45+ 0.00 = 0.59 7.94 47.58'
has_tax: True, has_op: True

================================================================================
calc_line: 'F 86.77SF 1.39+ 6.90 = 22.17 148.30 889.79'
has_tax: True, has_op: True

================================================================================
calc_line: 'F 86.77SF 3.80+ 20.19 = 69.03 430.12 2,580.77'
has_tax: True, has_op: True

================================================================================
calc_line: 'F 86.77SF 2.05+ 7.22 = 19.88 164.86 989.10'
has_tax: True, has_op: True

================================================================================
calc_line: 'F 86.77SF 0.00+ 2.42 = 1.61 42.32 253.91'
has_tax: True, has_op: True

================================================================================
calc_line: '6 6.00EA 16.90+ 234.42 = 61.37 313.86 1,883.15'
has_tax: True, has_op: True

================================================================================
calc_line: '1 1.00EA 16.83+ 193.86 = 14.14 44.96 269.79'
has_tax: True, has_op: True

================================================================================
calc_line: '1 1.00EA SEE X3.BUILD'
has_tax: True, has_op: True
SEE pattern matched. Returning result: {'calc': '1', 'qty': 1.0, 'unit': 'EA', 'remove': None, 'replace': None, 'tax': None, 'op': None, 'total': '0.00', 'total_note': 'X3.BUILD'}

================================================================================
calc_line: '1 1.00EA SEE X3.BUILD'
has_tax: True, has_op: True
SEE pattern matched. Returning result: {'calc': '1', 'qty': 1.0, 'unit': 'EA', 'remove': None, 'replace': None, 'tax': None, 'op': None, 'total': '0.00', 'total_note': 'X3.BUILD'}

================================================================================
calc_line: '1 1.00EA 9.54+ 288.33 = 19.65 63.50 381.02'
has_tax: True, has_op: True

================================================================================
calc_line: '1 1.00EA 0.00+ 452.15 = 40.18 98.48 590.81'
has_tax: True, has_op: True

================================================================================
calc_line: '1 1.00EA 0.00+ 40.24 = 0.99 8.24 49.47'
has_tax: True, has_op: True

================================================================================
calc_line: 'C 260.69SF 0.00+ 2.09 = 9.15 110.80 664.79'
has_tax: True, has_op: True

================================================================================
calc_line: 'W 681.56SF 0.00+ 2.09 = 23.92 289.68 1,738.06'
has_tax: True, has_op: True

================================================================================
calc_line: 'PF 72.50LF 0.00+ 2.92 = 2.47 42.84 257.01'
has_tax: True, has_op: True

================================================================================
calc_line: 'PF 72.50LF 0.00+ 2.20 = 1.91 32.28 193.69'
has_tax: True, has_op: True

================================================================================
calc_line: 'F 259.94SF 0.45+ 0.00 = 1.77 23.76 142.50'
has_tax: True, has_op: True

================================================================================
calc_line: '1 1.00EA 0.00+ 60.61 = 0.70 12.26 73.57'
has_tax: True, has_op: True

================================================================================
calc_line: '7 7.00EA 16.90+ 234.42 = 71.60 366.16 2,197.00'
has_tax: True, has_op: True

================================================================================
calc_line: '1 1.00EA 16.83+ 244.73 = 19.09 56.12 336.77'
has_tax: True, has_op: True

================================================================================
calc_line: '1 1.00EA 19.09+ 177.11 = 10.07 41.26 247.53'
has_tax: True, has_op: True

================================================================================
calc_line: '2 2.00EA 0.00+ 126.05 = 0.23 50.46 302.79'
has_tax: True, has_op: True

================================================================================
calc_line: '4 4.00EA 0.00+ 235.96 = 4.40 189.64 1,137.88'
has_tax: True, has_op: True

================================================================================
calc_line: '4 4.00EA 0.00+ 67.23 = 3.20 54.42 326.54'
has_tax: True, has_op: True

================================================================================
calc_line: '2'9+4'7 7.33LF 11.38+ 155.15 = 44.99 253.14 1,518.80'
has_tax: True, has_op: True

================================================================================
calc_line: 'C 49.76SF 0.00+ 2.09 = 1.75 21.16 126.91'
has_tax: True, has_op: True

================================================================================
calc_line: 'W 148.67SF 0.00+ 2.09 = 5.22 63.18 379.12'
has_tax: True, has_op: True

================================================================================
calc_line: 'PC 24.75LF 0.00+ 2.20 = 0.65 11.04 66.14'
has_tax: True, has_op: True

================================================================================
calc_line: 'F 40.93SF 0.45+ 0.00 = 0.28 3.74 22.44'
has_tax: True, has_op: True

================================================================================
calc_line: 'F+PF 52.93SF 0.00+ 2.42 = 0.98 25.82 154.89'
has_tax: True, has_op: True

================================================================================
calc_line: '2 2.00EA 0.00+ 126.05 = 0.23 50.46 302.79'
has_tax: True, has_op: True

================================================================================
calc_line: '4 4.00EA 0.00+ 235.96 = 4.40 189.64 1,137.88'
has_tax: True, has_op: True

================================================================================
calc_line: '4 4.00EA 0.00+ 67.23 = 3.20 54.42 326.54'
has_tax: True, has_op: True

================================================================================
calc_line: '1 1.00EA 30.34+ 228.85 = 15.11 54.86 329.16'
has_tax: True, has_op: True

================================================================================
calc_line: '1 1.00EA 22.76+ 409.99 = 18.47 90.26 541.48'
has_tax: True, has_op: True

================================================================================
calc_line: 'C 629.34SF 0.00+ 6.56 = 72.41 840.18 5,041.06'
has_tax: True, has_op: True

================================================================================
calc_line: 'C 629.34SF 0.00+ 1.00 = 0.00 125.86 755.20'
has_tax: True, has_op: True

================================================================================
calc_line: 'C 629.34SF 0.00+ 1.47 = 17.79 188.58 1,131.50'
has_tax: True, has_op: True

================================================================================
calc_line: '16 16.00HR 0.00+ 106.93 = 0.00 342.18 2,053.06'
has_tax: True, has_op: True

================================================================================
calc_line: 'PF 31.00LF 0.75+ 10.64 = 21.97 75.02 450.08'
has_tax: True, has_op: True

================================================================================
calc_line: 'PF 31.00LF 0.00+ 2.92 = 1.06 18.32 109.90'
has_tax: True, has_op: True

================================================================================
calc_line: 'W 515.69SF 0.00+ 2.09 = 18.10 219.18 1,315.07'
has_tax: True, has_op: True

================================================================================
calc_line: 'PF 31.00LF 0.00+ 2.20 = 0.82 13.80 82.82'
has_tax: True, has_op: True

================================================================================
calc_line: 'F 606.84SF 0.45+ 0.00 = 4.14 55.44 332.66'
has_tax: True, has_op: True

================================================================================
calc_line: 'F 606.84SF 1.39+ 6.90 = 155.02 1,037.14 6,222.87'
has_tax: True, has_op: True

================================================================================
calc_line: 'F 606.84SF 3.80+ 20.19 = 482.80 3,008.18 18,049.07'
has_tax: True, has_op: True

================================================================================
calc_line: 'F 606.84SF 2.05+ 7.22 = 139.04 1,152.88 6,917.32'
has_tax: True, has_op: True

================================================================================
calc_line: 'F 606.84SF 0.00+ 2.42 = 11.24 295.96 1,775.75'
has_tax: True, has_op: True

================================================================================
calc_line: '2 2.00EA 12.64+ 328.67 = 53.63 147.24 883.49'
has_tax: True, has_op: True

================================================================================
calc_line: '24 24.00EA 16.90+ 234.42 = 245.49 1,255.44 7,532.61'
has_tax: True, has_op: True

================================================================================
calc_line: '2 2.00EA 7.59+ 468.37 = 74.49 205.28 1,231.69'
has_tax: True, has_op: True

================================================================================
calc_line: '5*6'6 32.50LF 0.65+ 14.81 = 12.04 102.88 617.38'
has_tax: True, has_op: True

================================================================================
calc_line: '6 6.00EA 0.00+ 51.53 = 3.58 62.56 375.32'
has_tax: True, has_op: True

================================================================================
calc_line: '18+5'4*3+(3*2*2) 46.00SF 0.00+ 0.71 = 0.31 6.60 39.57'
has_tax: True, has_op: True

================================================================================
calc_line: '2 2.00EA 142.23+ 1,002.63 = 155.81 489.12 2,934.65'
has_tax: True, has_op: True

================================================================================
calc_line: '125 125.00SF 2.53+ 14.04 = 21.08 418.48 2,510.81'
has_tax: True, has_op: True

================================================================================
calc_line: '125 125.00SF 3.02+ 34.10 = 197.07 967.42 5,804.49'
has_tax: True, has_op: True

================================================================================
calc_line: 'C 281.97SF 0.00+ 6.56 = 32.44 376.42 2,258.58'
has_tax: True, has_op: True

================================================================================
calc_line: '80.63 80.63SF 0.00+ 1.00 = 0.00 16.12 96.75'
has_tax: True, has_op: True

================================================================================
calc_line: '80.63 80.63SF 0.00+ 1.47 = 2.28 24.16 144.97'
has_tax: True, has_op: True

================================================================================
calc_line: '8 8.00HR 0.00+ 106.93 = 0.00 171.08 1,026.52'
has_tax: True, has_op: True

================================================================================
calc_line: '36.17 36.17LF 0.00+ 2.20 = 0.95 16.12 96.64'
has_tax: True, has_op: True

================================================================================
calc_line: '1 1.00EA 0.00+ 60.61 = 0.70 12.26 73.57'
has_tax: True, has_op: True

================================================================================
calc_line: 'C-80.63 201.34SF 0.00+ 2.09 = 7.07 85.58 513.45'
has_tax: True, has_op: True

================================================================================
calc_line: 'W 450.25SF 0.00+ 2.09 = 15.80 191.36 1,148.18'
has_tax: True, has_op: True

================================================================================
calc_line: 'F 146.38SF 0.45+ 0.00 = 1.00 13.38 80.25'
has_tax: True, has_op: True

================================================================================
calc_line: 'F 146.38SF 1.39+ 6.90 = 37.39 250.18 1,501.06'
has_tax: True, has_op: True

================================================================================
calc_line: 'F 146.38SF 3.80+ 20.19 = 116.46 725.62 4,353.73'
has_tax: True, has_op: True

================================================================================
calc_line: 'F 146.38SF 2.05+ 7.22 = 33.54 278.10 1,668.58'
has_tax: True, has_op: True

================================================================================
calc_line: 'F 146.38SF 0.00+ 2.42 = 2.71 71.38 428.33'
has_tax: True, has_op: True

================================================================================
calc_line: '13 13.00EA 16.90+ 234.42 = 132.97 680.04 4,080.17'
has_tax: True, has_op: True

================================================================================
calc_line: '2 2.00EA 7.59+ 468.37 = 74.49 205.28 1,231.69'
has_tax: True, has_op: True

================================================================================
calc_line: '6'6+2'6+11'9+9'2+1'9 31.67LF 11.39+ 478.54 = 1,286.64 3,360.54 20,163.26'
has_tax: True, has_op: True

================================================================================
calc_line: '2*31.67 63.34SF 8.18+ 110.40 = 369.55 1,576.08 9,456.49'
has_tax: True, has_op: True

================================================================================
calc_line: '2 2.00EA 0.00+ 231.95 = 0.00 92.78 556.68'
has_tax: True, has_op: True

================================================================================
calc_line: '3 3.00LF 13.67+ 689.43 = 178.76 457.62 2,745.68'
has_tax: True, has_op: True

================================================================================
calc_line: '2'6*6 15.00LF 11.39+ 346.21 = 415.86 1,156.00 6,935.86'
has_tax: True, has_op: True

================================================================================
calc_line: '1 1.00EA 0.00+ 101.87 = 9.93 22.36 134.16'
has_tax: True, has_op: True

================================================================================
calc_line: '1 1.00EA 0.00+ 95.75 = 9.34 21.02 126.11'
has_tax: True, has_op: True

================================================================================
calc_line: '6 6.00EA 0.00+ 81.80 = 47.85 107.74 646.39'
has_tax: True, has_op: True

================================================================================
calc_line: '2 2.00EA 0.00+ 76.95 = 7.41 32.26 193.57'
has_tax: True, has_op: True

================================================================================
calc_line: '1 1.00EA 9.49+ 165.31 = 12.15 37.40 224.35'
has_tax: True, has_op: True

================================================================================
calc_line: 'C 394.92SF 0.00+ 2.09 = 13.86 167.86 1,007.10'
has_tax: True, has_op: True

================================================================================
calc_line: '4 4.00HR [*] 0.00+ 169.18 = 0.00 135.34 812.06'
has_tax: True, has_op: True

================================================================================
calc_line: 'W 964.94SF 0.00+ 2.09 = 33.87 410.12 2,460.71'
has_tax: True, has_op: True

================================================================================
calc_line: 'PF 77.71LF 0.75+ 10.64 = 55.08 188.04 1,128.23'
has_tax: True, has_op: True

================================================================================
calc_line: 'PF 77.71LF 0.00+ 2.92 = 2.65 45.92 275.48'
has_tax: True, has_op: True

================================================================================
calc_line: 'PF 77.71LF 0.00+ 2.20 = 2.05 34.62 207.63'
has_tax: True, has_op: True

================================================================================
calc_line: 'F 394.92SF 0.45+ 0.00 = 2.69 36.08 216.48'
has_tax: True, has_op: True

================================================================================
calc_line: 'F 394.92SF 1.39+ 6.90 = 100.88 674.96 4,049.73'
has_tax: True, has_op: True

================================================================================
calc_line: 'F 394.92SF 3.80+ 20.19 = 314.20 1,957.66 11,745.99'
has_tax: True, has_op: True

================================================================================
calc_line: 'F 394.92SF 2.05+ 7.22 = 90.49 750.28 4,501.68'
has_tax: True, has_op: True

================================================================================
calc_line: 'F 394.92SF 0.00+ 2.42 = 7.32 192.60 1,155.63'
has_tax: True, has_op: True

================================================================================
calc_line: '14 14.00EA 16.90+ 234.42 = 143.20 732.34 4,394.02'
has_tax: True, has_op: True

================================================================================
calc_line: '3 3.00EA 12.64+ 328.67 = 80.44 220.86 1,325.23'
has_tax: True, has_op: True

================================================================================
calc_line: '1 1.00EA 16.83+ 121.12 = 7.05 29.00 174.00'
has_tax: True, has_op: True

================================================================================
calc_line: '1 1.00EA 10.83+ 281.60 = 13.80 61.24 367.47'
has_tax: True, has_op: True

================================================================================
calc_line: '3 3.00EA 5.72+ 1,032.89 = 64.35 636.06 3,816.24'
has_tax: True, has_op: True

================================================================================
calc_line: 'C 409.85SF 0.00+ 2.09 = 14.39 174.20 1,045.18'
has_tax: True, has_op: True

================================================================================
calc_line: 'W 607.41SF 0.00+ 2.09 = 21.32 258.16 1,548.97'
has_tax: True, has_op: True

================================================================================
calc_line: 'PF 50.25LF 0.00+ 2.92 = 1.72 29.68 178.13'
has_tax: True, has_op: True

================================================================================
calc_line: 'PF 50.25LF 0.00+ 2.20 = 1.32 22.38 134.25'
has_tax: True, has_op: True

================================================================================
calc_line: 'F 406.88SF 0.45+ 0.00 = 2.78 37.18 223.06'
has_tax: True, has_op: True

================================================================================
calc_line: '2 2.00EA 0.00+ 126.05 = 0.23 50.46 302.79'
has_tax: True, has_op: True

================================================================================
calc_line: '4 4.00EA 0.00+ 235.96 = 4.40 189.64 1,137.88'
has_tax: True, has_op: True

================================================================================
calc_line: '4 4.00EA 0.00+ 67.23 = 3.20 54.42 326.54'
has_tax: True, has_op: True

================================================================================
calc_line: '1 1.00EA 0.00+ 78.58 = 0.89 15.90 95.37'
has_tax: True, has_op: True

================================================================================
calc_line: '1 1.00EA 16.83+ 121.12 = 7.05 29.00 174.00'
has_tax: True, has_op: True

================================================================================
calc_line: '10 10.00EA 16.90+ 234.42 = 102.29 523.10 3,138.59'
has_tax: True, has_op: True

================================================================================
calc_line: '2 2.00EA 12.64+ 173.67 = 23.40 79.20 475.22'
has_tax: True, has_op: True

================================================================================
calc_line: '2 2.00EA 7.59+ 468.37 = 74.49 205.28 1,231.69'
has_tax: True, has_op: True

================================================================================
calc_line: '1 1.00EA 0.00+ 68.25 = 0.00 13.66 81.91'
has_tax: True, has_op: True

================================================================================
calc_line: 'C 86.04SF 0.00+ 2.09 = 3.02 36.56 219.40'
has_tax: True, has_op: True

================================================================================
calc_line: 'W 248.91SF 0.00+ 2.09 = 8.74 105.78 634.74'
has_tax: True, has_op: True

================================================================================
calc_line: 'PF 31.11LF 0.00+ 2.92 = 1.06 18.38 110.28'
has_tax: True, has_op: True

================================================================================
calc_line: 'PF 31.11LF 0.00+ 2.20 = 0.82 13.84 83.10'
has_tax: True, has_op: True

================================================================================
calc_line: 'F 86.04SF 0.45+ 0.00 = 0.59 7.86 47.17'
has_tax: True, has_op: True

================================================================================
calc_line: '2 2.00EA 0.00+ 126.05 = 0.23 50.46 302.79'
has_tax: True, has_op: True

================================================================================
calc_line: '1 1.00EA 0.00+ 151.02 = 0.11 30.22 181.35'
has_tax: True, has_op: True

================================================================================
calc_line: '2 2.00EA 0.00+ 237.60 = 3.98 95.84 575.02'
has_tax: True, has_op: True

================================================================================
calc_line: '4 4.00HR 0.00+ 116.31 = 0.00 93.04 558.28'
has_tax: True, has_op: True

================================================================================
calc_line: 'PF-4'4 26.78LF 11.38+ 155.15 = 164.37 924.82 5,548.87'
has_tax: True, has_op: True

================================================================================
calc_line: '1 1.00EA 16.83+ 145.18 = 9.38 34.28 205.67'
has_tax: True, has_op: True

================================================================================
calc_line: '4 4.00EA 16.90+ 234.42 = 40.91 209.24 1,255.43'
has_tax: True, has_op: True

================================================================================
calc_line: '1 1.00EA 0.00+ 40.70 = 0.71 8.28 49.69'
has_tax: True, has_op: True

================================================================================
calc_line: '1 1.00EA 12.64+ 205.20 = 14.72 46.50 279.06'
has_tax: True, has_op: True

================================================================================
calc_line: 'C 74.41SF 0.00+ 2.09 = 2.61 31.62 189.75'
has_tax: True, has_op: True

================================================================================
calc_line: 'W 234.57SF 0.00+ 2.09 = 8.23 99.70 598.18'
has_tax: True, has_op: True

================================================================================
calc_line: 'PF 29.03LF 0.00+ 2.92 = 0.99 17.16 102.92'
has_tax: True, has_op: True

================================================================================
calc_line: 'PF 29.03LF 0.00+ 2.20 = 0.76 12.94 77.57'
has_tax: True, has_op: True

================================================================================
calc_line: 'F 74.41SF 0.45+ 0.00 = 0.51 6.80 40.79'
has_tax: True, has_op: True

================================================================================
calc_line: '2 2.00EA 0.00+ 126.05 = 0.23 50.46 302.79'
has_tax: True, has_op: True

================================================================================
calc_line: '1 1.00EA 0.00+ 151.02 = 0.11 30.22 181.35'
has_tax: True, has_op: True

================================================================================
calc_line: '2 2.00EA 0.00+ 237.60 = 3.98 95.84 575.02'
has_tax: True, has_op: True

================================================================================
calc_line: '4 4.00HR 0.00+ 116.31 = 0.00 93.04 558.28'
has_tax: True, has_op: True

================================================================================
calc_line: 'PF-4'4 24.70LF 11.38+ 155.15 = 151.60 852.98 5,117.88'
has_tax: True, has_op: True

================================================================================
calc_line: '1 1.00EA 16.83+ 145.18 = 9.38 34.28 205.67'
has_tax: True, has_op: True

================================================================================
calc_line: '4 4.00EA 16.90+ 234.42 = 40.91 209.24 1,255.43'
has_tax: True, has_op: True

================================================================================
calc_line: '1 1.00EA 12.64+ 205.20 = 14.72 46.50 279.06'
has_tax: True, has_op: True

================================================================================
calc_line: 'C 3.75SF 0.00+ 2.09 = 0.13 1.58 9.55'
has_tax: True, has_op: True

================================================================================
calc_line: 'W 52.33SF 0.00+ 2.09 = 1.84 22.24 133.45'
has_tax: True, has_op: True

================================================================================
calc_line: 'PF 6.25LF 0.00+ 2.92 = 0.21 3.70 22.16'
has_tax: True, has_op: True

================================================================================
calc_line: 'PF 6.25LF 0.00+ 2.20 = 0.16 2.80 16.71'
has_tax: True, has_op: True

================================================================================
calc_line: 'F 3.75SF 0.45+ 0.00 = 0.03 0.34 2.06'
has_tax: True, has_op: True

================================================================================
calc_line: '2 2.00EA 0.00+ 60.56 = 1.97 24.62 147.71'
has_tax: True, has_op: True

================================================================================
calc_line: '5*2 10.00LF 0.57+ 14.33 = 5.42 30.88 185.30'
has_tax: True, has_op: True

================================================================================
calc_line: '2*5 10.00LF 0.00+ 7.49 = 0.63 15.10 90.63'
has_tax: True, has_op: True

================================================================================
calc_line: 'C 134.79SF 0.00+ 2.09 = 4.73 57.28 343.72'
has_tax: True, has_op: True

================================================================================
calc_line: 'W 252.33SF 0.00+ 2.09 = 8.86 107.26 643.49'
has_tax: True, has_op: True

================================================================================
calc_line: 'PF 23.46LF 0.00+ 2.20 = 0.62 10.44 62.67'
has_tax: True, has_op: True

================================================================================
calc_line: 'F+PF 121.33SF 0.00+ 2.63 = 2.25 64.28 385.63'
has_tax: True, has_op: True

================================================================================
calc_line: '2 2.00EA 0.00+ 126.05 = 0.23 50.46 302.79'
has_tax: True, has_op: True

================================================================================
calc_line: '4 4.00EA 0.00+ 235.96 = 4.40 189.64 1,137.88'
has_tax: True, has_op: True

================================================================================
calc_line: '4 4.00EA 0.00+ 67.23 = 3.20 54.42 326.54'
has_tax: True, has_op: True

================================================================================
calc_line: '1 1.00EA 26.73+ 330.49 = 22.12 75.86 455.20'
has_tax: True, has_op: True

================================================================================
calc_line: '6 6.00EA 16.90+ 234.42 = 61.37 313.86 1,883.15'
has_tax: True, has_op: True

================================================================================
calc_line: '3 3.00EA 30.34+ 97.74 = 6.99 78.24 469.47'
has_tax: True, has_op: True

================================================================================
calc_line: '2 2.00EA 7.59+ 785.37 = 136.31 344.44 2,066.67'
has_tax: True, has_op: True

================================================================================
calc_line: '1 1.00EA 0.00+ 68.25 = 0.00 13.66 81.91'
has_tax: True, has_op: True

================================================================================
calc_line: 'C 86.02SF 0.00+ 2.09 = 3.02 36.56 219.36'
has_tax: True, has_op: True

================================================================================
calc_line: 'W 252.21SF 0.00+ 2.09 = 8.85 107.20 643.17'
has_tax: True, has_op: True

================================================================================
calc_line: 'PF 16.55LF 0.75+ 10.64 = 11.73 40.04 240.27'
has_tax: True, has_op: True

================================================================================
calc_line: 'PF 16.55LF 0.00+ 2.92 = 0.56 9.78 58.67'
has_tax: True, has_op: True

================================================================================
calc_line: 'PF 16.55LF 0.00+ 2.20 = 0.44 7.36 44.21'
has_tax: True, has_op: True

================================================================================
calc_line: 'F 55.35SF 0.45+ 0.00 = 0.38 5.06 30.35'
has_tax: True, has_op: True

================================================================================
calc_line: 'F 55.35SF 1.39+ 6.90 = 14.14 94.58 567.58'
has_tax: True, has_op: True

================================================================================
calc_line: 'F 55.35SF 3.80+ 20.19 = 44.04 274.36 1,646.25'
has_tax: True, has_op: True

================================================================================
calc_line: 'F 55.35SF 2.05+ 7.22 = 12.68 105.16 630.94'
has_tax: True, has_op: True

================================================================================
calc_line: 'F 55.35SF 0.00+ 2.42 = 1.03 27.00 161.98'
has_tax: True, has_op: True

================================================================================
calc_line: '4 4.00EA 16.90+ 234.42 = 40.91 209.24 1,255.43'
has_tax: True, has_op: True

================================================================================
calc_line: '1 1.00EA SEE X3.BUILD'
has_tax: True, has_op: True
SEE pattern matched. Returning result: {'calc': '1', 'qty': 1.0, 'unit': 'EA', 'remove': None, 'replace': None, 'tax': None, 'op': None, 'total': '0.00', 'total_note': 'X3.BUILD'}

================================================================================
calc_line: '2 2.00EA 0.00+ 168.02 = 3.62 67.92 407.58'
has_tax: True, has_op: True

================================================================================
calc_line: '1 1.00EA 0.00+ 126.05 = 0.11 25.24 151.40'
has_tax: True, has_op: True

================================================================================
calc_line: '2 2.00EA 0.00+ 235.96 = 2.20 94.82 568.94'
has_tax: True, has_op: True

================================================================================
calc_line: '2 2.00EA 0.00+ 67.23 = 1.60 27.22 163.28'
has_tax: True, has_op: True

================================================================================
calc_line: '1 1.00EA 0.00+ 18.17 = 0.12 3.66 21.95'
has_tax: True, has_op: True

================================================================================
calc_line: '8'6 8.50LF 11.39+ 342.02 = 236.87 648.18 3,889.04'
has_tax: True, has_op: True

================================================================================
calc_line: '8'6*2'2+8'6 26.92SF 8.18+ 110.40 = 157.06 669.86 4,019.10'
has_tax: True, has_op: True

================================================================================
calc_line: '3*3 9.00SF 2.94+ 29.94 = 16.07 62.42 374.41'
has_tax: True, has_op: True

================================================================================
calc_line: '13'7 13.58LF 11.39+ 327.14 = 351.24 989.70 5,938.18'
has_tax: True, has_op: True

================================================================================
calc_line: 'C 115.50SF 0.00+ 2.09 = 4.05 49.10 294.55'
has_tax: True, has_op: True

================================================================================
calc_line: 'W 337.92SF 0.00+ 2.09 = 11.86 143.64 861.75'
has_tax: True, has_op: True

================================================================================
calc_line: 'PF 16.08LF 0.00+ 2.20 = 0.42 7.16 42.96'
has_tax: True, has_op: True

================================================================================
calc_line: 'F 76.93SF 0.45+ 0.00 = 0.53 7.02 42.17'
has_tax: True, has_op: True

================================================================================
calc_line: '4 4.00EA 0.00+ 95.98 = 4.54 77.68 466.14'
has_tax: True, has_op: True

================================================================================
calc_line: '4 4.00EA 0.00+ 67.23 = 3.20 54.42 326.54'
has_tax: True, has_op: True

================================================================================
calc_line: '1 1.00EA 30.34+ 164.10 = 8.80 40.64 243.88'
has_tax: True, has_op: True

================================================================================
calc_line: '1 1.00EA 26.73+ 330.49 = 22.12 75.86 455.20'
has_tax: True, has_op: True

================================================================================
calc_line: '60 60.00SF 0.00+ 0.39 = 0.41 4.76 28.57'
has_tax: True, has_op: True

================================================================================
calc_line: 'C 255.24SF 0.00+ 2.09 = 8.96 108.50 650.91'
has_tax: True, has_op: True

================================================================================
calc_line: 'W 720.39SF 0.00+ 2.09 = 25.29 306.18 1,837.09'
has_tax: True, has_op: True

================================================================================
calc_line: 'PF 68.83LF 0.00+ 2.92 = 2.35 40.68 244.01'
has_tax: True, has_op: True

================================================================================
calc_line: 'PF 68.83LF 0.00+ 2.20 = 1.81 30.64 183.88'
has_tax: True, has_op: True

================================================================================
calc_line: 'F 254.67SF 0.45+ 0.00 = 1.74 23.26 139.60'
has_tax: True, has_op: True

================================================================================
calc_line: '1 1.00EA 16.83+ 121.12 = 7.05 29.00 174.00'
has_tax: True, has_op: True

================================================================================
calc_line: '7 7.00EA 16.90+ 234.42 = 71.60 366.16 2,197.00'
has_tax: True, has_op: True

================================================================================
calc_line: '1 1.00EA 16.90+ 300.00 = 11.99 65.78 394.67'
has_tax: True, has_op: True

================================================================================
calc_line: '1 1.00EA 0.00+ 126.05 = 0.11 25.24 151.40'
has_tax: True, has_op: True

================================================================================
calc_line: '2 2.00EA 0.00+ 118.80 = 1.99 47.92 287.51'
has_tax: True, has_op: True

================================================================================
calc_line: '15'11 15.92LF 11.38+ 155.15 = 97.71 549.78 3,298.65'
has_tax: True, has_op: True

================================================================================
calc_line: '2 2.00HR 0.00+ 116.31 = 0.00 46.52 279.14'
has_tax: True, has_op: True

================================================================================
calc_line: '2 2.00EA 0.00+ 44.08 = 0.00 17.64 105.80'
has_tax: True, has_op: True

================================================================================
calc_line: '8 8.00EA 0.00+ 118.80 = 7.96 191.68 1,150.04'
has_tax: True, has_op: True

================================================================================
calc_line: 'C 381.00SF 0.00+ 2.09 = 13.37 161.94 971.60'
has_tax: True, has_op: True

================================================================================
calc_line: 'W 704.08SF 0.00+ 2.09 = 24.71 299.24 1,795.48'
has_tax: True, has_op: True

================================================================================
calc_line: 'PF 75.00LF 0.00+ 2.92 = 2.56 44.32 265.88'
has_tax: True, has_op: True

================================================================================
calc_line: 'PF 75.00LF 0.00+ 2.20 = 1.97 33.40 200.37'
has_tax: True, has_op: True

================================================================================
calc_line: 'F 375.68SF 0.45+ 0.00 = 2.56 34.34 205.96'
has_tax: True, has_op: True

================================================================================
calc_line: '2 2.00EA 0.00+ 126.05 = 0.23 50.46 302.79'
has_tax: True, has_op: True

================================================================================
calc_line: '4 4.00EA 0.00+ 118.80 = 3.98 95.84 575.02'
has_tax: True, has_op: True

================================================================================
calc_line: '11 11.00EA 16.90+ 234.42 = 112.52 575.40 3,452.44'
has_tax: True, has_op: True

================================================================================
calc_line: '1 1.00EA 16.83+ 121.12 = 7.05 29.00 174.00'
has_tax: True, has_op: True

================================================================================
calc_line: '3 3.00EA 0.00+ 67.23 = 2.40 40.82 244.91'
has_tax: True, has_op: True

================================================================================
calc_line: '1 1.00EA 0.00+ 78.58 = 0.89 15.90 95.37'
has_tax: True, has_op: True

================================================================================
calc_line: 'LL1 6.08LF 11.38+ 155.15 = 37.32 209.96 1,259.78'
has_tax: True, has_op: True

================================================================================
calc_line: 'C 409.48SF 0.00+ 1.96 = 2.79 161.08 966.45'
has_tax: True, has_op: True

================================================================================
calc_line: 'C 409.48SF 0.00+ 2.01 = 17.17 168.06 1,008.28'
has_tax: True, has_op: True

================================================================================
calc_line: 'W 604.35SF 0.00+ 2.09 = 21.21 256.86 1,541.16'
has_tax: True, has_op: True

================================================================================
calc_line: 'PF 60.03LF 0.00+ 2.20 = 1.58 26.74 160.39'
has_tax: True, has_op: True

================================================================================
calc_line: 'F 409.48SF 0.45+ 0.00 = 2.79 37.42 224.48'
has_tax: True, has_op: True

================================================================================
calc_line: 'F 409.48SF 0.00+ 1.43 = 30.74 123.26 739.56'
has_tax: True, has_op: True

================================================================================
calc_line: '1 1.00EA [*E] 0.00+ 9,000.00 = 0.00 1,800.00 10,800.00'
has_tax: True, has_op: True

================================================================================
calc_line: '1 1.00EA SEE X3.BUILD'
has_tax: True, has_op: True
SEE pattern matched. Returning result: {'calc': '1', 'qty': 1.0, 'unit': 'EA', 'remove': None, 'replace': None, 'tax': None, 'op': None, 'total': '0.00', 'total_note': 'X3.BUILD'}

================================================================================
calc_line: '5 5.00EA SEE X3.BUILD'
has_tax: True, has_op: True
SEE pattern matched. Returning result: {'calc': '5', 'qty': 5.0, 'unit': 'EA', 'remove': None, 'replace': None, 'tax': None, 'op': None, 'total': '0.00', 'total_note': 'X3.BUILD'}

================================================================================
calc_line: '10 10.00LF SEE X3.BUILD'
has_tax: True, has_op: True
SEE pattern matched. Returning result: {'calc': '10', 'qty': 10.0, 'unit': 'LF', 'remove': None, 'replace': None, 'tax': None, 'op': None, 'total': '0.00', 'total_note': 'X3.BUILD'}

================================================================================
calc_line: '1 1.00EA SEE X3.BUILD'
has_tax: True, has_op: True
SEE pattern matched. Returning result: {'calc': '1', 'qty': 1.0, 'unit': 'EA', 'remove': None, 'replace': None, 'tax': None, 'op': None, 'total': '0.00', 'total_note': 'X3.BUILD'}

================================================================================
calc_line: '1 1.00EA SEE X3.BUILD'
has_tax: True, has_op: True
SEE pattern matched. Returning result: {'calc': '1', 'qty': 1.0, 'unit': 'EA', 'remove': None, 'replace': None, 'tax': None, 'op': None, 'total': '0.00', 'total_note': 'X3.BUILD'}

================================================================================
calc_line: '4 4.00EA 21.14+ 171.72 = 38.17 161.94 971.55'
has_tax: True, has_op: True

================================================================================
calc_line: '1 1.00EA 0.00+ 105.29 = 6.36 22.34 133.99'
has_tax: True, has_op: True

================================================================================
calc_line: '2 2.00EA 0.00+ 118.80 = 1.99 47.92 287.51'
has_tax: True, has_op: True

================================================================================
calc_line: '2 2.00EA 0.00+ 85.92 = 0.26 34.42 206.52'
has_tax: True, has_op: True

================================================================================
calc_line: '1 1.00EA 12.64+ 196.48 = 7.84 43.38 260.34'
has_tax: True, has_op: True

================================================================================
calc_line: 'C 862.00SF 0.59+ 2.59 = 142.88 576.82 3,460.86'
has_tax: True, has_op: True

================================================================================
calc_line: 'C 862.00SF 0.00+ 0.66 = 0.00 113.78 682.70'
has_tax: True, has_op: True

================================================================================
calc_line: '1 1.00EA 22.76+ 1,167.67 = 79.94 254.08 1,524.45'
has_tax: True, has_op: True

================================================================================
calc_line: '2 2.00EA 7.59+ 468.37 = 74.49 205.28 1,231.69'
has_tax: True, has_op: True

================================================================================
calc_line: '7 7.00EA 75.86+ 683.25 = 273.00 1,117.36 6,704.13'
has_tax: True, has_op: True

================================================================================
calc_line: '24 24.00EA 16.90+ 234.42 = 245.49 1,255.44 7,532.61'
has_tax: True, has_op: True

================================================================================
calc_line: '11 11.00EA 19.03+ 208.50 = 117.98 524.16 3,144.97'
has_tax: True, has_op: True

================================================================================
calc_line: '16 16.00EA 21.14+ 272.28 = 248.01 988.54 5,931.27'
has_tax: True, has_op: True

================================================================================
calc_line: '1 1.00EA 21.14+ 195.31 = 4.65 44.22 265.32'
has_tax: True, has_op: True

================================================================================
calc_line: '2 2.00EA 0.00+ 10.99 = 2.14 4.82 28.94'
has_tax: True, has_op: True

================================================================================
calc_line: '35+11*2 57.00EA 0.00+ 8.40 = 46.68 105.10 630.58'
has_tax: True, has_op: True

================================================================================
calc_line: '16 16.00EA 0.00+ 5.23 = 8.16 18.38 110.22'
has_tax: True, has_op: True

================================================================================
calc_line: '17+14 31.00LF 1.37+ 338.62 = 453.59 2,198.66 13,191.94'
has_tax: True, has_op: True

================================================================================
calc_line: '2 2.00EA 0.00+ 753.29 = 106.47 322.62 1,935.67'
has_tax: True, has_op: True

================================================================================
calc_line: '43 43.00SQ SEE X3.BUILD'
has_tax: True, has_op: True
SEE pattern matched. Returning result: {'calc': '43', 'qty': 43.0, 'unit': 'SQ', 'remove': None, 'replace': None, 'tax': None, 'op': None, 'total': '0.00', 'total_note': 'X3.BUILD'}

================================================================================
calc_line: '300 300.00LF SEE X3.BUILD'
has_tax: True, has_op: True
SEE pattern matched. Returning result: {'calc': '300', 'qty': 300.0, 'unit': 'LF', 'remove': None, 'replace': None, 'tax': None, 'op': None, 'total': '0.00', 'total_note': 'X3.BUILD'}

================================================================================
calc_line: '1 1.00EA [*E] 0.00+ 32,000.00 = 0.00 6,400.00 38,400.00'
has_tax: True, has_op: True

================================================================================
calc_line: '4300 4300.00SF SEE X3.BUILD'
has_tax: True, has_op: True
SEE pattern matched. Returning result: {'calc': '4300', 'qty': 4300.0, 'unit': 'SF', 'remove': None, 'replace': None, 'tax': None, 'op': None, 'total': '0.00', 'total_note': 'X3.BUILD'}

================================================================================
calc_line: '4300 4300.00SF SEE X3.BUILD'
has_tax: True, has_op: True
SEE pattern matched. Returning result: {'calc': '4300', 'qty': 4300.0, 'unit': 'SF', 'remove': None, 'replace': None, 'tax': None, 'op': None, 'total': '0.00', 'total_note': 'X3.BUILD'}

================================================================================
calc_line: '300 300.00LF SEE X3.BUILD'
has_tax: True, has_op: True
SEE pattern matched. Returning result: {'calc': '300', 'qty': 300.0, 'unit': 'LF', 'remove': None, 'replace': None, 'tax': None, 'op': None, 'total': '0.00', 'total_note': 'X3.BUILD'}

================================================================================
calc_line: '20 20.00LF SEE X3.BUILD'
has_tax: True, has_op: True
SEE pattern matched. Returning result: {'calc': '20', 'qty': 20.0, 'unit': 'LF', 'remove': None, 'replace': None, 'tax': None, 'op': None, 'total': '0.00', 'total_note': 'X3.BUILD'}

================================================================================
calc_line: '20 20.00LF SEE X3.BUILD'
has_tax: True, has_op: True
SEE pattern matched. Returning result: {'calc': '20', 'qty': 20.0, 'unit': 'LF', 'remove': None, 'replace': None, 'tax': None, 'op': None, 'total': '0.00', 'total_note': 'X3.BUILD'}

================================================================================
calc_line: '285*2+150 720.00SF SEE X3.BUILD'
has_tax: True, has_op: True
SEE pattern matched. Returning result: {'calc': '285*2+150', 'qty': 720.0, 'unit': 'SF', 'remove': None, 'replace': None, 'tax': None, 'op': None, 'total': '0.00', 'total_note': 'X3.BUILD'}

================================================================================
calc_line: '720 720.00SF SEE X3.BUILD'
has_tax: True, has_op: True
SEE pattern matched. Returning result: {'calc': '720', 'qty': 720.0, 'unit': 'SF', 'remove': None, 'replace': None, 'tax': None, 'op': None, 'total': '0.00', 'total_note': 'X3.BUILD'}

================================================================================
calc_line: '720 720.00SF SEE X3.BUILD'
has_tax: True, has_op: True
SEE pattern matched. Returning result: {'calc': '720', 'qty': 720.0, 'unit': 'SF', 'remove': None, 'replace': None, 'tax': None, 'op': None, 'total': '0.00', 'total_note': 'X3.BUILD'}

================================================================================
calc_line: '720 720.00SF SEE X3.BUILD'
has_tax: True, has_op: True
SEE pattern matched. Returning result: {'calc': '720', 'qty': 720.0, 'unit': 'SF', 'remove': None, 'replace': None, 'tax': None, 'op': None, 'total': '0.00', 'total_note': 'X3.BUILD'}

================================================================================
calc_line: '300 300.00LF SEE X3.BUILD'
has_tax: True, has_op: True
SEE pattern matched. Returning result: {'calc': '300', 'qty': 300.0, 'unit': 'LF', 'remove': None, 'replace': None, 'tax': None, 'op': None, 'total': '0.00', 'total_note': 'X3.BUILD'}

================================================================================
calc_line: '300 300.00LF SEE X3.BUILD'
has_tax: True, has_op: True
SEE pattern matched. Returning result: {'calc': '300', 'qty': 300.0, 'unit': 'LF', 'remove': None, 'replace': None, 'tax': None, 'op': None, 'total': '0.00', 'total_note': 'X3.BUILD'}

================================================================================
calc_line: '1 1.00EA [*E] 0.00+ 42,000.00 = 0.00 8,400.00 50,400.00'
has_tax: True, has_op: True

================================================================================
calc_line: '600+300 900.00SF SEE X3.BUILD'
has_tax: True, has_op: True
SEE pattern matched. Returning result: {'calc': '600+300', 'qty': 900.0, 'unit': 'SF', 'remove': None, 'replace': None, 'tax': None, 'op': None, 'total': '0.00', 'total_note': 'X3.BUILD'}

================================================================================
calc_line: '400 400.00LF SEE X3.BUILD'
has_tax: True, has_op: True
SEE pattern matched. Returning result: {'calc': '400', 'qty': 400.0, 'unit': 'LF', 'remove': None, 'replace': None, 'tax': None, 'op': None, 'total': '0.00', 'total_note': 'X3.BUILD'}

================================================================================
calc_line: 'W 3195.78SF SEE X3.BUILD'
has_tax: True, has_op: True
SEE pattern matched. Returning result: {'calc': '', 'qty': 3195.78, 'unit': 'SF', 'remove': None, 'replace': None, 'tax': None, 'op': None, 'total': '0.00', 'total_note': 'X3.BUILD'}

================================================================================
calc_line: '300*5 1500.00SF SEE X3.BUILD'
has_tax: True, has_op: True
SEE pattern matched. Returning result: {'calc': '300*5', 'qty': 1500.0, 'unit': 'SF', 'remove': None, 'replace': None, 'tax': None, 'op': None, 'total': '0.00', 'total_note': 'X3.BUILD'}

================================================================================
calc_line: 'W 3195.78SF SEE X3.BUILD'
has_tax: True, has_op: True
SEE pattern matched. Returning result: {'calc': '', 'qty': 3195.78, 'unit': 'SF', 'remove': None, 'replace': None, 'tax': None, 'op': None, 'total': '0.00', 'total_note': 'X3.BUILD'}

================================================================================
calc_line: 'W 3195.78SF SEE X3.BUILD'
has_tax: True, has_op: True
SEE pattern matched. Returning result: {'calc': '', 'qty': 3195.78, 'unit': 'SF', 'remove': None, 'replace': None, 'tax': None, 'op': None, 'total': '0.00', 'total_note': 'X3.BUILD'}

================================================================================
calc_line: '1 1.00EA [*E] 0.00+ 22,100.00 = 0.00 4,420.00 26,520.00'
has_tax: True, has_op: True

================================================================================
calc_line: '1 1.00EA [*E] 0.00+ 59,000.00 = 0.00 11,800.00 70,800.00'
has_tax: True, has_op: True

================================================================================
calc_line: '150 150.00SF 0.00+ 0.27 = 0.15 8.14 48.79'
has_tax: True, has_op: True

================================================================================
calc_line: '(13'10*21'3*2)-117 470.92SF 0.00+ 2.06 = 9.64 195.94 1,175.68'
has_tax: True, has_op: True

================================================================================
calc_line: '150 150.00SF 0.00+ 0.15 = 0.00 4.50 27.00'
has_tax: True, has_op: True

================================================================================
calc_line: '470.92 470.92SF 0.00+ 10.55 = 66.58 1,006.96 6,041.75'
has_tax: True, has_op: True

================================================================================
calc_line: '470.92 470.92SF 0.00+ 2.33 = 16.53 222.74 1,336.51'
has_tax: True, has_op: True

================================================================================
calc_line: '(357-(44.75+4'6))- 181.75SF 3.80+ 15.40 = 166.04 731.14 4,386.78'
has_tax: True, has_op: True

================================================================================
calc_line: '17*7 119.00SF 3.80+ 37.00 = 0.00 971.04 5,826.24'
has_tax: True, has_op: True

================================================================================
calc_line: '7'8*31'8 242.78SF 3.80+ 15.40 = 221.80 976.64 5,859.81'
has_tax: True, has_op: True

================================================================================
calc_line: '1 1.00EA [EN] 0.00+ 0.00 = 0.00 0.00 0.00'
has_tax: True, has_op: True

================================================================================
calc_line: '1156 1156.00SF 3.80+ 20.19 = 919.71 5,730.42 34,382.57'
has_tax: True, has_op: True

================================================================================
calc_line: '1156 1156.00SF 2.05+ 7.22 = 264.87 2,196.20 13,177.19'
has_tax: True, has_op: True

================================================================================
calc_line: '1156 1156.00SF 0.00+ 6.90 = 295.30 1,654.34 9,926.04'
has_tax: True, has_op: True

================================================================================
calc_line: '1156 1156.00SF 0.00+ 2.42 = 21.41 563.78 3,382.71'
has_tax: True, has_op: True

================================================================================
calc_line: '12 12.00HR 0.00+ 170.74 = 0.00 409.78 2,458.66'
has_tax: True, has_op: True

================================================================================
calc_line: '6 6.00EA 11.38+ 49.06 = 4.88 73.52 441.04'
has_tax: True, has_op: True

================================================================================
calc_line: '33.75 33.75SF 4.01+ 21.64 = 18.92 176.92 1,061.53'
has_tax: True, has_op: True

================================================================================
calc_line: '11*11+5*6+(4*4*3) 283.00SF SEE X3.BUILD'
has_tax: True, has_op: True
SEE pattern matched. Returning result: {'calc': '', 'qty': 283.0, 'unit': 'SF', 'remove': None, 'replace': None, 'tax': None, 'op': None, 'total': '0.00', 'total_note': 'X3.BUILD'}

================================================================================
calc_line: '283 283.00SF SEE X3.BUILD'
has_tax: True, has_op: True
SEE pattern matched. Returning result: {'calc': '283', 'qty': 283.0, 'unit': 'SF', 'remove': None, 'replace': None, 'tax': None, 'op': None, 'total': '0.00', 'total_note': 'X3.BUILD'}

================================================================================
calc_line: '283 283.00SF SEE X3.BUILD'
has_tax: True, has_op: True
SEE pattern matched. Returning result: {'calc': '283', 'qty': 283.0, 'unit': 'SF', 'remove': None, 'replace': None, 'tax': None, 'op': None, 'total': '0.00', 'total_note': 'X3.BUILD'}

================================================================================
calc_line: '24 24.00HR [*] SEE X3.BUILD'
has_tax: True, has_op: True

================================================================================
calc_line: '8+13'10+57'3+50'1 129.17LF SEE X3.BUILD'
has_tax: True, has_op: True
SEE pattern matched. Returning result: {'calc': '1', 'qty': 129.17, 'unit': 'LF', 'remove': None, 'replace': None, 'tax': None, 'op': None, 'total': '0.00', 'total_note': 'X3.BUILD'}

================================================================================
calc_line: '1 1.00EA [*EN] 0.00+ 22,000.00 = 0.00 0.00 22,000.00'
has_tax: True, has_op: True

================================================================================
calc_line: '1 1.00EA [*EN] 0.00+ 38,700.00 = 0.00 0.00 38,700.00'
has_tax: True, has_op: True

================================================================================
calc_line: '100 100.00LF SEE X3.BUILD'
has_tax: True, has_op: True
SEE pattern matched. Returning result: {'calc': '100', 'qty': 100.0, 'unit': 'LF', 'remove': None, 'replace': None, 'tax': None, 'op': None, 'total': '0.00', 'total_note': 'X3.BUILD'}

================================================================================
calc_line: '1 1.00EA [*EN] 0.00+ 32,800.00 = 0.00 0.00 32,800.00'
has_tax: True, has_op: True

================================================================================
calc_line: '1 1.00EA 0.00+ 5,500.00 = 219.86 1,143.98 6,863.84'
has_tax: True, has_op: True

================================================================================
calc_line: '1 1.00EA 0.00+ 18.17 = 0.12 3.66 21.95'
has_tax: True, has_op: True

================================================================================
calc_line: '1 1.00EA 0.00+ 12,407.18 = 1,121.25 2,705.70 16,234.13'
has_tax: True, has_op: True

================================================================================
calc_line: '1 1.00EA 0.00+ 1,500.00 = 0.00 300.00 1,800.00'
has_tax: True, has_op: True

================================================================================
calc_line: '54 54.00LF 0.00+ 38.72 = 1.53 418.48 2,510.89'
has_tax: True, has_op: True

================================================================================
calc_line: '2*8*2 32.00HR 0.00+ 134.34 = 0.00 859.78 5,158.66'
has_tax: True, has_op: True

================================================================================
calc_line: '54 54.00LF 0.00+ 4.24 = 0.21 45.84 275.01'
has_tax: True, has_op: True

================================================================================
calc_line: '54 54.00LF 0.00+ 15.73 = 20.64 174.00 1,044.06'
has_tax: True, has_op: True

================================================================================
calc_line: '46.33 46.33LF 0.00+ 0.85 = 0.00 7.88 47.26'
has_tax: True, has_op: True

================================================================================
calc_line: '46.33 46.33LF 0.00+ 1.87 = 0.99 17.52 105.15'
has_tax: True, has_op: True

================================================================================
calc_line: '23*2 46.00LF 0.00+ 38.72 = 1.30 356.48 2,138.90'
has_tax: True, has_op: True

================================================================================
calc_line: '46 46.00LF 0.00+ 4.24 = 0.18 39.04 234.26'
has_tax: True, has_op: True

================================================================================
calc_line: '46 46.00LF 0.00+ 15.73 = 17.58 148.24 889.40'
has_tax: True, has_op: True

================================================================================
calc_line: '(5*44)+(2*44) 308.00SF 0.00+ 2.06 = 6.31 128.16 768.95'
has_tax: True, has_op: True

================================================================================
calc_line: '308 308.00SF 0.00+ 10.55 = 43.54 658.58 3,951.52'
has_tax: True, has_op: True

================================================================================
calc_line: '308 308.00SF 0.00+ 2.33 = 10.81 145.68 874.13'
has_tax: True, has_op: True

================================================================================
calc_line: '7*6'8+7'9*4'6+16*5+11 216.54SF 0.00+ 2.06 = 4.43 90.10 540.60'
has_tax: True, has_op: True

================================================================================
calc_line: '216.54 216.54SF 0.00+ 10.55 = 30.61 463.02 2,778.13'
has_tax: True, has_op: True

================================================================================
calc_line: '216.54 216.54SF 0.00+ 2.33 = 7.60 102.42 614.56'
has_tax: True, has_op: True

================================================================================
calc_line: '23 23.00SF 0.00+ 2.06 = 0.47 9.58 57.43'
has_tax: True, has_op: True

================================================================================
calc_line: '23 23.00SF 0.00+ 10.55 = 3.25 49.20 295.10'
has_tax: True, has_op: True

================================================================================
calc_line: '23 23.00SF 0.00+ 2.33 = 0.81 10.88 65.28'
has_tax: True, has_op: True

================================================================================
calc_line: '14 14.00EA 21.14+ 272.28 = 217.01 864.98 5,189.87'
has_tax: True, has_op: True

================================================================================
calc_line: '1 1.00EA [*EN] 0.00+ 28,000.00 = 0.00 0.00 28,000.00'
has_tax: True, has_op: True

================================================================================
calc_line: '56+15 71.00LF 9.49+ 114.69 = 327.37 1,828.84 10,972.99'
has_tax: True, has_op: True

================================================================================
calc_line: '71*7 497.00SF 0.00+ 1.84 = 21.81 187.26 1,123.55'
has_tax: True, has_op: True

================================================================================
calc_line: '6 6.00HR 0.00+ 162.18 = 0.00 194.62 1,167.70'
has_tax: True, has_op: True

================================================================================
calc_line: '33*5.5+(10*5.5)/2 209.00SF 4.58+ 15.66 = 88.23 863.66 5,182.05'
has_tax: True, has_op: True

================================================================================
calc_line: '8*15 120.00EA 0.00+ 15.35 = 0.00 368.40 2,210.40'
has_tax: True, has_op: True

================================================================================
calc_line: '1 1.00EA 0.00+ 1,148.00 = 2.15 230.04 1,380.19'
has_tax: True, has_op: True

================================================================================
calc_line: '15 15.00EA 0.00+ 21.62 = 5.18 65.90 395.38'
has_tax: True, has_op: True

================================================================================
calc_line: '380 380.00SF 0.00+ 0.52 = 0.37 39.60 237.57'
has_tax: True, has_op: True

================================================================================
calc_line: '380 380.00SF 0.00+ 1.43 = 28.53 114.38 686.31'
has_tax: True, has_op: True

================================================================================
calc_line: '286 286.00SF 0.00+ 0.71 = 0.28 40.68 244.02'
has_tax: True, has_op: True

================================================================================
calc_line: '26*5.5*2 286.00SF 0.00+ 5.24 = 36.53 307.02 1,842.19'
has_tax: True, has_op: True

================================================================================
calc_line: '1 1.00EA SEE X3.BUILD'
has_tax: True, has_op: True
SEE pattern matched. Returning result: {'calc': '1', 'qty': 1.0, 'unit': 'EA', 'remove': None, 'replace': None, 'tax': None, 'op': None, 'total': '0.00', 'total_note': 'X3.BUILD'}

================================================================================
calc_line: '200 200.00HR [N] 0.00+ 65.00 = 0.00 0.00 13,000.00'
has_tax: True, has_op: True

================================================================================
calc_line: '10 10.00EA [N] 1,215.14+ 0.00 = 0.00 0.00 12,151.40'
has_tax: True, has_op: True

================================================================================
calc_line: '20 20.00EA [N] 0.00+ 413.88 = 354.90 0.00 8,632.50'
has_tax: True, has_op: True

================================================================================
calc_line: '15 15.00EA [N] 2,351.40+ 0.00 = 0.00 0.00 35,271.00'
has_tax: True, has_op: True

================================================================================
calc_line: '15 15.00EA [N] 0.00+ 676.45 = 548.44 0.00 10,695.19'
has_tax: True, has_op: True

================================================================================
calc_line: '200 200.00EA [N] 0.00+ 24.20 = 178.04 0.00 5,018.04'
has_tax: True, has_op: True

================================================================================
calc_line: '30 30.00EA [N] 0.00+ 130.35 = 169.65 0.00 4,080.15'
has_tax: True, has_op: True

================================================================================
calc_line: '50 50.00EA [N] 0.00+ 108.73 = 226.59 0.00 5,663.09'
has_tax: True, has_op: True

================================================================================
calc_line: '1000 1000.00SF [N] 0.00+ 0.13 = 0.98 0.00 130.98'
has_tax: True, has_op: True

================================================================================
calc_line: '1000 1000.00SF [N] 0.00+ 0.86 = 60.45 0.00 920.45'
has_tax: True, has_op: True

================================================================================
calc_line: '1 1.00EA 0.00+ 43.20 = 0.00 8.64 51.84'
has_tax: True, has_op: True
