=== TEXT BEING SEARCHED ===
1
Apex Public Adjusters, Inc.
550 N. Brand Blvd. Suite 950
Glendale CA 91203
866-379-9970 - www.ApexAdjusters.com
CA DOI Lic#2M66539
Insured: Kenneth Chen
Property: 1115 Lachman Ln
Pacific Palisades, CA 90272
Claim Rep.: Nick Cavalluzzi Business: (818) 388-1070
Position: Executive Adjuster E-mail: Nick@ApexAdjusters.com
Company: Apex Public Adjusters Inc.
Business: 550 N. Brand Blvd
Glendale, CA
Estimator: Jared Boergadine Business: (818) 720-9345
Position: Executive Adjuster E-mail: Jared@ApexAdjusters.com
Company: Apex Adjusters, Inc.
Business: 550 N. Brand Blvd. Suite 950
Glendale, CA 91203
Claim Number: 75-79J8-65X Policy Number: 75-C9-A181-5 Type of Loss: Fire
Coverage Deductible Policy Limit
Dwelling $0.00 $1,273,500.00
Dwelling - Debris Removal $0.00 $63,675.00
Dwelling - Code Upgrade $0.00 $127,350.00
Dwelling - Extened Limit $0.00 $254,700.00
Contents $0.00 $955,125.00
Trees, Plants & Shrubs $0.00 $63,675.00
Other Structures $3,000.00 $127,350.00
Date of Loss: 1/7/2025 12:00 AM Date Received:
Date Inspected: Date Entered: 3/29/2025 9:24 AM
Price List: CALA8X_APR25 Depreciate Material: Yes Depreciate O&P: No
Restoration/Service/Remodel Depreciate Non-material: Yes Depreciate Taxes: Yes
Estimate: 1115_LACHMAN_APEX_2 Depreciate Removal: No
=== END TEXT ===
Price list matched: Price List: CALA8X_APR25 Depreciate Material: Yes Depreciate O&P: No
Deprec line 2 matched: Restoration/Service/Remodel Depreciate Non-material: Yes Depreciate Taxes: Yes
Estimate matched: Estimate: 1115_LACHMAN_APEX_2 Depreciate Removal: No
