1
West Coast Contents
West Coast Contents
3299 NorthBlvd.
Burbank, CA. 91504
844-WCC-PACK
CAL-T0192673
Insured: Adrian Michaels
Property: 919 Chattanooga
Pacific Palisades, CA 90026
Estimator: David Tavitian Business: (818) 275-6236
Company: West Coast Contents E-mail: david@westcoastcontents.
com
Contractor: David Tavitian Business: (818) 277-6236
Company: West Coast Contents E-mail: david@westcoastcontents.
com
Business: 3299 North San Fernando Blvd.
Burbank, CA 91504
Claim Number: 55-79G0-34G Policy Number: 87-E3-W145-3 Type of Loss: Smoke
Coverage Deductible Policy Limit
Dwelling $0.00 $0.00
Other Structures $0.00 $0.00
Contents $0.00 $0.00
Date of Loss: Date Received:
Date Inspected: Date Entered: 2/26/2025 9:15 AM
Price List: CALA8X_MAR25 Depreciate Material: Yes Depreciate O&P: No
Restoration/Service/Remodel Depreciate Non-material: No Depreciate Taxes: No
Estimate: A-MICHAELS_CON_PACK Depreciate Removal: No
Content pack-out, storage and pack-back only.
2
West Coast Contents
West Coast Contents
3299 NorthBlvd.
Burbank, CA. 91504
844-WCC-PACK
CAL-T0192673
A-MICHAELS_CON_PACK
Pack-Out
Pack-Out
CAT SEL ACT DESCRIPTION
CALC QTY REMOVE REPLACE TAX TOTAL
All soft goods/contents such as cloths, towel, linens, mattresses, etc... will be considered non-salvageable goods and are excluded from this
estimate
1. CPS LAB + Inventory, Packing, Boxing, and Moving charge - per hour
5*8 40.00HR [*] 0.00+ 80.81 = 0.00 3,232.40
(5) Crew for 1 day, 8 hours per day.
2. CPS LABS + Contents Evaluation and/or Supervisor/Admin - per hour
8 8.00HR [*] 0.00+ 114.94 = 0.00 919.52
(1) Working Supervisor to coordinate all phases of the pack-out, storage.
Pack-out: (1) Supervisor for 1 day
3. WTR PPEM + Personal protective mask (N-95)
5 5.00EA 0.00+ 1.57 = 0.75 8.60
(1) Set of mask for (4) crew that includes (1) Working Supervisor for 1 days - Pack-out
4. WTR PPEG6 + Personal protective gloves - Disposable (per pair)
8 8.00EA 0.00+ 0.41 = 0.31 3.59
(2) Sets of gloves for (4) crew & (1) Supervisor
5. DMO PU - Haul debris - per pickup truck load - including dump fees
.25 0.25EA 211.75+ 0.00 = 0.00 52.94
For all debris generated during pack-out services.
6. CPS TR> + Moving van (21'-27') and equipment (per day)
2 2.00EA 0.00+ 210.45 = 0.00 420.90
(1) Truck for day for 2 days from the job site to the off-site storage site.
Total: Pack-Out 1.06 4,637.95
Cleaning
CAT SEL ACT DESCRIPTION
CALC QTY REMOVE REPLACE TAX TOTAL
7. CLN DODROZ + Deodorize building - Ozone treatment
6*1695 10170.00CF [*] 0.00+ 0.13 = 0.00 1,322.10
(7) loads @ 1695 Cubic Feet.
8. CPS LAB + Inventory, Packing, Boxing, and Moving charge - per hour
4*2*8 64.00HR 0.00+ 66.50 = 0.00 4,256.00
(4) Crew for 8 hours for 2 days. To clean all items from the customer's residence prior to re-packing.
9. CPS LAB + Inventory, Packing, Boxing, and Moving charge - per hour
4*2*2 16.00HR 0.00+ 66.50 = 0.00 1,064.00
A-MICHAELS_CON_PACK 8/25/2025 Page: 2
3
West Coast Contents
West Coast Contents
3299 NorthBlvd.
Burbank, CA. 91504
844-WCC-PACK
CAL-T0192673
CONTINUED - Cleaning
CAT SEL ACT DESCRIPTION
CALC QTY REMOVE REPLACE TAX TOTAL
(4) Crew for 2 hours for 2 days to repack contents for storage in vaults.
-----New Materials used to prevent Cross-Contamination after the cleaning process-----
10. CPS BWRAP + Bubble wrap - 24" wide - Add-on cost for fragile items
951 951.00LF 0.00+ 0.22 = 19.88 229.10
11. CPS BX + Provide box, packing paper & tape - medium size
13 13.00EA 0.00+ 3.87 = 4.78 55.09
12. CPS BX> + Provide box, packing paper & tape - large size
6 6.00EA 0.00+ 5.23 = 2.98 34.36
13. CPS BX< + Provide box, packing paper & tape - small size
19 19.00EA 0.00+ 2.93 = 5.29 60.96
14. CPS BXMIR + Provide mirror/picture box, packing paper & tape
4 4.00EA 0.00+ 10.08 = 3.83 44.15
15. CPS BXPF + Provide picture-frame box, packing paper & tape
5 5.00EA 0.00+ 6.76 = 3.21 37.01
16. CPS BXPF< + Provide picture-frame box, packing paper & tape - Small
2 2.00EA 0.00+ 3.79 = 0.72 8.30
17. CPS BXTV + Provide TV box, packing paper & tape
2 2.00EA 0.00+ 27.34 = 5.19 59.87
18. CPS PAD + Provide furniture lightweight blanket/pad
57 57.00EA 0.00+ 9.07 = 49.11 566.10
19. CPS WRAP + Provide stretch film/wrap - 20" x 1000' roll
4.5 4.50RL 0.00+ 29.83 = 12.75 146.99
Totals: Cleaning 107.74 7,884.03
Main Level
A-MICHAELS_CON_PACK 8/25/2025 Page: 3
4
West Coast Contents
West Coast Contents
3299 NorthBlvd.
Burbank, CA. 91504
844-WCC-PACK
CAL-T0192673
HHaallllwwaayy CClloosseett ((11))
FFiirree PPllaaccee ((BB11)) EEnnttrraannccee
A-MICHAELS_CON_PACK 8/25/2025 Page: 4
"3
'1 "7 '2 7' 8" 3' 2" 6' 7"
2' 9"
"4
"4'3"6
Entrance Height: 8'
239.78 SF Walls 72.85 SF Ceiling
312.62 SF Walls & Ceiling 72.85 SF Floor
9' 7" 5" 7' 2" 8.09 SY Flooring 28.58 LF Floor Perimeter
36.92 LF Ceil. Perimeter
Missing Wall 2' 6 1/2" X 8' Opens into LIVING_ROOM
Missing Wall 7' 7 1/2" X 8' Opens into LIVING_ROOM
Missing Wall - Goes to Floor 2' 8" X 6' 8" Opens into KITCHEN
Door 3' X 6' 8" Opens into Exterior
Door 2' 8" X 6' 8" Opens into HALLWAY_TO_2
CAT SEL ACT DESCRIPTION
CALC QTY REMOVE REPLACE TAX TOTAL
-------No contents in this room------
Totals: Entrance 0.00 0.00
CClloosseett 44 ((22)) 6' 10"2' 6HH"LLVViinnAAee2CCnn' 6CC"lloosseett HHaallllwwaayy7 'tt oo3 "BBeeddrroooommss HHaallllwwaayy CClloosseett ((11))
FFiirree PPllaaccee ((BB11)) EEnnttrraannccee
"5 '1 2' 8" 10' 2' 8"
1' 7" 8" 9' 7" 5"
"6 '2
Hallway to Bedrooms Height: 7' 4"
244.04 SF Walls 80.44 SF Ceiling
324.48 SF Walls & Ceiling 80.44 SF Floor 8.94 SY Flooring 33.42 LF Floor Perimeter
50.75 LF Ceil. Perimeter
Door 2' 6" X 7' Opens into LINEN_CLOSET
Door 2' 2" X 5' 5" Opens into HVAC2
Door 2' 6" X 6' 8" Opens into BEDROOM_2
Door 2' X 6' 8" Opens into BATHROOM_1
Door 2' 6" X 6' 8" Opens into MASTER_BEDRO
Door 2' 8" X 6' 8" Opens into Exterior
Door 2' 8" X 6' 8" Opens into ENTRANCE
Door 2' 6" X 6' 8" Opens into BEDROOM_3
5
West Coast Contents
West Coast Contents
3299 NorthBlvd.
Burbank, CA. 91504
844-WCC-PACK
CAL-T0192673
HHaallllwwaayy CClloosseett ((11))
A-MICHAELS_CON_PACK 8/25/2025 Page: 5
"1
'1
6' 6"
"3 '1 "3
'1
Subroom: Hallway Closet (1) Height: 7' 4"
3.06 SF Walls 0.42 LF Floor Perimeter
6' 1"
3.06 SF Walls & Ceiling
0.42 LF Ceil. Perimeter
Missing Wall 6' 1" X 7' 4" Opens into HALLWAY_TO_2
CAT SEL ACT DESCRIPTION
CALC QTY REMOVE REPLACE TAX TOTAL
-------No contents in this room------
Totals: Hallway to Bedrooms 0.00 0.00
11' 3"
10' 7"
CClloosseett CC22ll oo ((ss11ee))tt 11 ((11))
BBeeddrroooomm 11
HHVVAALLCCiinneenn CClloosseett
HHaallllwwaayy ttoo BBeeddrroooommss
EEnnttrraannccee
"01
"4
'7
"6
'1"6
'2 10'
7' 2" 3' 1"
"11
'2
"6 '2
"4
'3
'8
"11 '2
Bedroom 1 Height: 8'
287.33 SF Walls 138.29 SF Ceiling
425.63 SF Walls & Ceiling 138.29 SF Floor
15.37 SY Flooring 38.33 LF Floor Perimeter
47.83 LF Ceil. Perimeter
Door 2' 6" X 6' 8" Opens into HALLWAY_TO_2
Window 8' X 4' Opens into Exterior
2' 8"
2' 3"
CClloosseett 22 ((11))
CClloosseett 11 ((11))
HHVVAACC
LLiinneenn CClloosseett
"6
'7
"01
"6
'8
2' 6"
"4
'7
"3
'1
Subroom: Closet 1 (1) Height: 8'
125.33 SF Walls 19.13 SF Ceiling
144.46 SF Walls & Ceiling 19.13 SF Floor
2.13 SY Flooring 14.50 LF Floor Perimeter
21.50 LF Ceil. Perimeter
Door 7' X 6' 8" Opens into BEDROOM_3
CAT SEL ACT DESCRIPTION
CALC QTY REMOVE REPLACE TAX TOTAL
6
West Coast Contents
West Coast Contents
3299 NorthBlvd.
Burbank, CA. 91504
844-WCC-PACK
CAL-T0192673
CONTINUED - Bedroom 1
CAT SEL ACT DESCRIPTION
CALC QTY REMOVE REPLACE TAX TOTAL
20. CPS PAD + Provide furniture lightweight blanket/pad
4 4.00EA 0.00+ 9.07 = 3.45 39.73
21. CPS WRAP + Provide stretch film/wrap - 20" x 1000' roll
.25 0.25RL 0.00+ 29.83 = 0.71 8.17
22. CPS BWRAP + Bubble wrap - 24" wide - Add-on cost for fragile items
100 100.00LF 0.00+ 0.22 = 2.09 24.09
23. CPS BX + Provide box, packing paper & tape - medium size
4 4.00EA 0.00+ 3.87 = 1.47 16.95
24. CPS BXPF + Provide picture-frame box, packing paper & tape
3 3.00EA 0.00+ 6.76 = 1.93 22.21
Totals: Bedroom 1 9.65 111.15
CClloosseett 22 ((11))
BBaatthhrroooomm 11 CClloosseett 11 ((11)) BBeeddrroooomm 22
HHVVAACC LLiinneenn CClloosseett
HHaallllwwaayy ttoo BBeeddrroooommss
A-MICHAELS_CON_PACK 8/25/2025 Page: 6
"3
'2
"9
"9
'4
"1
'2"01
'1 6' 10" 2' 6"4"
7' 3" 7"
"6
'8
"3
'1
"9
'9
3' 7" 4' 2' 7" Bedroom 2 Height: 8'
3' 4" 2' 4"
246.69 SF Walls 94.47 SF Ceiling
341.16 SF Walls & Ceiling 94.47 SF Floor
10.50 SY Flooring 31.63 LF Floor Perimeter
38.88 LF Ceil. Perimeter
Door 2' 6" X 6' 8" Opens into HALLWAY_TO_2
Window 4' X 4' Opens into Exterior
3'
2' 7"
CClloosseett 22 ((11))
CClloosseett 11 ((11))
BBeeddrroooomm 22
HHVVAACC
"3
'2
"9
'4
"1
'2
"6
'7
"9
'7
Subroom: Closet 2 (1) Height: 8'
130.27 SF Walls 19.66 SF Ceiling
149.92 SF Walls & Ceiling 19.66 SF Floor
2.18 SY Flooring 15.49 LF Floor Perimeter
20.24 LF Ceil. Perimeter
Door 4' 9" X 6' 8" Opens into BEDROOM_2
CAT SEL ACT DESCRIPTION
CALC QTY REMOVE REPLACE TAX TOTAL
7
West Coast Contents
West Coast Contents
3299 NorthBlvd.
Burbank, CA. 91504
844-WCC-PACK
CAL-T0192673
CONTINUED - Bedroom 2
CAT SEL ACT DESCRIPTION
CALC QTY REMOVE REPLACE TAX TOTAL
25. CPS PAD + Provide furniture lightweight blanket/pad
5 5.00EA 0.00+ 9.07 = 4.31 49.66
26. CPS WRAP + Provide stretch film/wrap - 20" x 1000' roll
.25 0.25RL 0.00+ 29.83 = 0.71 8.17
27. CPS BWRAP + Bubble wrap - 24" wide - Add-on cost for fragile items
100 100.00LF 0.00+ 0.22 = 2.09 24.09
28. CPS BX + Provide box, packing paper & tape - medium size
4 4.00EA 0.00+ 3.87 = 1.47 16.95
29. CPS BXPF + Provide picture-frame box, packing paper & tape
1 1.00EA 0.00+ 6.76 = 0.64 7.40
Totals: Bedroom 2 9.22 106.27
1' 10" 3' 7" 2' 8"
1' 7" 2' 5"
BBaatthhrroooomm 11
MMaasstteerr BBaatthh
A-MICHAELS_CON_PACK 8/25/2025 Page: 7
"9
'8
"6
'8
Bathroom 1 Height: 7' 4"
153.98 SF Walls 64.66 SF Ceiling
218.64 SF Walls & Ceiling 47.73 SF Floor
5.30 SY Flooring 21.69 LF Floor Perimeter
32.21 LF Ceil. Perimeter
2' 3" 2' 3' 5"
Window 3' 7" X 2' 7" Opens into Exterior
Door 2' X 6' 8" Opens into HALLWAY_TO_2
CAT SEL ACT DESCRIPTION
CALC QTY REMOVE REPLACE TAX TOTAL
30. CPS PAD + Provide furniture lightweight blanket/pad
4 4.00EA 0.00+ 9.07 = 3.45 39.73
31. CPS BWRAP + Bubble wrap - 24" wide - Add-on cost for fragile items
100 100.00LF 0.00+ 0.22 = 2.09 24.09
32. CPS WRAP + Provide stretch film/wrap - 20" x 1000' roll
.25 0.25RL 0.00+ 29.83 = 0.71 8.17
33. CPS BX< + Provide box, packing paper & tape - small size
2 2.00EA 0.00+ 2.93 = 0.56 6.42
34. CPS BX + Provide box, packing paper & tape - medium size
1 1.00EA 0.00+ 3.87 = 0.37 4.24
8
West Coast Contents
West Coast Contents
3299 NorthBlvd.
Burbank, CA. 91504
844-WCC-PACK
CAL-T0192673
CONTINUED - Bathroom 1
CAT SEL ACT DESCRIPTION
CALC QTY REMOVE REPLACE TAX TOTAL
35. CPS BXMIR + Provide mirror/picture box, packing paper & tape
1 1.00EA 0.00+ 10.08 = 0.96 11.04
Totals: Bathroom 1 8.14 93.69
CClloosseett 33 ((11))
MMaasstteerr BBaatthh
CClloosseett 44 ((22))
A-MICHAELS_CON_PACK 8/25/2025 Page: 8
"8
'9
"6
'8
'1 3' 7" 2'4"
3' 9"
"11
'5
"4
'3
1' 4" 3' 7" 1' 5" Master Bath Height: 8'
1' 1" 1' 2"
175.83 SF Walls 56.39 SF Ceiling
232.22 SF Walls & Ceiling 43.87 SF Floor
4.87 SY Flooring 21.92 LF Floor Perimeter
31.00 LF Ceil. Perimeter
Door 2' X 6' 8" Opens into MASTER_BEDRO
Window 3' 7" X 2' 7" Opens into Exterior
CAT SEL ACT DESCRIPTION
CALC QTY REMOVE REPLACE TAX TOTAL
36. CPS PAD + Provide furniture lightweight blanket/pad
6 6.00EA 0.00+ 9.07 = 5.17 59.59
37. CPS BWRAP + Bubble wrap - 24" wide - Add-on cost for fragile items
100 100.00LF 0.00+ 0.22 = 2.09 24.09
38. CPS WRAP + Provide stretch film/wrap - 20" x 1000' roll
.25 0.25RL 0.00+ 29.83 = 0.71 8.17
39. CPS BX< + Provide box, packing paper & tape - small size
2 2.00EA 0.00+ 2.93 = 0.56 6.42
40. CPS BX + Provide box, packing paper & tape - medium size
1 1.00EA 0.00+ 3.87 = 0.37 4.24
41. CPS BXMIR + Provide mirror/picture box, packing paper & tape
1 1.00EA 0.00+ 10.08 = 0.96 11.04
Totals: Master Bath 9.86 113.55
9
West Coast Contents
West Coast Contents
3299 NorthBlvd.
Burbank, CA. 91504
844-WCC-PACK
CAL-T0192673
CClloosseett 33 ((11))
MMaasstteerr BBaatthhBBaatthhrroooomm 11 MMaasstteerr BBeeddrroooomm
CClloosseett 44 ((22))
HHaallllwwaayy CClloosseett ((11))
FFiirree PPllaaccee ((BB11))
A-MICHAELS_CON_PACK 8/25/2025 Page: 9
"2 '41 "4 '31
7' 6" 15' 4"
1' 4" 5' 5' 9' 2"
1' 9" 9' 4"
7' 11" 15' 6"
"5 "6
'2
3' 7" 2'
"5
"7
'5
"3
Master Bedroom Height: 8'
13' 8"
13'
436.44 SF Walls 201.23 SF Ceiling
637.67 SF Walls & Ceiling 201.23 SF Floor
22.36 SY Flooring 57.50 LF Floor Perimeter
69.83 LF Ceil. Perimeter
Window 5' X 4' Opens into Exterior
Window 5' X 4' Opens into Exterior
Door 2' 6" X 6' 8" Opens into HALLWAY_TO_2
Door 2' X 6' 8" Opens into MASTER_BATH
2' 4"
1' 11"
CClloosseett 33 ((11))
MMaasstteerr BBaatthh
MMaasstteerr BBeeddrroooomm
"7
'5
"5
"11
'5
"2
'6
Subroom: Closet 3 (1) Height: 8'
92.00 SF Walls 11.34 SF Ceiling
103.34 SF Walls & Ceiling 11.34 SF Floor
1.26 SY Flooring 10.67 LF Floor Perimeter
15.67 LF Ceil. Perimeter
Door 5' X 6' 8" Opens into MASTER_BEDRO
1' 11"
CClloosseett 44 ((22))
"5
"9
"3
"01
'2
"4
2' 7"
"4
'3
"7
'3
Subroom: Closet 4 (2) Height: 8'
65.11 SF Walls 6.39 SF Ceiling
71.50 SF Walls & Ceiling 6.39 SF Floor
0.71 SY Flooring 7.67 LF Floor Perimeter
10.50 LF Ceil. Perimeter
Door 2' 10" X 6' 8" Opens into MASTER_BEDRO
CAT SEL ACT DESCRIPTION
CALC QTY REMOVE REPLACE TAX TOTAL
42. CPS PAD + Provide furniture lightweight blanket/pad
12 12.00EA 0.00+ 9.07 = 10.34 119.18
43. CPS WRAP + Provide stretch film/wrap - 20" x 1000' roll
.5 0.50RL 0.00+ 29.83 = 1.42 16.34
44. CPS BX> + Provide box, packing paper & tape - large size
2 2.00EA 0.00+ 5.23 = 0.99 11.45
45. CPS BX + Provide box, packing paper & tape - medium size
3 3.00EA 0.00+ 3.87 = 1.10 12.71
10
West Coast Contents
West Coast Contents
3299 NorthBlvd.
Burbank, CA. 91504
844-WCC-PACK
CAL-T0192673
CONTINUED - Master Bedroom
CAT SEL ACT DESCRIPTION
CALC QTY REMOVE REPLACE TAX TOTAL
46. CPS BWRAP + Bubble wrap - 24" wide - Add-on cost for fragile items
200 200.00LF 0.00+ 0.22 = 4.18 48.18
47. CPS BXMIR + Provide mirror/picture box, packing paper & tape
2 2.00EA 0.00+ 10.08 = 1.92 22.08
48. CPS BXPF + Provide picture-frame box, packing paper & tape
1 1.00EA 0.00+ 6.76 = 0.64 7.40
49. CPS BXPF< + Provide picture-frame box, packing paper & tape - Small
2 2.00EA 0.00+ 3.79 = 0.72 8.30
Totals: Master Bedroom 21.31 245.64
HHaallllwwaayy CClloosseett ((11))
FFiirree PPllaaccee ((BB11)) EEnnttrraannccee
LLiivviinngg RRoooomm
DDiinniinngg RRoooomm
A-MICHAELS_CON_PACK 8/25/2025 Page: 10
"7
'81
"8 '6
"8
'01
"1 '4
"6
'01
"4
'2
'5
"8 '3
"2
'31
"3 '6
"5
'81
"7
'11 6' 2"
4' 2"
"8 '9
4' 1"
"7
'21
"9
'11
6' 1" Living Room Height: 8'
6' 6" 7' 8"
248.51 SF Walls 260.75 SF Ceiling
509.26 SF Walls & Ceiling 260.75 SF Floor
28.97 SY Flooring 32.45 LF Floor Perimeter
42.12 LF Ceil. Perimeter
Window - Goes to Floor 2' 4" X 6' 8" Opens into Exterior
Door 5' X 6' 8" Opens into Exterior
Window - Goes to Floor 2' 4" X 6' 8" Opens into Exterior
Window 6' X 4' Opens into Exterior
Missing Wall 9' 7 1/2" X 8' Opens into DINING_ROOM
Missing Wall 4' 1/2" X 8' Opens into DINING_ROOM
Missing Wall 7' 7 1/2" X 8' Opens into ENTRANCE
Missing Wall 2' 6 1/2" X 8' Opens into ENTRANCE
CAT SEL ACT DESCRIPTION
CALC QTY REMOVE REPLACE TAX TOTAL
50. CPS PAD + Provide furniture lightweight blanket/pad
15 15.00EA 0.00+ 9.07 = 12.92 148.97
51. CPS WRAP + Provide stretch film/wrap - 20" x 1000' roll
1 1.00RL 0.00+ 29.83 = 2.83 32.66
11
West Coast Contents
West Coast Contents
3299 NorthBlvd.
Burbank, CA. 91504
844-WCC-PACK
CAL-T0192673
CONTINUED - Living Room
CAT SEL ACT DESCRIPTION
CALC QTY REMOVE REPLACE TAX TOTAL
52. CPS BWRAP + Bubble wrap - 24" wide - Add-on cost for fragile items
200 200.00LF 0.00+ 0.22 = 4.18 48.18
53. CPS BX> + Provide box, packing paper & tape - large size
4 4.00EA 0.00+ 5.23 = 1.99 22.91
54. CPS BXTV + Provide TV box, packing paper & tape
2 2.00EA 0.00+ 27.34 = 5.19 59.87
Totals: Living Room 27.11 312.59
LLiivviinngg RRoooomm
DDiinniinngg RRoooomm
1' 7" 6' 5' 1" 8"2' 8"
4' 11" 6" 10"
A-MICHAELS_CON_PACK 8/25/2025 Page: 11
'9 "5
'9
9' 2" "6
2' 9"
4' 1" 3' 2"
"8 '9
Dining Room Height: 8'
186.24 SF Walls 150.84 SF Ceiling
337.08 SF Walls & Ceiling 150.84 SF Floor
16.76 SY Flooring 25.84 LF Floor Perimeter
28.50 LF Ceil. Perimeter
Window 6' X 4' Opens into Exterior
Door 2' 8" X 6' 8" Opens into GARAGE
Missing Wall 9' 1 15/16" X 8' Opens into KITCHEN
Missing Wall 5 1/2" X 8' Opens into KITCHEN
Missing Wall 4' 1/2" X 8' Opens into LIVING_ROOM
Missing Wall 9' 7 1/2" X 8' Opens into LIVING_ROOM
CAT SEL ACT DESCRIPTION
CALC QTY REMOVE REPLACE TAX TOTAL
55. CPS PAD + Provide furniture lightweight blanket/pad
5 5.00EA 0.00+ 9.07 = 4.31 49.66
56. CPS BWRAP + Bubble wrap - 24" wide - Add-on cost for fragile items
150 150.00LF 0.00+ 0.22 = 3.14 36.14
57. CPS WRAP + Provide stretch film/wrap - 20" x 1000' roll
.25 0.25RL 0.00+ 29.83 = 0.71 8.17
58. CPS BX> + Provide box, packing paper & tape - large size
4 4.00EA 0.00+ 5.23 = 1.99 22.91
12
West Coast Contents
West Coast Contents
3299 NorthBlvd.
Burbank, CA. 91504
844-WCC-PACK
CAL-T0192673
CONTINUED - Dining Room
CAT SEL ACT DESCRIPTION
CALC QTY REMOVE REPLACE TAX TOTAL
Totals: Dining Room 10.15 116.88
KKiittcchheenn
2' 9"
3' 2"
A-MICHAELS_CON_PACK 8/25/2025 Page: 12
"6 9' 2"
"1
'3
"6
"1
'5
"3
'3
'4
"4
"11
'4
2' 8" 6' 7"
"7
'21
"9
'11
Kitchen Height: 8'
124.37 SF Walls 148.04 SF Ceiling
272.41 SF Walls & Ceiling 109.90 SF Floor
12.21 SY Flooring 11.00 LF Floor Perimeter
39.04 LF Ceil. Perimeter
Missing Wall 5 1/2" X 8' Opens into DINING_ROOM
Missing Wall 9' 1 15/16" X 8' Opens into DINING_ROOM
Window 4' X 3' Opens into Exterior
Missing Wall - Goes to Floor 2' 8" X 6' 8" Opens into ENTRANCE
CAT SEL ACT DESCRIPTION
CALC QTY REMOVE REPLACE TAX TOTAL
59. CPS WRAP + Provide stretch film/wrap - 20" x 1000' roll
.5 0.50RL 0.00+ 29.83 = 1.42 16.34
60. CPS BWRAP + Bubble wrap - 24" wide - Add-on cost for fragile items
1 1.00LF 0.00+ 0.22 = 0.02 0.24
61. CPS BX< + Provide box, packing paper & tape - small size
15 15.00EA 0.00+ 2.93 = 4.18 48.13
Totals: Kitchen 5.62 64.71
13
West Coast Contents
West Coast Contents
3299 NorthBlvd.
Burbank, CA. 91504
844-WCC-PACK
CAL-T0192673
KKiittcchheenn
SSttoorraaggee CClloosseett ((11))
DDiinniinngg RRoooomm GGaarraaggee
SSttoorraaggee AArreeaa//RRoooomm
6' 3" 6' 2' 9"
6' 8" 2' 11"
A-MICHAELS_CON_PACK 8/25/2025 Page: 13
"9 '2
"4 '9
"1 '2
"2 '9
"8
'2
8' 1" 7' 8"
"1
'5
"9
'5
2' 10" 15' 6" 1' 3"
"1 '41 "3 '41
2' 8"
10"
"6
'3
"8
'2
Garage Height: 8'
509.88 SF Walls 291.07 SF Ceiling
800.94 SF Walls & Ceiling 291.07 SF Floor
32.34 SY Flooring 63.50 LF Floor Perimeter
87.00 LF Ceil. Perimeter
Window 6' X 2' Opens into Exterior
Door 2' 8" X 6' 8" Opens into STORAGE_ARE2
Door 15' 6" X 7' Opens into Exterior
Door 2' 8" X 6' 8" Opens into DINING_ROOM
Door 2' 8" X 6' 8" Opens into Exterior
CAT SEL ACT DESCRIPTION
CALC QTY REMOVE REPLACE TAX TOTAL
62. CPS PAD + Provide furniture lightweight blanket/pad
4 4.00EA 0.00+ 9.07 = 3.45 39.73
63. CPS WRAP + Provide stretch film/wrap - 20" x 1000' roll
1 1.00RL 0.00+ 29.83 = 2.83 32.66
Totals: Garage 6.28 72.39
SSttoorraaggee CClloosseett ((11))
GGaarraaggee
SSttoorraaggee AArreeaa//RRoooomm
6' 10"
1' 1" 1' 3"
"6
'21
"2
'31
11" 5' 8" 1' 2"
"4
'9
"2
'9
"8
'2
Storage Area/Room Height: 8'
237.11 SF Walls 95.83 SF Ceiling
332.94 SF Walls & Ceiling 95.83 SF Floor
10.65 SY Flooring 32.00 LF Floor Perimeter
40.33 LF Ceil. Perimeter
Window 6' X 5' Opens into Exterior
Door 2' 8" X 6' 8" Opens into GARAGE
14
West Coast Contents
West Coast Contents
3299 NorthBlvd.
Burbank, CA. 91504
844-WCC-PACK
CAL-T0192673
SSttoorraaggee CClloosseett ((11)) 11" 5' 8"
A-MICHAELS_CON_PACK 8/25/2025 Page: 14
"1
'2
"6
'2
8' 1"
7' 8" "9
'2
Subroom: Storage Closet (1) Height: 8'
118.22 SF Walls 15.97 SF Ceiling
134.19 SF Walls & Ceiling 15.97 SF Floor
1.77 SY Flooring 13.83 LF Floor Perimeter
19.50 LF Ceil. Perimeter
Door 5' 8" X 6' 8" Opens into STORAGE_ARE2
CAT SEL ACT DESCRIPTION
CALC QTY REMOVE REPLACE TAX TOTAL
64. CPS PAD + Provide furniture lightweight blanket/pad
2 2.00EA 0.00+ 9.07 = 1.72 19.86
65. CPS WRAP + Provide stretch film/wrap - 20" x 1000' roll
.25 0.25RL 0.00+ 29.83 = 0.71 8.17
Totals: Storage Area/Room 2.43 28.03
2' 3" 7"
HHVVAACC
LLiinn2ee'nn 1 CC0lloo"sseett
"1
'1 2" 2"
5"
"6
'1
Linen Closet Height: 8'
41.17 SF Walls 2.36 SF Ceiling
43.53 SF Walls & Ceiling 2.36 SF Floor
0.26 SY Flooring 4.83 LF Floor Perimeter
7.33 LF Ceil. Perimeter
Door 2' 6" X 7' Opens into HALLWAY_TO_2
CAT SEL ACT DESCRIPTION
CALC QTY REMOVE REPLACE TAX TOTAL
-------No contents in this room------
Totals: Linen Closet 0.00 0.00
15
West Coast Contents
West Coast Contents
3299 NorthBlvd.
Burbank, CA. 91504
844-WCC-PACK
CAL-T0192673
HHVVAACC
LLiinneenn CClloosseett
A-MICHAELS_CON_PACK 8/25/2025 Page: 15
"01
"01
3" 2' 2" 3"
5" 5"
"1
'2
2' 7" HVAC Height: 8'
59.53 SF Walls 4.80 SF Ceiling
64.34 SF Walls & Ceiling 4.80 SF Floor
0.53 SY Flooring 8.91 LF Floor Perimeter
8.91 LF Ceil. Perimeter
Door 2' 2" X 5' 5" Opens into HALLWAY_TO_2
CAT SEL ACT DESCRIPTION
CALC QTY REMOVE REPLACE TAX TOTAL
-------No contents in this room------
Totals: HVAC 0.00 0.00
Total: Main Level 109.77 1,264.90
Total: Pack-Out 218.57 13,786.88
Storage Area/Room
CAT SEL ACT DESCRIPTION
CALC QTY REMOVE REPLACE TAX TOTAL
66. CPS LAB + Inventory, Packing, Boxing, and Moving charge - per hour
6*2 12.00HR [*] 0.00+ 89.92 = 0.00 1,079.04
(6) Crew for 2 hours to unload contents from the truck and place into climate controlled vaults .
67. CPS STORV + Off-site storage vault (per month)
6*4 24.00MO[*] 0.00+ 250.00 = 0.00 6,000.00
(4) Vaults for 4 months
68. CPS LAB + Inventory, Packing, Boxing, and Moving charge - per hour
6*2 12.00HR [*] 0.00+ 89.92 = 0.00 1,079.04
(6) Crew for 2 hours to unload contents from the vaults and place onto the truck for transport back to the customer's residence.
Totals: Storage Area/Room 0.00 8,158.08
Pack-Back
16
West Coast Contents
West Coast Contents
3299 NorthBlvd.
Burbank, CA. 91504
844-WCC-PACK
CAL-T0192673
CAT SEL ACT DESCRIPTION
CALC QTY REMOVE REPLACE TAX TOTAL
69. DMO MASKSFP - Floor protection - heavy paper and tape
600 600.00SF 0.45+ 0.00 = 3.99 273.99
70. CPS LAB + Inventory, Packing, Boxing, and Moving charge - per hour
6*8 48.00HR [*] 0.00+ 89.92 = 0.00 4,316.16
(6) Crew for 1 day to unload contents from the truck and place back into the customer's residence
71. WTR PPEG6 + Personal protective gloves - Disposable (per pair)
2*5 10.00EA 0.00+ 0.41 = 0.39 4.49
(2) Sets of gloves for (5) Crew for a day.
72. DMO PU - Haul debris - per pickup truck load - including dump fees
.25 0.25EA 211.75+ 0.00 = 0.00 52.94
For all debris generated during pack-back services.
Totals: Pack-Back 4.38 4,647.58
Line Item Totals: A-MICHAELS_CON_PACK 222.95 26,592.54
Grand Total Areas:
3,724.89 SF Walls 1,734.50 SF Ceiling 5,459.39 SF Walls and Ceiling
1,666.93 SF Floor 185.21 SY Flooring 474.18 LF Floor Perimeter
0.00 SF Long Wall 0.00 SF Short Wall 648.49 LF Ceil. Perimeter
1,666.93 Floor Area 1,960.10 Total Area 3,724.89 Interior Wall Area
1,778.19 Exterior Wall Area 247.17 Exterior Perimeter of
Walls
0.00 Surface Area 0.00 Number of Squares 0.00 Total Perimeter Length
0.00 Total Ridge Length 0.00 Total Hip Length
Coverage Item Total % ACV Total %
Dwelling 0.00 0.00% 0.00 0.00%
Other Structures 0.00 0.00% 0.00 0.00%
Contents 26,592.54 100.00% 26,592.54 100.00%
Total 26,592.54 100.00% 26,592.54 100.00%
A-MICHAELS_CON_PACK 8/25/2025 Page: 16
17
West Coast Contents
West Coast Contents
3299 NorthBlvd.
Burbank, CA. 91504
844-WCC-PACK
CAL-T0192673
Summary for Contents
Line Item Total 26,369.59
Material Sales Tax 222.95
Replacement Cost Value $26,592.54
Net Claim $26,592.54
David Tavitian
A-MICHAELS_CON_PACK 8/25/2025 Page: 17
18
West Coast Contents
West Coast Contents
3299 NorthBlvd.
Burbank, CA. 91504
844-WCC-PACK
CAL-T0192673
Recap by Room
Estimate: A-MICHAELS_CON_PACK
Area: Pack-Out 4,636.89 17.58%
Coverage: Contents 100.00% = 4,636.89
Cleaning 7,776.29 29.49%
Coverage: Contents 100.00% = 7,776.29
Area: Main Level
Bedroom 1 101.50 0.38%
Coverage: Contents 100.00% = 101.50
Bedroom 2 97.05 0.37%
Coverage: Contents 100.00% = 97.05
Bathroom 1 85.55 0.32%
Coverage: Contents 100.00% = 85.55
Master Bath 103.69 0.39%
Coverage: Contents 100.00% = 103.69
Master Bedroom 224.33 0.85%
Coverage: Contents 100.00% = 224.33
Living Room 285.48 1.08%
Coverage: Contents 100.00% = 285.48
Dining Room 106.73 0.40%
Coverage: Contents 100.00% = 106.73
Kitchen 59.09 0.22%
Coverage: Contents 100.00% = 59.09
Garage 66.11 0.25%
Coverage: Contents 100.00% = 66.11
Storage Area/Room 25.60 0.10%
Coverage: Contents 100.00% = 25.60
Area Subtotal: Main Level 1,155.13 4.38%
Coverage: Contents 100.00% = 1,155.13
Area Subtotal: Pack-Out 13,568.31 51.45%
Coverage: Contents 100.00% = 13,568.31
Storage Area/Room 8,158.08 30.94%
Coverage: Contents 100.00% = 8,158.08
Pack-Back 4,643.20 17.61%
Coverage: Contents 100.00% = 4,643.20
Subtotal of Areas 26,369.59 100.00%
Coverage: Contents 100.00% = 26,369.59
A-MICHAELS_CON_PACK 8/25/2025 Page: 18
19
West Coast Contents
West Coast Contents
3299 NorthBlvd.
Burbank, CA. 91504
844-WCC-PACK
CAL-T0192673
Total 26,369.59 100.00%
A-MICHAELS_CON_PACK 8/25/2025 Page: 19
20
West Coast Contents
West Coast Contents
3299 NorthBlvd.
Burbank, CA. 91504
844-WCC-PACK
CAL-T0192673
Recap by Category
Items Total %
CLEANING 1,322.10 4.97%
Coverage: Contents @ 100.00% = 1,322.10
CONT: PACKING,HANDLNG,STORAGE 24,656.38 92.72%
Coverage: Contents @ 100.00% = 24,656.38
GENERAL DEMOLITION 375.88 1.41%
Coverage: Contents @ 100.00% = 375.88
WATER EXTRACTION & REMEDIATION 15.23 0.06%
Coverage: Contents @ 100.00% = 15.23
Subtotal 26,369.59 99.16%
Material Sales Tax 222.95 0.84%
Coverage: Contents @ 100.00% = 222.95
Total 26,592.54 100.00%
A-MICHAELS_CON_PACK 8/25/2025 Page: 20
21
Main Level
CClloosseett 33 ((11))
CClloosseett 22 ((11)) BBaatthhrroooomm 11 CClloosseett 11 ((11)) MMaasstteerr BBaatthh BBeeddrroooomm 22
MMaasstteerr BBeeddrroooomm BBeeddrroooomm 11
CClloosseett 44 ((22)) HHVVAACC LLiinneenn CClloosseett
HHaallllwwaayy ttoo BBeeddrroooommss
HHaallllwwaayy CClloosseett ((11))
EEnnttrraannccee FFiirree PPllaaccee ((BB11))
2'
KKiittcchheenn
LLiivviinngg RRoooomm
SSttoorraaggee CClloosseett ((11))
DDiinniinngg RRoooomm
GGaarraaggee
SSttoorraaggee AArreeaa//RRoooomm
Main Level
A-MICHAELS_CON_PACK 8/25/2025 Page: 21
"11
'3
"1
'21
1' 11" "01
'3
'3
'5
1'
"2
'6
"5
'1
5' 11"
7'
9"
2"
"3
'1
3' 2"
6' 1"
3' 9"
"9
'3
"5
'5 3' 5"
16' 5" "5
'4
"3
'1
5' 1" 12' 10"
"11
'5
"4
'3
"2
'3
5' 10"
8' 7"
21' 7"
27' 1"
"1
'01
13'
"01 '1
1' 11"
"4
'42
"8
'9
4' 1"
"7
'21
"9
'11
7' 8"
"7
'2
2' 3"
6' 6"
"6
'7 "6 '8
"1
'2
8' 1"
7' 8"
"3
'1
"3
'1
12' 4"
11' 11"
"7
'3
2' 7"
19' 9"
"9
'9
"5
'51
"6
'21
7' 7"
9' 2"
26' 3"
22' 9" 3' 11"
"6
2' 9"
3' 2"
'62
10' 7"
7" 2' 10"
"01
'4
10'
3' 1"
"4 '31 "2 '41
57' 3"
9' 8"
"7
'12
"4
'11
"3
'41
14' 11"
23' 10"
"1
'5
"4
'12
19' 6"
19' 1"
"8
'6
"3
'6
