1
West Coast Contents
West Coast Contents
3299 NorthBlvd.
Burbank, CA. 91504
844-WCC-PACK
CAL-T0192673
Insured: George Balanis
Property: 16735 Charmel Ln
Pacific Palisades, CA 90272
Estimator: David Tavitian Business: (818) 275-6236
Company: West Coast Contents E-mail: david@westcoastcontents.
com
Contractor: David Tavitian Business: (818) 277-6236
Company: West Coast Contents E-mail: david@westcoastcontents.
com
Business: 3299 North San Fernando Blvd.
Burbank, CA 91504
Claim Number: 7579G893L Policy Number: 92B2Z8750 Type of Loss: Fire
Coverage Deductible Policy Limit
Contents $0.00 $0.00
Date of Loss: Date Received:
Date Inspected: Date Entered: 3/26/2025 1:14 PM
Price List: CALA8X_MAR25 Depreciate Material: Yes Depreciate O&P: No
Restoration/Service/Remodel Depreciate Non-material: No Depreciate Taxes: No
Estimate: BALANIS_CONTENTS Depreciate Removal: No
This estimate is for: Contents pack-out, storage and pack-back. All soft-contents such paper, pictures, upholstery,
fabrics, etc will have to be professionally evaluated for salvageability and or disposal. Any recommendation for special
cleaning application/treatments are not part of this estimate. Evaluation of cost to replace non-salvageable items are also
excluded from this estimate.
2
West Coast Contents
West Coast Contents
3299 NorthBlvd.
Burbank, CA. 91504
844-WCC-PACK
CAL-T0192673
BALANIS_CONTENTS
Pack-Out
CAT SEL ACT DESCRIPTION
CALC QTY REMOVE REPLACE TAX TOTAL
1. CPS LAB + Inventory, Packing, Boxing, and Moving charge - per hour
6*5*8 240.00HR 0.00+ 66.50 = 0.00 15,960.00
(6) Crew for 7 days, 8 hours per day.
2. CPS LABS + Contents Evaluation and/or Supervisor/Admin - per hour
7*8+4*8 88.00HR 0.00+ 85.00 = 0.00 7,480.00
(1) Working Supervisor to coordinate all phases of the pack-out, storage (include) and pack back.
Pack-out: (1) Supervisor for 7 days
Pack-back: (1) Supervisor for 4 days
3. WTR PPEM + Personal protective mask (N-95)
7*7 49.00EA 0.00+ 1.57 = 7.31 84.24
(1) Set of mask for (6) crew & (1) Working Supervisor for 7 days.
4. WTR PPEG6 + Personal protective gloves - Disposable (per pair)
2*7*7 98.00EA 0.00+ 0.41 = 3.82 44.00
(2) Sets of gloves for (6) crew & (1) Supervisor for 7 days.
5. DMO PU - Haul debris - per pickup truck load - including dump fees
.25 0.25EA 211.75+ 0.00 = 0.00 52.94
For all debris generated during pack-out services.
6. CPS TR> + Moving van (21'-27') and equipment (per day)
7*2+4*2 22.00EA 0.00+ 210.45 = 0.00 4,629.90
(2) Trucks per day for 7 days from the job site to the off-site storage site. (2) Trucks for 4 days from the storage vaults to the job site.
The following line items are currently excluded from this estimate
7. CPS BIDITM + Fine arts contents handle/cleaning
1 1.00EA OPEN ITEM
Fine art content handling/cleaning to be handled a fine-arts vendor
8. CPS BIDITM + Entertainment Center - Den/Detach & Reset
1 1.00EA OPEN ITEM
9. CPS BIDITM + Rugs
1 1.00EA OPEN ITEM
10. CPS BIDITM + Master Closet - clothes
1 1.00EA OPEN ITEM
Totals: Pack-Out 11.13 28,251.08
Cleaning
BALANIS_CONTENTS 8/25/2025 Page: 2
3
West Coast Contents
West Coast Contents
3299 NorthBlvd.
Burbank, CA. 91504
844-WCC-PACK
CAL-T0192673
CAT SEL ACT DESCRIPTION
CALC QTY REMOVE REPLACE TAX TOTAL
11. CLN DODROZ + Deodorize building - Ozone treatment
19*1695 32205.00CF [*] 0.00+ 0.13 = 0.00 4,186.65
12. CPS LAB + Inventory, Packing, Boxing, and Moving charge - per hour
8*8*5 320.00HR 0.00+ 66.50 = 0.00 21,280.00
(8) Crew for 8 hours for 5 days. To clean all items from the customer's residence prior to re-packing.
13. CPS LAB + Inventory, Packing, Boxing, and Moving charge - per hour
4*2*5 40.00HR 0.00+ 66.50 = 0.00 2,660.00
(4) Crew for 2 hours for 5 days to repack contents for storage in vaults.
-----New Materials used to prevent Cross-Contamination after the cleaning process-----
14. CPS BWRAP + Bubble wrap - 24" wide - Add-on cost for fragile items
4671 4671.00LF 0.00+ 0.22 = 97.62 1,125.24
15. CPS BX + Provide box, packing paper & tape - medium size
223 223.00EA 0.00+ 3.87 = 81.99 945.00
16. CPS BX< + Provide box, packing paper & tape - small size
85 85.00EA 0.00+ 2.93 = 23.66 272.71
17. CPS BX> + Provide box, packing paper & tape - large size
21 21.00EA 0.00+ 5.23 = 10.43 120.26
18. CPS BXMATK + Provide mattress box & tape - king size
5 5.00EA 0.00+ 38.11 = 18.10 208.65
19. CPS BXMATQ + Provide mattress box & tape - queen size
2 2.00EA 0.00+ 34.59 = 6.57 75.75
20. CPS BXMIR + Provide mirror/picture box, packing paper & tape
1 1.00EA 0.00+ 10.08 = 0.96 11.04
21. CPS BXPF + Provide picture-frame box, packing paper & tape
21 21.00EA 0.00+ 6.76 = 13.49 155.45
22. CPS BXPF> + Provide picture-frame box, packing paper & tape - Large
1 1.00EA 0.00+ 9.20 = 0.87 10.07
23. CPS BXPF< + Provide picture-frame box, packing paper & tape - Small
15 15.00EA 0.00+ 3.79 = 5.40 62.25
24. CPS BXTV + Provide TV box, packing paper & tape
5 5.00EA 0.00+ 27.34 = 12.99 149.69
25. CPS BXWDR + Provide wardrobe box & tape - medium size
27 27.00EA 0.00+ 17.04 = 43.71 503.79
26. CPS BXWDR> + Provide wardrobe box & tape - large size
15 15.00EA 0.00+ 26.74 = 38.10 439.20
27. CPS PAD + Provide furniture lightweight blanket/pad
163 163.00EA 0.00+ 9.07 = 140.45 1,618.86
28. CPS WRAP + Provide stretch film/wrap - 20" x 1000' roll
19 19.00RL 0.00+ 29.83 = 53.84 620.61
Totals: Cleaning 548.18 34,445.22
BALANIS_CONTENTS 8/25/2025 Page: 3
4
West Coast Contents
West Coast Contents
3299 NorthBlvd.
Burbank, CA. 91504
844-WCC-PACK
CAL-T0192673
Storage Area/Room
CAT SEL ACT DESCRIPTION
CALC QTY REMOVE REPLACE TAX TOTAL
29. CPS LAB + Inventory, Packing, Boxing, and Moving charge - per hour
48 48.00HR 0.00+ 66.50 = 0.00 3,192.00
(6) Crew for 2 hours for each trip for a total of (8) trips over (4) days to unload contents from the vaults and place onto the truck for
transport back to the residence.
30. DMO PU - Haul debris - per pickup truck load - including dump fees
.25 0.25EA 211.75+ 0.00 = 0.00 52.94
Disposal of old materials prior to repacking them after cleaning for storage
31. CPS STORV + Off-site storage vault (per month)
16*4 64.00MO[*] 0.00+ 250.00 = 0.00 16,000.00
(16) Vaults for 4 months
32. CPS LAB + Inventory, Packing, Boxing, and Moving charge - per hour
48 48.00HR 0.00+ 66.50 = 0.00 3,192.00
(6) Crew for 2 hours for each trip for a total of (8) trips over (4) days to unload contents from the vaults and place onto the truck for
transport back to the residence.
Totals: Storage Area/Room 0.00 22,436.94
Pack-Back
CAT SEL ACT DESCRIPTION
CALC QTY REMOVE REPLACE TAX TOTAL
33. DMO MASKSFP - Floor protection - heavy paper and tape
1000 1000.00SF 0.45+ 0.00 = 6.65 456.65
34. CPS LAB + Inventory, Packing, Boxing, and Moving charge - per hour
200 200.00HR 0.00+ 66.50 = 0.00 13,300.00
(6) Crew for 4 days for pack- back services
35. WTR PPEM + Personal protective mask (N-95)
190 190.00EA 0.00+ 1.57 = 28.34 326.64
(1) Set of masks for (6) crew & (1) Supervisor for 4 days
36. WTR PPEG6 + Personal protective gloves - Disposable (per pair)
7*2*4 56.00EA 0.00+ 0.41 = 2.18 25.14
(2) Sets of gloves for (6) Crew and (1) Supervisor for 4 days.
37. DMO PU - Haul debris - per pickup truck load - including dump fees
.25 0.25EA 211.75+ 0.00 = 0.00 52.94
For all debris generated during pack-back services.
Totals: Pack-Back 37.17 14,161.37
BALANIS_CONTENTS 8/25/2025 Page: 4
5
West Coast Contents
West Coast Contents
3299 NorthBlvd.
Burbank, CA. 91504
844-WCC-PACK
CAL-T0192673
Main
2' 6" 4' 2' 4" Entry/Foyer Height: 11' 3"
"13
53
223.90 SF Walls 121.44 SF Ceiling
345.33 SF Walls & Ceiling 121.44 SF Floor 6 "641
13.49 SY Flooring 18.25 LF Floor Perimeter
31.25 LF Ceil. Perimeter "45 "25
Door 6' X 9' Opens into Exterior
Missing Wall - Goes to Floor 7' X 9' 2" Opens into HALLWAY_1
Missing Wall 14' 6" X 11' 3" Opens into FAMILY_ROOM
Window 4' X 6' Opens into Exterior
CAT SEL ACT DESCRIPTION
CALC QTY REMOVE REPLACE TAX TOTAL
38. CPS BWRAP + Bubble wrap - 24" wide - Add-on cost for fragile items
50 50.00LF 0.00+ 0.22 = 1.05 12.05
39. CPS BXPF + Provide picture-frame box, packing paper & tape
2 2.00EA 0.00+ 6.76 = 1.28 14.80
40. CPS PAD + Provide furniture lightweight blanket/pad
2 2.00EA 0.00+ 9.07 = 1.72 19.86
41. CPS BX + Provide box, packing paper & tape - medium size
3 3.00EA 0.00+ 3.87 = 1.10 12.71
42. CPS WRAP + Provide stretch film/wrap - 20" x 1000' roll
.5 0.50RL 0.00+ 29.83 = 1.42 16.34
43. CLN AV + Clean the floor
F 121.44SF 0.00+ 0.57 = 0.11 69.33
Totals: Entry/Foyer 6.68 145.09
BALANIS_CONTENTS 8/25/2025 Page: 5
6
West Coast Contents
West Coast Contents
3299 NorthBlvd.
Burbank, CA. 91504
844-WCC-PACK
CAL-T0192673
2' 7" 10' 2' 7" Family Room Height: 10' 3"
282.80 SF Walls 215.69 SF Ceiling "117
498.49 SF Walls & Ceiling 215.69 SF Floor "641
23.97 SY Flooring 32.17 LF Floor Perimeter
44.25 LF Ceil. Perimeter "56
1' 5" 12' 1" 1' 5"
Window 10' X 6' Opens into Exterior
Missing Wall 14' 6" X 10' 3" Opens into ENTRY_FOYER
Missing Wall - Goes to Floor 12' 1" X 9' 2" Opens into HALLWAY_1
CAT SEL ACT DESCRIPTION
CALC QTY REMOVE REPLACE TAX TOTAL
44. CPS PAD + Provide furniture lightweight blanket/pad
12 12.00EA 0.00+ 9.07 = 10.34 119.18
45. CPS BX + Provide box, packing paper & tape - medium size
10 10.00EA 0.00+ 3.87 = 3.68 42.38
46. CPS WRAP + Provide stretch film/wrap - 20" x 1000' roll
1 1.00RL 0.00+ 29.83 = 2.83 32.66
47. CPS LAB + Inventory, Packing, Boxing, and Moving charge - per hour
2 2.00HR 0.00+ 66.50 = 0.00 133.00
Additional labor due to large/heavy and fragile/expensive contents.
48. CPS BWRAP + Bubble wrap - 24" wide - Add-on cost for fragile items
200 200.00LF 0.00+ 0.22 = 4.18 48.18
49. CLN AV + Clean the floor
F 215.69SF 0.00+ 0.57 = 0.21 123.15
Totals: Family Room 21.24 498.55
Guest Bath Height: 9'
191.11 SF Walls 35.51 SF Ceiling
"56 "56
226.62 SF Walls & Ceiling 29.16 SF Floor
3.24 SY Flooring 15.57 LF Floor Perimeter
2' 3" 3' 4"
23.90 LF Ceil. Perimeter "3
2' 8" 6"
Door 3' X 8' Opens into HALLWAY_1
CAT SEL ACT DESCRIPTION
CALC QTY REMOVE REPLACE TAX TOTAL
BALANIS_CONTENTS 8/25/2025 Page: 6
7
West Coast Contents
West Coast Contents
3299 NorthBlvd.
Burbank, CA. 91504
844-WCC-PACK
CAL-T0192673
CONTINUED - Guest Bath
CAT SEL ACT DESCRIPTION
CALC QTY REMOVE REPLACE TAX TOTAL
50. CPS BXPF + Provide picture-frame box, packing paper & tape
1 1.00EA 0.00+ 6.76 = 0.64 7.40
51. CPS BWRAP + Bubble wrap - 24" wide - Add-on cost for fragile items
50 50.00LF 0.00+ 0.22 = 1.05 12.05
52. CPS BXMIR + Provide mirror/picture box, packing paper & tape
1 1.00EA 0.00+ 10.08 = 0.96 11.04
53. CPS BX + Provide box, packing paper & tape - medium size
2 2.00EA 0.00+ 3.87 = 0.74 8.48
54. CLN AV + Clean the floor
F 29.16SF 0.00+ 0.57 = 0.03 16.65
Totals: Guest Bath 3.42 55.62
6' 10" 9' 11" Office Height: 10' 3"
4' 8" 6' 3' 10"
"41
466.83 SF Walls 242.57 SF Ceiling
"25" "67
709.40 SF Walls & Ceiling 242.57 SF Floor "941
"
26.95 SY Flooring 40.81 LF Floor Perimeter
"45
62.39 LF Ceil. Perimeter "11
Door 2' 1" X 8' Opens into Exterior
Door 6' X 8' Opens into Exterior
Door 2' 6" X 8' Opens into OFFICE_BATH
Door 6' X 8' Opens into HALLWAY_1
Subroom: Office Closet (1) Height: 10' 3"
"7
130.14 SF Walls 12.08 SF Ceiling
142.22 SF Walls & Ceiling 12.08 SF Floor
56 5
1.34 SY Flooring 11.60 LF Floor Perimeter
16.60 LF Ceil. Perimeter "11
Door 5' X 8' Opens into OFFICE2
BALANIS_CONTENTS 8/25/2025 Page: 7
8
West Coast Contents
West Coast Contents
3299 NorthBlvd.
Burbank, CA. 91504
844-WCC-PACK
CAL-T0192673
CAT SEL ACT DESCRIPTION
CALC QTY REMOVE REPLACE TAX TOTAL
55. CPS BXTV + Provide TV box, packing paper & tape
1 1.00EA 0.00+ 27.34 = 2.60 29.94
56. CPS BX< + Provide box, packing paper & tape - small size
15 15.00EA 0.00+ 2.93 = 4.18 48.13
57. CPS BX + Provide box, packing paper & tape - medium size
8 8.00EA 0.00+ 3.87 = 2.94 33.90
58. CPS WRAP + Provide stretch film/wrap - 20" x 1000' roll
2 2.00RL 0.00+ 29.83 = 5.67 65.33
59. CPS PAD + Provide furniture lightweight blanket/pad
22 22.00EA 0.00+ 9.07 = 18.96 218.50
60. CPS LAB + Inventory, Packing, Boxing, and Moving charge - per hour
4 4.00HR 0.00+ 66.50 = 0.00 266.00
Additional labor due to large/heavy and fragile/expensive contents. Additional labor due to large/heavy and fragile/expensive contents.
61. CPS BXPF< + Provide picture-frame box, packing paper & tape - Small
3 3.00EA 0.00+ 3.79 = 1.08 12.45
62. CPS BXPF + Provide picture-frame box, packing paper & tape
1 1.00EA 0.00+ 6.76 = 0.64 7.40
63. CPS BWRAP + Bubble wrap - 24" wide - Add-on cost for fragile items
400 400.00LF 0.00+ 0.22 = 8.36 96.36
64. CLN AV + Clean the floor
F 254.65SF 0.00+ 0.57 = 0.24 145.39
Totals: Office 44.67 923.40
Office Bath Height: 9'
"4
"62
263.50 SF Walls 62.01 SF Ceiling
325.51 SF Walls & Ceiling 34.50 SF Floor "17
3.83 SY Flooring 13.92 LF Floor Perimeter 8 "2 "45
31.50 LF Ceil. Perimeter
5' 6" 1' 11"
Door 2' 6" X 8' Opens into OFFICE2
CAT SEL ACT DESCRIPTION
CALC QTY REMOVE REPLACE TAX TOTAL
65. CPS BWRAP + Bubble wrap - 24" wide - Add-on cost for fragile items
75 75.00LF 0.00+ 0.22 = 1.57 18.07
66. CPS BX + Provide box, packing paper & tape - medium size
3 3.00EA 0.00+ 3.87 = 1.10 12.71
67. CLN AV + Clean the floor
F 34.50SF 0.00+ 0.57 = 0.03 19.70
BALANIS_CONTENTS 8/25/2025 Page: 8
9
West Coast Contents
West Coast Contents
3299 NorthBlvd.
Burbank, CA. 91504
844-WCC-PACK
CAL-T0192673
CONTINUED - Office Bath
CAT SEL ACT DESCRIPTION
CALC QTY REMOVE REPLACE TAX TOTAL
Totals: Office Bath 2.70 50.48
Hallway 1 Height: 9' 2"
496.74 SF Walls 268.67 SF Ceiling
9' 11"13' 11" 3' 5' 4"6'5' 2" 765.40 SF Walls & Ceiling 268.67 SF Floor
7' 1" 11' 11"5' 5"11' 9" 6' 5"
29.85 SY Flooring 52.33 LF Floor Perimeter
11' 7" 3' 5"
113.00 LF Ceil. Perimeter
Missing Wall - Goes to Floor 11' 11" X 9' 2" Opens into LIVING_ROOM
Missing Wall - Goes to Floor 7' 1" X 9' 2" Opens into LIVING_ROOM
Missing Wall - Goes to Floor 5' 5" X 9' 2" Opens into DINING_ROOM
Door 3' X 8' Opens into KITCHEN
Missing Wall 5' 2" X 9' 2" Opens into HALLWAY_2
Door 6' X 8' Opens into OFFICE2
Door 3' X 8' Opens into GUEST_BATH
Missing Wall - Goes to Floor 12' 1" X 9' 2" Opens into FAMILY_ROOM
Missing Wall - Goes to Floor 7' X 9' 2" Opens into ENTRY_FOYER
CAT SEL ACT DESCRIPTION
CALC QTY REMOVE REPLACE TAX TOTAL
68. CPS WRAP + Provide stretch film/wrap - 20" x 1000' roll
.5 0.50RL 0.00+ 29.83 = 1.42 16.34
69. CPS BXPF + Provide picture-frame box, packing paper & tape
5 5.00EA 0.00+ 6.76 = 3.21 37.01
70. CPS BXPF> + Provide picture-frame box, packing paper & tape - Large
1 1.00EA 0.00+ 9.20 = 0.87 10.07
71. CPS BWRAP + Bubble wrap - 24" wide - Add-on cost for fragile items
1 1.00LF 0.00+ 0.22 = 0.02 0.24
72. CLN AV + Clean the floor
F 268.67SF 0.00+ 0.57 = 0.26 153.40
Totals: Hallway 1 5.78 217.06
BALANIS_CONTENTS 8/25/2025 Page: 9
10
West Coast Contents
West Coast Contents
3299 NorthBlvd.
Burbank, CA. 91504
844-WCC-PACK
CAL-T0192673
7' 1" 11' 11" 8" Living Room Height: 10' 3" "21
1
5
335.79 SF Walls 547.16 SF Ceiling "1 "1161"671
882.95 SF Walls & Ceiling 531.00 SF Floor 1"1171 1
16' 18' 11" 59.00 SY Flooring 16.25 LF Floor Perimeter
9' 8" 12' 8" 73.17 LF Ceil. Perimeter 5
3' 5" 5' 5' 5' 5'5"
2
Door 5' X 8' Opens into Exterior
Door 5' X 8' Opens into Exterior
Door 5' X 8' Opens into Exterior
Door 5' X 8' Opens into Exterior
Missing Wall 4' 4 13/16" X 10' 3" Opens into KITCHEN
Missing Wall 4' 10" X 10' 3" Opens into DINING_ROOM
Missing Wall 19' 3/16" X 10' 3" Opens into DINING_ROOM
Missing Wall - Goes to Floor 11' 11" X 9' 2" Opens into HALLWAY_1
Missing Wall - Goes to Floor 7' 1" X 9' 2" Opens into HALLWAY_1
Door 5' X 8' Opens into Exterior
Door 5' X 8' Opens into Exterior
CAT SEL ACT DESCRIPTION
CALC QTY REMOVE REPLACE TAX TOTAL
73. CPS WRAP + Provide stretch film/wrap - 20" x 1000' roll
2 2.00RL 0.00+ 29.83 = 5.67 65.33
74. CPS BWRAP + Bubble wrap - 24" wide - Add-on cost for fragile items
600 600.00LF 0.00+ 0.22 = 12.54 144.54
75. CPS BX + Provide box, packing paper & tape - medium size
20 20.00EA 0.00+ 3.87 = 7.35 84.75
76. CPS BX> + Provide box, packing paper & tape - large size
6 6.00EA 0.00+ 5.23 = 2.98 34.36
77. CPS BX< + Provide box, packing paper & tape - small size
15 15.00EA 0.00+ 2.93 = 4.18 48.13
78. CPS PAD + Provide furniture lightweight blanket/pad
10 10.00EA 0.00+ 9.07 = 8.62 99.32
79. CPS BXTV + Provide TV box, packing paper & tape
2 2.00EA 0.00+ 27.34 = 5.19 59.87
80. CPS LAB + Inventory, Packing, Boxing, and Moving charge - per hour
2 2.00HR 0.00+ 66.50 = 0.00 133.00
Additional labor due to large/heavy and fragile/expensive contents. Additional labor due to large/heavy and fragile/expensive contents.
81. CLN AV + Clean the floor
F 531.00SF 0.00+ 0.57 = 0.50 303.17
Totals: Living Room 47.03 972.47
BALANIS_CONTENTS 8/25/2025 Page: 10
11
West Coast Contents
West Coast Contents
3299 NorthBlvd.
Burbank, CA. 91504
844-WCC-PACK
CAL-T0192673
10"5' 5" 3" Dining Room Height: 10' 3"
"72"93
40.89 SF Walls 164.72 SF Ceiling
205.61 SF Walls & Ceiling 164.72 SF Floor
91
18.30 SY Flooring 3.42 LF Floor Perimeter "921
12.58 LF Ceil. Perimeter
Missing Wall 4' 10" X 10' 3" Opens into LIVING_ROOM
Missing Wall 5' X 10' 3" Opens into KITCHEN
Missing Wall 12' 8 11/16" X 10' 3" Opens into KITCHEN
Missing Wall 3' 1 1/2" X 10' 3" Opens into KITCHEN
Missing Wall - Goes to Floor 3' 9" X 10' 3" Opens into KITCHEN
Missing Wall - Goes to Floor 5' 5" X 9' 2" Opens into HALLWAY_1
Missing Wall 19' 3/16" X 10' 3" Opens into LIVING_ROOM
CAT SEL ACT DESCRIPTION
CALC QTY REMOVE REPLACE TAX TOTAL
82. CPS BWRAP + Bubble wrap - 24" wide - Add-on cost for fragile items
300 300.00LF 0.00+ 0.22 = 6.27 72.27
83. CPS WRAP + Provide stretch film/wrap - 20" x 1000' roll
2 2.00RL 0.00+ 29.83 = 5.67 65.33
84. CPS BX + Provide box, packing paper & tape - medium size
15 15.00EA 0.00+ 3.87 = 5.51 63.56
85. CPS BX< + Provide box, packing paper & tape - small size
10 10.00EA 0.00+ 2.93 = 2.78 32.08
86. CPS PAD + Provide furniture lightweight blanket/pad
12 12.00EA 0.00+ 9.07 = 10.34 119.18
87. CPS BXPF< + Provide picture-frame box, packing paper & tape - Small
2 2.00EA 0.00+ 3.79 = 0.72 8.30
88. CLN AV + Clean the floor
F 164.72SF 0.00+ 0.57 = 0.16 94.05
Totals: Dining Room 31.45 454.77
BALANIS_CONTENTS 8/25/2025 Page: 11
12
West Coast Contents
West Coast Contents
3299 NorthBlvd.
Burbank, CA. 91504
844-WCC-PACK
CAL-T0192673
11' 9" 3'1'
Kitchen Height: 10' 3"
6"3 9" "93
571.01 SF Walls 418.53 SF Ceiling
"019
989.54 SF Walls & Ceiling 357.55 SF Floor "431
"921
39.73 SY Flooring 20.56 LF Floor Perimeter
"73
3'" 70.87 LF Ceil. Perimeter
"54
6' 3" 6' 4' 9" "81
Missing Wall 3' 1 1/2" X 10' 3" Opens into DINING_ROOM
Missing Wall - Goes to Floor 3' 9" X 10' 3" Opens into DINING_ROOM
Door 3' X 8' Opens into HALLWAY_1
Door 3' X 8' Opens into WINE_CELLAR
Door 3' X 8' Opens into PANTRY
Window 6' X 4' Opens into Exterior
Missing Wall 4' 4 13/16" X 10' 3" Opens into LIVING_ROOM
Missing Wall 5' X 10' 3" Opens into DINING_ROOM
Missing Wall 12' 8 11/16" X 10' 3" Opens into DINING_ROOM
CAT SEL ACT DESCRIPTION
CALC QTY REMOVE REPLACE TAX TOTAL
89. CPS BX + Provide box, packing paper & tape - medium size
25 25.00EA 0.00+ 3.87 = 9.19 105.94
90. CPS BX< + Provide box, packing paper & tape - small size
20 20.00EA 0.00+ 2.93 = 5.57 64.17
91. CPS BWRAP + Bubble wrap - 24" wide - Add-on cost for fragile items
300 300.00LF 0.00+ 0.22 = 6.27 72.27
92. CLN AV + Clean the floor
F 357.55SF 0.00+ 0.57 = 0.34 204.14
Totals: Kitchen 21.37 446.52
Pantry Height: 10' 3"
8"
6"
3' 179.13 SF Walls 24.02 SF Ceiling
2" 203.15 SF Walls & Ceiling 24.02 SF Floor "
1' 1 6
2.67 SY Flooring 16.82 LF Floor Perimeter 4 5
"01 "8
6' 19.82 LF Ceil. Perimeter 1 1
8" 5' 7"
Door 3' X 8' Opens into KITCHEN
BALANIS_CONTENTS 8/25/2025 Page: 12
13
West Coast Contents
West Coast Contents
3299 NorthBlvd.
Burbank, CA. 91504
844-WCC-PACK
CAL-T0192673
CAT SEL ACT DESCRIPTION
CALC QTY REMOVE REPLACE TAX TOTAL
93. CPS BX + Provide box, packing paper & tape - medium size
2 2.00EA 0.00+ 3.87 = 0.74 8.48
94. CPS BWRAP + Bubble wrap - 24" wide - Add-on cost for fragile items
100 100.00LF 0.00+ 0.22 = 2.09 24.09
95. CLN AV + Clean the floor
F 24.02SF 0.00+ 0.57 = 0.02 13.71
Totals: Pantry 2.85 46.28
Wine Cellar Height: 10' 3"
"9 "11
144.35 SF Walls 13.90 SF Ceiling "4
1
2 1
158.25 SF Walls & Ceiling 13.90 SF Floor
6" 3' "1 "6
1.54 SY Flooring 13.42 LF Floor Perimeter
6" 2 2
16.42 LF Ceil. Perimeter
8"
Door 3' X 8' Opens into KITCHEN
CAT SEL ACT DESCRIPTION
CALC QTY REMOVE REPLACE TAX TOTAL
96. CPS BWRAP + Bubble wrap - 24" wide - Add-on cost for fragile items
400 400.00LF 0.00+ 0.22 = 8.36 96.36
Individual bottles must be wrapped individually
97. CPS BX + Provide box, packing paper & tape - medium size
35 35.00EA 0.00+ 3.87 = 12.87 148.32
98. CPS LAB + Inventory, Packing, Boxing, and Moving charge - per hour
3 3.00HR 0.00+ 66.50 = 0.00 199.50
Additional labor to wrap bottles
99. CLN AV + Clean the floor
F 13.90SF 0.00+ 0.57 = 0.01 7.93
Totals: Wine Cellar 21.24 452.11
BALANIS_CONTENTS 8/25/2025 Page: 13
14
West Coast Contents
West Coast Contents
3299 NorthBlvd.
Burbank, CA. 91504
844-WCC-PACK
CAL-T0192673
Garage Height: 9' "21 "9
423.86 SF Walls 409.37 SF Ceiling
833.23 SF Walls & Ceiling 371.02 SF Floor 61 " 02
91
41.22 SY Flooring 34.82 LF Floor Perimeter
77.15 LF Ceil. Perimeter
2' 10" 12' 7"
2' 1" 12' 7"
Door 16' X 7' 6" Opens into Exterior
Door 2' 10" X 7' 6" Opens into LAUNDRY_ROOM
CAT SEL ACT DESCRIPTION
CALC QTY REMOVE REPLACE TAX TOTAL
100. CPS PAD + Provide furniture lightweight blanket/pad
25 25.00EA 0.00+ 9.07 = 21.54 248.29
101. CPS WRAP + Provide stretch film/wrap - 20" x 1000' roll
3 3.00RL 0.00+ 29.83 = 8.50 97.99
102. CPS BWRAP + Bubble wrap - 24" wide - Add-on cost for fragile items
600 600.00LF 0.00+ 0.22 = 12.54 144.54
103. CPS BX + Provide box, packing paper & tape - medium size
35 35.00EA 0.00+ 3.87 = 12.87 148.32
104. CPS LAB + Inventory, Packing, Boxing, and Moving charge - per hour
1 1.00HR 0.00+ 66.50 = 0.00 66.50
Additional labor due to large/heavy and quantity of contents.
105. CPS BX> + Provide box, packing paper & tape - large size
15 15.00EA 0.00+ 5.23 = 7.45 85.90
106. CLN AV + Clean the floor
F 371.02SF 0.00+ 0.57 = 0.35 211.83
Totals: Garage 63.25 1,003.37
Laundry Room Height: 8' 7"
3' 6" 2' 10" 2' 3"
230.25 SF Walls 62.91 SF Ceiling
293.16 SF Walls & Ceiling 49.97 SF Floor "117 "67 "
5.55 SY Flooring 12.32 LF Floor Perimeter 7
2' 1"1' 11"2' 10"1' 7" 31.78 LF Ceil. Perimeter
Door 2' 10" X 7' 6" Opens into GARAGE
Door 2' 10" X 7' 6" Opens into HALLWAY_2
BALANIS_CONTENTS 8/25/2025 Page: 14
15
West Coast Contents
West Coast Contents
3299 NorthBlvd.
Burbank, CA. 91504
844-WCC-PACK
CAL-T0192673
CAT SEL ACT DESCRIPTION
CALC QTY REMOVE REPLACE TAX TOTAL
107. CPS BX + Provide box, packing paper & tape - medium size
8 8.00EA 0.00+ 3.87 = 2.94 33.90
108. CPS LAB + Inventory, Packing, Boxing, and Moving charge - per hour
2 2.00HR 0.00+ 66.50 = 0.00 133.00
Additional labor due to large/heavy and quantity of contents.
109. CPS BWRAP + Bubble wrap - 24" wide - Add-on cost for fragile items
75 75.00LF 0.00+ 0.22 = 1.57 18.07
110. CPS WRAP + Provide stretch film/wrap - 20" x 1000' roll
.5 0.50RL 0.00+ 29.83 = 1.42 16.34
111. CPS PAD + Provide furniture lightweight blanket/pad
6 6.00EA 0.00+ 9.07 = 5.17 59.59
112. CLN AV + Clean the floor
F 49.97SF 0.00+ 0.57 = 0.05 28.53
Totals: Laundry Room 11.15 289.43
Hallway 2 Height: 8' 7"
"8
"9
"
341.50 SF Walls 157.72 SF Ceiling "15
25 110
499.22 SF Walls & Ceiling 157.72 SF Floor "
"5 3 "11
17.52 SY Flooring 36.75 LF Floor Perimeter "019 "0 3"116
58.50 LF Ceil. Perimeter 9 86
Door 2' 10" X 7' 6" Opens into LAUNDRY_ROOM
Missing Wall 5' 2" X 8' 7" Opens into HALLWAY_1
Door 5' 5" X 7' 6" Opens into MASTER_BEDRO
Door 3' X 7' 6" Opens into BEDROOM_1
Door 3' X 6' 8" Opens into BEDROOM_3
Subroom: Hallway Closet 2 (2) Height: 8' 7"
"11
95.84 SF Walls 10.07 SF Ceiling
105.91 SF Walls & Ceiling 10.07 SF Floor "7 "4 "9
1.12 SY Flooring 10.69 LF Floor Perimeter 5 3
14.44 LF Ceil. Perimeter "9 "2
1
Door 3' 9" X 7' 6" Opens into HALLWAY_2
BALANIS_CONTENTS 8/25/2025 Page: 15
16
West Coast Contents
West Coast Contents
3299 NorthBlvd.
Burbank, CA. 91504
844-WCC-PACK
CAL-T0192673
2' 7" Subroom: Hallway Closet 1 (1) Height: 8' 7"
"9
1' 11" 80.60 SF Walls 5.55 SF Ceiling "4
86.15 SF Walls & Ceiling 5.55 SF Floor 2 "9
0.62 SY Flooring 8.92 LF Floor Perimeter "1 "6 3
12.67 LF Ceil. Perimeter 2 2
"5 "7
1'
Door 3' 9" X 7' 6" Opens into HALLWAY_2
CAT SEL ACT DESCRIPTION
CALC QTY REMOVE REPLACE TAX TOTAL
113. CPS BXPF< + Provide picture-frame box, packing paper & tape - Small
10 10.00EA 0.00+ 3.79 = 3.60 41.50
114. CPS BXPF + Provide picture-frame box, packing paper & tape
12 12.00EA 0.00+ 6.76 = 7.71 88.83
115. CPS BWRAP + Bubble wrap - 24" wide - Add-on cost for fragile items
100 100.00LF 0.00+ 0.22 = 2.09 24.09
116. CPS PAD + Provide furniture lightweight blanket/pad
4 4.00EA 0.00+ 9.07 = 3.45 39.73
117. CPS BXWDR + Provide wardrobe box & tape - medium size
3 3.00EA 0.00+ 17.04 = 4.86 55.98
118. CLN AV + Clean the floor
F 173.34SF 0.00+ 0.57 = 0.16 98.96
Totals: Hallway 2 21.87 349.09
Bedroom 2 Height: 8' 7"
12' 7" 4' 10"
17' 2" 358.82 SF Walls 206.00 SF Ceiling "012 "2 "6 "33
"67 "97 "19 "69"79
564.82 SF Walls & Ceiling 206.00 SF Floor "
22.89 SY Flooring 38.42 LF Floor Perimeter "8 "01 5
"63
3' 2" 3'8" 7' 2" 3'3" 58.33 LF Ceil. Perimeter 3 2
Door 3' X 6' 8" Opens into BATHROOM_2
Door 3' X 6' 8" Opens into HALLWAY_2
Door 2' 6" X 7' 6" Opens into Exterior
Door 5' 11" X 7' 6" Opens into Exterior
Door 2' 6" X 7' 6" Opens into Exterior
BALANIS_CONTENTS 8/25/2025 Page: 16
17
West Coast Contents
West Coast Contents
3299 NorthBlvd.
Burbank, CA. 91504
844-WCC-PACK
CAL-T0192673
Subroom: Closet 2 (1) Height: 8' 7"
3' 2" 3' 8"
180.28 SF Walls 33.47 SF Ceiling
213.74 SF Walls & Ceiling 33.47 SF Floor
3.72 SY Flooring 20.33 LF Floor Perimeter "65 "15
23.33 LF Ceil. Perimeter
Door 3' X 6' 8" Opens into BEDROOM_3
CAT SEL ACT DESCRIPTION
CALC QTY REMOVE REPLACE TAX TOTAL
119. CPS BXWDR + Provide wardrobe box & tape - medium size
8 8.00EA 0.00+ 17.04 = 12.95 149.27
120. CPS BXMATQ + Provide mattress box & tape - queen size
2 2.00EA 0.00+ 34.59 = 6.57 75.75
121. CPS PAD + Provide furniture lightweight blanket/pad
20 20.00EA 0.00+ 9.07 = 17.23 198.63
122. CPS BX + Provide box, packing paper & tape - medium size
11 11.00EA 0.00+ 3.87 = 4.04 46.61
123. CPS WRAP + Provide stretch film/wrap - 20" x 1000' roll
1 1.00RL 0.00+ 29.83 = 2.83 32.66
124. CPS BWRAP + Bubble wrap - 24" wide - Add-on cost for fragile items
150 150.00LF 0.00+ 0.22 = 3.14 36.14
125. CPS LAB + Inventory, Packing, Boxing, and Moving charge - per hour
2 2.00HR 0.00+ 66.50 = 0.00 133.00
Additional labor due to large/heavy contents.
126. CLN AV + Clean the floor
F 239.47SF 0.00+ 0.57 = 0.23 136.73
Totals: Bedroom 2 46.99 808.79
Bathroom 2 Height: 8' 7"
7' 2" 3' 3" 149.58 SF Walls 51.68 SF Ceiling
9 1
201.26 SF Walls & Ceiling 28.29 SF Floor
"72
"15
3.14 SY Flooring 10.25 LF Floor Perimeter
"91
10' 2" 30.50 LF Ceil. Perimeter 2
2' 6" 7' 3"
Window 2' 7" X 4' Opens into Exterior
Door 3' X 6' 8" Opens into BEDROOM_3
BALANIS_CONTENTS 8/25/2025 Page: 17
18
West Coast Contents
West Coast Contents
3299 NorthBlvd.
Burbank, CA. 91504
844-WCC-PACK
CAL-T0192673
CAT SEL ACT DESCRIPTION
CALC QTY REMOVE REPLACE TAX TOTAL
127. CPS BX< + Provide box, packing paper & tape - small size
5 5.00EA 0.00+ 2.93 = 1.39 16.04
128. CPS BWRAP + Bubble wrap - 24" wide - Add-on cost for fragile items
60 60.00LF 0.00+ 0.22 = 1.25 14.45
129. CLN AV + Clean the floor
F 28.29SF 0.00+ 0.57 = 0.03 16.16
Totals: Bathroom 2 2.67 46.65
Master Bedroom Height: 8' 7"
"51
"118
577.83 SF Walls 418.53 SF Ceiling
5' 5" 11' 1"
996.37 SF Walls & Ceiling 407.38 SF Floor "113
3
45.26 SY Flooring 57.17 LF Floor Perimeter
"221 911 "521
12' 1" 95.50 LF Ceil. Perimeter "113
3' 5' 5' 3' 1"
2' 11" 3' 3"
6' 4" 12' 3"
Door 3' X 7' 6" Opens into Exterior
Door 5' X 7' 6" Opens into Exterior
Door 5' X 7' 6" Opens into Exterior
Door 3' X 7' 6" Opens into Exterior
Door 3' X 7' 6" Opens into MASTER_BATH
Door 5' 5" X 7' 6" Opens into HALLWAY_2
Door 3' 11" X 7' 6" Opens into Exterior
Door 3' 11" X 7' 6" Opens into Exterior
CAT SEL ACT DESCRIPTION
CALC QTY REMOVE REPLACE TAX TOTAL
130. CPS PAD + Provide furniture lightweight blanket/pad
30 30.00EA 0.00+ 9.07 = 25.85 297.95
131. CPS BX + Provide box, packing paper & tape - medium size
20 20.00EA 0.00+ 3.87 = 7.35 84.75
132. CPS BWRAP + Bubble wrap - 24" wide - Add-on cost for fragile items
300 300.00LF 0.00+ 0.22 = 6.27 72.27
133. CPS WRAP + Provide stretch film/wrap - 20" x 1000' roll
2 2.00RL 0.00+ 29.83 = 5.67 65.33
134. CPS LAB + Inventory, Packing, Boxing, and Moving charge - per hour
6 6.00HR 0.00+ 66.50 = 0.00 399.00
Additional labor due to large/heavy contents.
BALANIS_CONTENTS 8/25/2025 Page: 18
19
West Coast Contents
West Coast Contents
3299 NorthBlvd.
Burbank, CA. 91504
844-WCC-PACK
CAL-T0192673
CONTINUED - Master Bedroom
CAT SEL ACT DESCRIPTION
CALC QTY REMOVE REPLACE TAX TOTAL
135. CPS BXTV + Provide TV box, packing paper & tape
2 2.00EA 0.00+ 27.34 = 5.19 59.87
136. CPS BXMATK + Provide mattress box & tape - king size
5 5.00EA 0.00+ 38.11 = 18.10 208.65
137. CLN AV + Clean the floor
F 407.38SF 0.00+ 0.57 = 0.39 232.60
Totals: Master Bedroom 68.82 1,420.42
Master Bath Height: 8' 7"
2' 9" 3' 6"3'1' 9" 4'
5"4' "7
8" 1' 11" 4' 9" 307.31 SF Walls 229.51 SF Ceiling 3
536.82 SF Walls & Ceiling 182.38 SF Floor 7 9
20.26 SY Flooring 28.83 LF Floor Perimeter 521
54.83 LF Ceil. Perimeter 6
5' 2" 8' 7" "3 "8
5' 5" 5' 7"
Door 6' X 7' 6" Opens into Exterior
Door 3' X 7' 6" Opens into MASTER_CLOSE
Door 3' X 7' 6" Opens into MASTER_BEDRO
Window 8' 7" X 6' Opens into Exterior
Subroom: Toilet (1) Height: 8' 7"
"32 "82
172.06 SF Walls 35.47 SF Ceiling
"016
207.53 SF Walls & Ceiling 35.47 SF Floor
3
3.94 SY Flooring 21.06 LF Floor Perimeter
"81
6" 3' 1' 9" 24.06 LF Ceil. Perimeter
8" 1' 11"
Window 3' X 4' Opens into Exterior
Door 3' X 7' 6" Opens into MASTER_BATH
CAT SEL ACT DESCRIPTION
CALC QTY REMOVE REPLACE TAX TOTAL
BALANIS_CONTENTS 8/25/2025 Page: 19
20
West Coast Contents
West Coast Contents
3299 NorthBlvd.
Burbank, CA. 91504
844-WCC-PACK
CAL-T0192673
CONTINUED - Master Bath
CAT SEL ACT DESCRIPTION
CALC QTY REMOVE REPLACE TAX TOTAL
138. CPS BX< + Provide box, packing paper & tape - small size
10 10.00EA 0.00+ 2.93 = 2.78 32.08
139. CPS BX + Provide box, packing paper & tape - medium size
15 15.00EA 0.00+ 3.87 = 5.51 63.56
140. CPS BWRAP + Bubble wrap - 24" wide - Add-on cost for fragile items
100 100.00LF 0.00+ 0.22 = 2.09 24.09
141. CLN AV + Clean the floor
F 217.85SF 0.00+ 0.57 = 0.21 124.38
Totals: Master Bath 10.59 244.11
Master Closet Height: 8' 7"
390.06 SF Walls 117.86 SF Ceiling
507.92 SF Walls & Ceiling 117.86 SF Floor "67 "016
11' 1" 2' 9" 3' 5" 13.10 SY Flooring 45.06 LF Floor Perimeter
11' 3" 2' 7" 7" 48.06 LF Ceil. Perimeter
Door 3' X 7' 6" Opens into MASTER_BATH
CAT SEL ACT DESCRIPTION
CALC QTY REMOVE REPLACE TAX TOTAL
142. CPS BXWDR> + Provide wardrobe box & tape - large size
15 15.00EA 0.00+ 26.74 = 38.10 439.20
143. CPS BXWDR + Provide wardrobe box & tape - medium size
10 10.00EA 0.00+ 17.04 = 16.19 186.59
144. CPS LAB + Inventory, Packing, Boxing, and Moving charge - per hour
8 8.00HR 0.00+ 66.50 = 0.00 532.00
Additional labor due to large/heavy contents.
145. CPS WRAP + Provide stretch film/wrap - 20" x 1000' roll
3 3.00RL 0.00+ 29.83 = 8.50 97.99
146. CPS BWRAP + Bubble wrap - 24" wide - Add-on cost for fragile items
600 600.00LF 0.00+ 0.22 = 12.54 144.54
147. CLN AV + Clean the floor
F 117.86SF 0.00+ 0.57 = 0.11 67.29
BALANIS_CONTENTS 8/25/2025 Page: 20
21
West Coast Contents
West Coast Contents
3299 NorthBlvd.
Burbank, CA. 91504
844-WCC-PACK
CAL-T0192673
CONTINUED - Master Closet
CAT SEL ACT DESCRIPTION
CALC QTY REMOVE REPLACE TAX TOTAL
Totals: Master Closet 75.44 1,467.61
Bedroom 1 Height: 8' 7"
3' 2" 3' 2' 6" 4' 1" 3'3"
352.64 SF Walls 205.44 SF Ceiling 2' 11"4' 3" "11 "8 3 3 "6 "42 "3
558.08 SF Walls & Ceiling 205.44 SF Floor "49 "69
22.83 SY Flooring 38.60 LF Floor Perimeter "86 "116 6
17' 2" 58.27 LF Ceil. Perimeter "51 "5 "42 "112
Door 3' X 7' 6" Opens into BATHROOM_1
Door 3' X 7' 6" Opens into HALLWAY_2
Door 2' 4" X 7' 6" Opens into Exterior
Door 6' X 7' 6" Opens into Exterior
Door 2' 4" X 7' 6" Opens into Exterior
Subroom: Closet 1 (1) Height: 8' 7"
176.35 SF Walls 32.92 SF Ceiling
209.26 SF Walls & Ceiling 32.92 SF Floor "5
5
3.66 SY Flooring 20.17 LF Floor Perimeter 5
23.17 LF Ceil. Perimeter
3' 2" 3' 6"
Door 3' X 7' 6" Opens into BEDROOM_1
CAT SEL ACT DESCRIPTION
CALC QTY REMOVE REPLACE TAX TOTAL
148. CPS BXWDR + Provide wardrobe box & tape - medium size
6 6.00EA 0.00+ 17.04 = 9.71 111.95
149. CPS BX + Provide box, packing paper & tape - medium size
11 11.00EA 0.00+ 3.87 = 4.04 46.61
150. CPS BX< + Provide box, packing paper & tape - small size
5 5.00EA 0.00+ 2.93 = 1.39 16.04
BALANIS_CONTENTS 8/25/2025 Page: 21
22
West Coast Contents
West Coast Contents
3299 NorthBlvd.
Burbank, CA. 91504
844-WCC-PACK
CAL-T0192673
CONTINUED - Bedroom 1
CAT SEL ACT DESCRIPTION
CALC QTY REMOVE REPLACE TAX TOTAL
151. CPS BXMATQ + Provide mattress box & tape - queen size
2 2.00EA 0.00+ 34.59 = 6.57 75.75
152. CPS PAD + Provide furniture lightweight blanket/pad
20 20.00EA 0.00+ 9.07 = 17.23 198.63
153. CPS WRAP + Provide stretch film/wrap - 20" x 1000' roll
1.5 1.50RL 0.00+ 29.83 = 4.25 49.00
154. CPS BWRAP + Bubble wrap - 24" wide - Add-on cost for fragile items
150 150.00LF 0.00+ 0.22 = 3.14 36.14
155. CPS LAB + Inventory, Packing, Boxing, and Moving charge - per hour
2 2.00HR 0.00+ 66.50 = 0.00 133.00
Additional labor due to large/heavy contents.
156. CLN AV + Clean the floor
F 238.36SF 0.00+ 0.57 = 0.23 136.10
Totals: Bedroom 1 46.56 803.22
Bathroom 1 Height: 8' 7"
"6
"12 "4
155.22 SF Walls 36.25 SF Ceiling
191.47 SF Walls & Ceiling 26.83 SF Floor 4
"72
2.98 SY Flooring 14.79 LF Floor Perimeter
4' 1" 3' "7 "4 "7
24.50 LF Ceil. Perimeter
Window 2' 7" X 4' Opens into Exterior
Door 3' X 7' 6" Opens into BEDROOM_1
Subroom: Bathtub (1) Height: 8' 7"
"6
106.51 SF Walls 12.50 SF Ceiling
119.01 SF Walls & Ceiling 12.50 SF Floor
5
1.39 SY Flooring 15.00 LF Floor Perimeter
15.00 LF Ceil. Perimeter
"7
Missing Wall - Goes to neither Floor/Ceiling 4' X 6' Opens into BATHROOM_1
BALANIS_CONTENTS 8/25/2025 Page: 22
23
West Coast Contents
West Coast Contents
3299 NorthBlvd.
Burbank, CA. 91504
844-WCC-PACK
CAL-T0192673
CAT SEL ACT DESCRIPTION
CALC QTY REMOVE REPLACE TAX TOTAL
157. CPS BX< + Provide box, packing paper & tape - small size
5 5.00EA 0.00+ 2.93 = 1.39 16.04
158. CPS BWRAP + Bubble wrap - 24" wide - Add-on cost for fragile items
60 60.00LF 0.00+ 0.22 = 1.25 14.45
159. CLN AV + Clean the floor
F 39.33SF 0.00+ 0.57 = 0.04 22.46
Totals: Bathroom 1 2.68 52.95
Total: Main 558.45 10,747.99
Line Item Totals: BALANIS_CONTENTS 1,154.93 110,042.60
Grand Total Areas:
7,424.87 SF Walls 4,151.56 SF Ceiling 11,576.43 SF Walls and Ceiling
3,898.16 SF Floor 433.13 SY Flooring 668.29 LF Floor Perimeter
0.00 SF Long Wall 0.00 SF Short Wall 1,165.85 LF Ceil. Perimeter
3,898.16 Floor Area 4,542.00 Total Area 7,424.87 Interior Wall Area
2,415.53 Exterior Wall Area 334.68 Exterior Perimeter of
Walls
0.00 Surface Area 0.00 Number of Squares 0.00 Total Perimeter Length
0.00 Total Ridge Length 0.00 Total Hip Length
BALANIS_CONTENTS 8/25/2025 Page: 23
24
West Coast Contents
West Coast Contents
3299 NorthBlvd.
Burbank, CA. 91504
844-WCC-PACK
CAL-T0192673
Summary for Contents
Line Item Total 108,887.67
Material Sales Tax 1,154.93
Replacement Cost Value $110,042.60
Net Claim $110,042.60
David Tavitian
BALANIS_CONTENTS 8/25/2025 Page: 24
25
West Coast Contents
West Coast Contents
3299 NorthBlvd.
Burbank, CA. 91504
844-WCC-PACK
CAL-T0192673
Recap by Room
Estimate: BALANIS_CONTENTS
Pack-Out 28,239.95 25.93%
Cleaning 33,897.04 31.13%
Storage Area/Room 22,436.94 20.61%
Pack-Back 14,124.20 12.97%
Area: Main
Entry/Foyer 138.41 0.13%
Family Room 477.31 0.44%
Guest Bath 52.20 0.05%
Office 878.73 0.81%
Office Bath 47.78 0.04%
Hallway 1 211.28 0.19%
Living Room 925.44 0.85%
Dining Room 423.32 0.39%
Kitchen 425.15 0.39%
Pantry 43.43 0.04%
Wine Cellar 430.87 0.40%
Garage 940.12 0.86%
Laundry Room 278.28 0.26%
Hallway 2 327.22 0.30%
Bedroom 2 761.80 0.70%
Bathroom 2 43.98 0.04%
Master Bedroom 1,351.60 1.24%
Master Bath 233.52 0.21%
Master Closet 1,392.17 1.28%
Bedroom 1 756.66 0.69%
Bathroom 1 50.27 0.05%
Area Subtotal: Main 10,189.54 9.36%
Subtotal of Areas 108,887.67 100.00%
Total 108,887.67 100.00%
BALANIS_CONTENTS 8/25/2025 Page: 25
26
West Coast Contents
West Coast Contents
3299 NorthBlvd.
Burbank, CA. 91504
844-WCC-PACK
CAL-T0192673
Recap by Category
Items Total %
CLEANING 6,408.60 5.82%
CONT: PACKING,HANDLNG,STORAGE 101,431.88 92.18%
GENERAL DEMOLITION 608.82 0.55%
WATER EXTRACTION & REMEDIATION 438.37 0.40%
Subtotal 108,887.67 98.95%
Material Sales Tax 1,154.93 1.05%
Total 110,042.60 100.00%
BALANIS_CONTENTS 8/25/2025 Page: 26
27
Main
"681
"
GGaarraaggee 02
91
23' 11" 24' 11" "42"12
23' 3" 16' 5"
17' 2"
"117 "117 "114
OOffffiiccee BBaatthh
LLaauunnddrryy RRoooomm "67
EEnnttrryy//FFooyyeerr FFaammiillyy RRoooomm 5' 2" OOffffiiccee BBeeddrroooomm 22 "641 "62 "941 "62 21
5' 6" 1' 11"
1' 11" 6' 1"
GGuuOOeeffssffttii ccBBeeaa CCtthhlloosseett ((11)) HHaallllwwaayy CClloosseett 22 ((22)) "73 "56 "4 "95
6' 7" 2' 11" "3
23' 3" CClloosseett 22 ((11BB))aatthhrroooomm 22 "15
HHaallllwwaayy 11 CCaabbiinneett1177 ((BB11)) "55 "25 "953
2' 6" 4' 9"
28' 9" 4' 5" HHWWaalllliiwwnneeaa yyCC CCeellllllooaassrreett 11 ((CC11ll))oosseett BB11aa tt((hh11tt))uubbBB aa((tt11hh))7rr' oo3"oomm 11 54 "62 " "952
11' 2" ' 1 HHaallllwwaayy 22 15' 4" 4' 2"" "46 " 2 4
"0141
"64"29
DDiinniinngg RRoooomm KKiittcchheenn BBeeddrroooomm 11 "532 91 "431 21
LLiivviinngg RRoooomm "921
"118
"34
4' 10" 5' 4' 1 PP0" 4' aa6" nnttrryy MMaasstteerr CClloosseett TTooiilleett ((11)) "54 "011 "014 "118 "016 "37
44' 3" 5' 5" 4' 5" 6'
45' 6" 5' 7" 11' 3" 5' 9" 4'
4' 5""
"35
MMaasstteerr BBeeddrroooomm MMaasstteerr BBaatthh "361 "16 "1151 "82 "52 "921 "431
7" '
2'
22' 11" 13'
Main
BALANIS_CONTENTS 8/25/2025 Page: 27
