1
CHEN, KENNETH 75-79J8-65X
State Farm
P.O. Box 106169
Atlanta, GA 30348-6169
Fax: 1-844-236-3646
statefarmfireclaims@statefarm.com
Structural Damage Claim Policy
This estimate is priced based on estimated market pricing for the cost of materials, labor, and other factors at the time
of the loss.
Adjustments in market pricing and timing of the repairs may impact the final cost of covered repairs. Should you or
the contractor you select have questions concerning our estimate, please contact us. If your contractor's estimate is
higher than ours, you should contact us prior to beginning repairs. State Farm will work with you and your contractor
to determine the actual and necessary cost of covered repairs at the time repairs will be completed, subject to policy
terms, conditions and limits.
• We want you to receive quality repair work to restore the damages to your property.
• We will provide you with a detailed estimate of the scope of the damage and costs of repairs. Should the
contractor you select have questions concerning our estimate, they should contact your claim representative
directly.
• Depending upon the complexity of your repair, our estimate may or may not include an allowance for general
contractor's overhead and profit. If you have questions regarding general contractor's overhead and profit and
whether general contractor services are appropriate for your loss, please contact your claim representative
before proceeding with repairs.
• There may be building codes, ordinances, laws, or regulations that affect the repairs of your property. These
items may or may not be covered by your policy. Please contact your claim representative if you have any
questions regarding coverage which may be available under your policy.
• State Farm® cannot authorize any contractor to proceed with work on your property. Repairs should proceed
only with your authorization.
• State Farm does not guarantee the quality of the workmanship of any contractor or guarantee that the work will
be accomplished within any specific time frame.
• It is understood that the contractor is hired by you, our insured, and that they work for you - not State Farm.
If you have any questions or need additional information regarding your claim, please contact your claim
representative immediately.
Date: 4/15/2025 7:27 AM 132214.1 06-18-2009 Page: 1
2
75-79J8-65X
Building Estimate Summary Guide
This summary guide is based on a sample estimate and is provided for reference only.
Please refer to the estimate for specifics of your claim.
State Farm Insurance 1. Line Item Total – Total value of all line
items in the estimate plus possible
adjustments for labor minimums. Labor
Insured: Smith, Joe & Jane Estimate: 00-0000-000
Minimum is to cover a certain minimum
Property: 1 Main Street Claim number: 00-0000-000 number of hours for drive-time, set up
time and applicable administrative
Anywhere, IL 00000-0000 Policy Number: 00-00-0000-0
costs and repairs.
Type of Loss: Other Price List: ILBL8F_MAR 13
Deductible: $1,000.00 Restoration/Service/ 2. General Contractor’s Overhead and
Remodel Profit – General contractor’s charge for
F = Factored In, coordinating your repairs.
D = Do Not Apply
3. Replacement Cost Value (RCV) –
Summary for Dwelling Estimated cost to repair or replace
damaged property.
Line Item Total 1 5,953.10
4. Depreciation – The decrease in the
Material Sales Tax @ 10.000% x 1,520.00
value of property over a period of time
Subtotal 6,105.10 due to wear, tear, condition, and
obsolescence. A portion or all of this
General Contractor Overhead 2 @ 10.0% x 6,105.10 610.51
amount may be eligible for replacement
General Contractor Profit @ 10.0% x 6,105.10 cost benefits.
Replacement Cost Value (Including General Contractor Overhead and Profit 3 7,326.12
5. Deductible – The insurer will pay for
Less Depreciation (Including Taxes) 4 (832.50) losses, up to the policy limits, in excess
of your applicable deductible.
Less General Contractor Overhead & Profit on Recoverable &
Non - recoverable Depreciation (166.50) 6. Net Actual Cash Value Payment
(ACV) – The repair or replacement cost
Less Deductible 5
of the damaged part of the property
Net Actual Cash Value Payment 6 less depreciation and deductible.
Maximum Additional Amounts Available If Incurred: 7. Non Recoverable Depreciation –
Depreciation applied to items that are
not eligible for replacement cost
Total Line Item Depreciation (Including Taxes) 4 832.50 benefits.
Less Non - recoverable Depreciation (Including Taxes) 7
8. Total Maximum Additional Amount if
Subtotal 312.50 Incurred – Total amount of
General Contractor O&P on Depreciation 166.50 recoverable depreciation after actual
repair or replacement of the property.
Less General Contractor O&P on Non - recoverable Depreciation
Subtotal 9. Total Amount of Claim if Incurred –
Total amount of the claim, including net
Total Maximum Additional Amounts Available If Incurred 8 actual cash value payment and total
Total Amount of Claim If Incurred 9 maximum additional amount available if
incurred.
Claim Representative
ALL AMOUNTS PAYABLE ARE SUBJECT TO THE TERMS, CONDITIONS AND LIMITS OF
YOUR POLICY.
1002989 139928.1 01-23-2013
Date: 4/15/2025 7:27 AM Page: 2
3
State Farm
CHEN, KENNETH 75-79J8-65X
Insured: CHEN, KENNETH Estimate: 75-79J8-65X
Property: 1115 LACHMAN LN Claim Number: 7579J865X
PACIFIC PLSDS, CA 90272-2227 Policy Number: 75C9A1815
Home: 310-717-7288 Price List: CALA28_JAN25
Cellular: 310-717-7288 Restoration/Service/Remodel
Type of Loss: Smoke
Deductible: $0.00
Date of Loss: 1/8/2025
Date Inspected: 2/18/2025
Summary for Coverage A - Dwelling - 39 Smoke
Line Item Total 69,914.45
Material Sales Tax 674.52
Replacement Cost Value 70,588.97
Less Deductible (0.00)
Net Payment $70,588.97
Longmeyer,Bill
866-787-8676 x 12160
ALL AMOUNTS PAYABLE ARE SUBJECT TO THE TERMS, CONDITIONS AND
LIMITS OF YOUR POLICY.
Any person who knowingly presents false or fraudulent information to obtain or amend insurance coverage or to make a claim for the
payment of a loss is guilty of a crime and may be subject to fines and confinement in state prison.
Date: 4/15/2025 7:27 AM Page: 3
4
State Farm
CHEN, KENNETH 75-79J8-65X
Insured: CHEN, KENNETH Estimate: 75-79J8-65X
Property: 1115 LACHMAN LN Claim Number: 7579J865X
PACIFIC PLSDS, CA 90272-2227 Policy Number: 75C9A1815
Home: 310-717-7288 Price List: CALA28_JAN25
Cellular: 310-717-7288 Restoration/Service/Remodel
Type of Loss: Smoke
Deductible: $0.00
Date of Loss: 1/8/2025
Date Inspected: 2/18/2025
Summary for Coverage A - Dwelling - 39 Smoke - Trees, Shrubs, and
Landscaping
Line Item Total 3,572.27
Material Sales Tax 160.81
Replacement Cost Value 3,733.08
Less Deductible (0.00)
Net Payment $3,733.08
Longmeyer,Bill
866-787-8676 x 12160
ALL AMOUNTS PAYABLE ARE SUBJECT TO THE TERMS, CONDITIONS AND
LIMITS OF YOUR POLICY.
Any person who knowingly presents false or fraudulent information to obtain or amend insurance coverage or to make a claim for the
payment of a loss is guilty of a crime and may be subject to fines and confinement in state prison.
Date: 4/15/2025 7:27 AM Page: 4
5
State Farm
CHEN, KENNETH 75-79J8-65X
Insured: CHEN, KENNETH Estimate: 75-79J8-65X
Property: 1115 LACHMAN LN Claim Number: 7579J865X
PACIFIC PLSDS, CA 90272-2227 Policy Number: 75C9A1815
Home: 310-717-7288 Price List: CALA28_JAN25
Cellular: 310-717-7288 Restoration/Service/Remodel
Type of Loss: Smoke
Deductible: $1,395.58
Date of Loss: 1/8/2025
Date Inspected: 2/18/2025
Summary for Coverage A - Dwelling Extension - 39 Smoke
Line Item Total 1,262.69
Material Sales Tax 1.43
Replacement Cost Value 1,264.12
Less Deductible (1,395.58)
Replacement Cost Value Total (131.46)
Net Payment $0.00
Longmeyer,Bill
866-787-8676 x 12160
ALL AMOUNTS PAYABLE ARE SUBJECT TO THE TERMS, CONDITIONS AND
LIMITS OF YOUR POLICY.
Any person who knowingly presents false or fraudulent information to obtain or amend insurance coverage or to make a claim for the
payment of a loss is guilty of a crime and may be subject to fines and confinement in state prison.
Date: 4/15/2025 7:27 AM Page: 5
6
State Farm
CHEN, KENNETH 75-79J8-65X
Insured: CHEN, KENNETH Estimate: 75-79J8-65X
Property: 1115 LACHMAN LN Claim Number: 7579J865X
PACIFIC PLSDS, CA 90272-2227 Policy Number: 75C9A1815
Home: 310-717-7288 Price List: CALA28_JAN25
Cellular: 310-717-7288 Restoration/Service/Remodel
Type of Loss: Smoke
Deductible: $0.00
Date of Loss: 1/8/2025
Date Inspected: 2/18/2025
Summary for Coverage A - Dwelling - 35 Windstorm and Hail
Line Item Total 827.11
Material Sales Tax 30.41
Replacement Cost Value 857.52
Less Deductible (0.00)
Net Payment $857.52
Longmeyer,Bill
866-787-8676 x 12160
ALL AMOUNTS PAYABLE ARE SUBJECT TO THE TERMS, CONDITIONS AND
LIMITS OF YOUR POLICY.
Any person who knowingly presents false or fraudulent information to obtain or amend insurance coverage or to make a claim for the
payment of a loss is guilty of a crime and may be subject to fines and confinement in state prison.
Date: 4/15/2025 7:27 AM Page: 6
7
State Farm
CHEN, KENNETH 75-79J8-65X
Insured: CHEN, KENNETH Estimate: 75-79J8-65X
Property: 1115 LACHMAN LN Claim Number: 7579J865X
PACIFIC PLSDS, CA 90272-2227 Policy Number: 75C9A1815
Home: 310-717-7288 Price List: CALA28_JAN25
Cellular: 310-717-7288 Restoration/Service/Remodel
Type of Loss: Smoke
Deductible: $0.00
Date of Loss: 1/8/2025
Date Inspected: 2/18/2025
Summary for Coverage A - Dwelling - 33 Fire, Lightning, &
Removal
Line Item Total 10,836.87
California Lumber Assessment Fee 11.59
Material Sales Tax 441.08
Replacement Cost Value 11,289.54
Less Deductible (0.00)
Net Payment $11,289.54
Longmeyer,Bill
866-787-8676 x 12160
ALL AMOUNTS PAYABLE ARE SUBJECT TO THE TERMS, CONDITIONS AND
LIMITS OF YOUR POLICY.
Any person who knowingly presents false or fraudulent information to obtain or amend insurance coverage or to make a claim for the
payment of a loss is guilty of a crime and may be subject to fines and confinement in state prison.
Date: 4/15/2025 7:27 AM Page: 7
8
State Farm
CHEN, KENNETH 75-79J8-65X
Source - EagleView Roof & Walls
Exterior
Dwelling Roof
"0
FF1155 14' 9" FF114339' 3" 4,558.71 Surface Area 45.59 Number of Squares "8 4
FF22 96
FF66
FF88 428.35 Total Perimeter Length "11
FF99
0
5 FF77 4 5 " 2
FF55 "76
FF44 FF33 FF11 "0 4
4
DESCRIPTION QUANTITY UNIT PRICE TAX RCV
1. Clean the surface area 4,558.71SF 0.55 4.33 2,511.62
2. R&R Solar electric panel - up to 200 watt 1.00EA 827.11 30.41 857.52
Far back solar panel is shattered
Totals: Dwelling Roof 34.74 3,369.14
Date: 4/15/2025 7:27 AM Page: 8
9
State Farm
CHEN, KENNETH 75-79J8-65X
Ext_Surfaces
3,581.77 SF Walls 486.22 LF Floor Perimeter
3,581.77 SF Walls & Ceiling
Window 8' X 5' 6" Opens into Exterior
Window 5' X 5' 6" Opens into Exterior
Door 3' X 7' Opens into Exterior
Window 1' X 7' Opens into Exterior
Window 5' X 2' Opens into Exterior
Window 4' 6" X 3' Opens into Exterior
Window 5' X 10' 6" Opens into Exterior
Window 5' X 10' 6" Opens into Exterior
Window 4' 6" X 4' 6" Opens into Exterior
Door 3' X 9' Opens into Exterior
Door 3' X 9' Opens into Exterior
Door 3' X 9' Opens into Exterior
Door 3' X 9' Opens into Exterior
Window 3' 6" X 9' Opens into Exterior
Window 3' X 9' Opens into Exterior
Window 4' 6" X 9' Opens into Exterior
Window 2' 6" X 9' Opens into Exterior
Window 3' 6" X 9' Opens into Exterior
Window 2' X 9' Opens into Exterior
Door 3' X 7' 6" Opens into Exterior
Window 5' X 7' 6" Opens into Exterior
Window 2' X 7' 6" Opens into Exterior
Door 3' X 7' Opens into Exterior
Window 5' X 3' 6" Opens into Exterior
Window 2' X 4' Opens into Exterior
Window 2' X 4' Opens into Exterior
Window 2' 6" X 4' 6" Opens into Exterior
Door 3' X 7' Opens into Exterior
Door 3' X 7' Opens into Exterior
Window 2' X 7' Opens into Exterior
Door 3' X 6' 11 5/8" Opens into Exterior
Door 17' 6" X 8' 6 1/8" Opens into Exterior
DESCRIPTION QUANTITY UNIT PRICE TAX RCV
3. Clean the surface area 4,354.00SF 0.55 4.14 2,398.84
Date: 4/15/2025 7:27 AM Page: 9
10
State Farm
CHEN, KENNETH 75-79J8-65X
CONTINUED - Ext_Surfaces
DESCRIPTION QUANTITY UNIT PRICE TAX RCV
Includes cleaning for home and garage
Totals: Ext_Surfaces 4.14 2,398.84
Front Elevation
0.00 SF Walls 0.00 SF Ceiling 0.00 SF Walls & Ceiling
0.00 SF Floor 0.00 SF Short Wall 0.00 LF Floor Perimeter
0.00 SF Long Wall 0.00 LF Ceil. Perimeter
DESCRIPTION QUANTITY UNIT PRICE TAX RCV
4. Clean with pressure/chemical spray 411.15SF 0.51 0.39 210.08
includes stairs, landings and patio
Totals: Front Elevation 0.39 210.08
Right Elevation
0.00 SF Walls 0.00 SF Ceiling 0.00 SF Walls & Ceiling
0.00 SF Floor 0.00 SF Short Wall 0.00 LF Floor Perimeter
0.00 SF Long Wall 0.00 LF Ceil. Perimeter
DESCRIPTION QUANTITY UNIT PRICE TAX RCV
5. Clean soffit - wood 48.00SF 0.60 0.05 28.85
entry soffit
* 6. Clean with pressure/chemical spray - 405.24SF 0.51 0.38 207.05
Concrete wall
Both sides
* 7. Clean with pressure/chemical spray- 1,144.00SF 0.51 1.09 584.53
Driveway
Totals: Right Elevation 1.52 820.43
Date: 4/15/2025 7:27 AM Page: 10
11
State Farm
CHEN, KENNETH 75-79J8-65X
Rear Elevation
0.00 SF Walls 0.00 SF Ceiling 0.00 SF Walls & Ceiling
0.00 SF Floor 0.00 SF Short Wall 0.00 LF Floor Perimeter
0.00 SF Long Wall 0.00 LF Ceil. Perimeter
DESCRIPTION QUANTITY UNIT PRICE TAX RCV
8. Clean with pressure/chemical spray 670.56SF 0.51 0.64 342.63
Both sides
9. Wood fence 5'- 6' high - cedar or equal 70.00LF 63.16 179.55 4,600.75
10. R&R Tile floor covering - High grade 100.00SF 23.50 75.34 2,425.34
Replace the tile burned on the back patio
Totals: Rear Elevation 255.53 7,368.72
Left Elevation
0.00 SF Walls 0.00 SF Ceiling 0.00 SF Walls & Ceiling
0.00 SF Floor 0.00 SF Short Wall 0.00 LF Floor Perimeter
0.00 SF Long Wall 0.00 LF Ceil. Perimeter
DESCRIPTION QUANTITY UNIT PRICE TAX RCV
11. Clean soffit - wood 97.17SF 0.60 0.09 58.39
* 12. Clean with pressure/chemical spray- Patio 733.96SF 0.51 0.70 375.02
Tile patio
13. Tile / Cultured Marble - General Laborer - 3.00HR 61.77 0.00 185.31
per hour
Labor to fix the tile on the outdoor fireplace
14. Clean with pressure/chemical spray 431.12SF 0.51 0.41 220.28
Clean backside of concrete wall at pool
Totals: Left Elevation 1.20 839.00
Area Totals: Exterior
3,581.77 SF Walls 486.22 Exterior Perimeter 3,581.77SF Walls and Ceiling
3,581.77 Exterior Wall Area of Walls 486.22LF Floor Perimeter
4,558.71 Surface Area 45.59 Number of Squares 428.35Total Perimeter Length
Total: Exterior 297.52 15,006.21
Date: 4/15/2025 7:27 AM Page: 11
12
State Farm
CHEN, KENNETH 75-79J8-65X
Main Level
Guest Room Height: Sloped
2' 10" 12' 9" 1' 2" 213.60 SF Walls 122.69 SF Ceiling
336.29 SF Walls & Ceiling 122.28 SF Floor 3
"67 "47
31.40 LF Ceil. Perimeter 15.58 LF Floor Perimeter 4 0
Door 3' 1/8" X 7' 5/8" Opens into HALLWAY_2
Subroom: Guest Room Closet (2) Height: 10'
295.41 SF Walls 48.68 SF Ceiling
7' 8" 9' 3"
344.08 SF Walls & Ceiling 48.68 SF Floor
" 11
2' 10" 12' 9" 39.32 LF Ceil. Perimeter 26.56 LF Floor Perimeter 3
Door 12' 9 1/8" X 7' 8" Opens into GUEST_ROOM1
Subroom: Guest Room (1) Height: Sloped
276.06 SF Walls 113.98 SF Ceiling
"74
"9 "7
390.04 SF Walls & Ceiling 113.76 SF Floor
"22
3' 3" 3' 5" 4' 3" 2' 4"3' 1" 47.12 LF Ceil. Perimeter 27.24 LF Floor Perimeter
3' 7" 4' 1" 2' 2" 7"
Missing Wall 16' 9 1/16" X 10' 2" Opens into GUEST_ROOM1
Door 3' 1 1/16" X 8' 2 1/16" Opens into GUEST_BATHRO
Window 3' 4 1/2" X 5' Opens into Exterior
DESCRIPTION QUANTITY UNIT PRICE TAX RCV
** FLOORING **
15. HEPA Vacuuming - Detailed - (PER SF) 284.71SF 0.81 0.00 230.62
16. Clean floor 284.71SF 0.69 0.27 196.72
** WALLS **
17. HEPA Vacuuming - Detailed - (PER SF) 785.07SF 0.81 0.00 635.91
18. Clean the walls 785.07SF 0.57 0.75 448.24
19. Clean door / window opening (per side) 4.00EA 21.03 0.02 84.14
20. Clean door - French (per side) 1.00EA 36.03 0.01 36.04
Date: 4/15/2025 7:27 AM Page: 12
13
State Farm
CHEN, KENNETH 75-79J8-65X
CONTINUED - Guest Room
DESCRIPTION QUANTITY UNIT PRICE TAX RCV
21. Clean door - bypass set (per side) 2.00EA 23.29 0.10 46.68
22. Clean door hardware 5.00EA 10.72 0.10 53.70
23. Clean window unit (per side) 10 - 20 SF 1.00EA 24.40 0.00 24.40
24. Clean register - heat / AC 2.00EA 9.13 0.00 18.26
** CEILING **
25. HEPA Vacuuming - Detailed - (PER SF) 285.34SF 0.81 0.00 231.13
26. Clean the ceiling 285.34SF 0.57 0.27 162.91
27. Clean recessed light fixture 7.00EA 17.15 0.06 120.11
28. Clean smoke/carbon monoxide detector 1.00EA 10.12 0.00 10.12
CONTENT MANIPULATION
29. Content Manipulation charge - per hour 1.00HR 61.77 0.00 61.77
to facilitate cleaning of the room by moving things in place
Totals: Guest Room 1.58 2,360.75
Guest Bathroom Height: 8'
2' 4" 3' 1"5" 5' 1"
2' 2" 7"VVaannii5ttyy' 113 "((BB11)) 177.90 SF Walls 98.98 SF Ceiling "74 "94
276.88 SF Walls & Ceiling 76.20 SF Floor
"901 "501
34.75 LF Ceil. Perimeter 21.56 LF Floor Perimeter "22
"2
"112
2' 4' 3
2' 4" 4"
Window 4' X 3' Opens into Exterior
Door 3' 1 1/16" X 8' 2 1/16" Opens into GUEST_ROOM
Door 2' 2" X 7' 11" Opens into GUEST_BEDRO4
Date: 4/15/2025 7:27 AM Page: 13
14
VVaanniittyy11 ((BB11))
))
State Farm
GGuueeCssttH BBEaaNtthh,rr KooooEmmNNETH 75-79J8-65X
4' 11" Subroom: Guest Bathroom (1) Height: 8'
61.82 SF Walls 13.39 SF Ceiling
4' 7" "3 "11 "1
SShhoowweerr11 ((BB44)) 75.21 SF Walls & Ceiling
'3 '3
7.49 LF Ceil. Perimeter '2
4' 11"
Missing Wall - Goes to Ceiling 4' 6 9/16" X 7' 9" Opens into GUEST_BATHRO
Missing Wall - Goes to Ceiling 2' 11 5/16" X 7' 9" Opens into GUEST_BATHRO
DESCRIPTION QUANTITY UNIT PRICE TAX RCV
** FLOORING **
30. HEPA Vacuuming - Detailed - (PER SF) 76.20SF 0.81 0.00 61.72
31. Clean floor - tile 76.20SF 0.95 0.51 72.90
** WALLS **
32. HEPA Vacuuming - Detailed - (PER SF) 239.72SF 0.81 0.00 194.17
33. Clean the walls 239.72SF 0.57 0.23 136.87
34. Clean door / window opening (per side) 3.00EA 21.03 0.01 63.10
35. Clean door - French (per side) 2.00EA 36.03 0.02 72.08
36. Clean window unit (per side) 10 - 20 SF 1.00EA 24.40 0.00 24.40
37. Clean register - heat / AC 1.00EA 9.13 0.00 9.13
** FIXTURES **
38. Clean vanity - inside and out 12.43LF 21.36 0.13 265.63
39. Clean countertop 24.86SF 1.19 0.05 29.63
40. Clean sink 2.00EA 21.03 0.01 42.07
41. Clean sink faucet 2.00EA 15.65 0.00 31.30
42. Clean mirror 25.00SF 1.15 0.02 28.77
43. Clean light bar 2.00EA 29.78 0.02 59.58
44. Clean toilet 1.00EA 35.35 0.00 35.35
45. Clean toilet seat 1.00EA 7.62 0.00 7.62
46. Clean toilet paper dispenser 1.00EA 11.40 0.00 11.40
Date: 4/15/2025 7:27 AM Page: 14
15
State Farm
CHEN, KENNETH 75-79J8-65X
CONTINUED - Guest Bathroom
DESCRIPTION QUANTITY UNIT PRICE TAX RCV
47. Clean towel bar 1.00EA 11.38 0.00 11.38
48. Clean shower 1.00EA 70.11 0.01 70.12
49. Clean tub / shower faucet 1.00EA 22.77 0.00 22.77
50. Clean shower door 1.00EA 28.79 0.01 28.80
BB
** CEILING **
51. HEPA Vacuuming - Detailed - (PER SF) 112.37SF 0.81 0.00 91.02
52. Clean the ceiling 112.37SF 0.57 0.11 64.16
53. Clean recessed light fixture 2.00EA 17.15 0.02 34.32
54. Clean bathroom fan 1.00EA 45.53 0.00 45.53
Totals: Guest Bathroom 1.15 1,513.82
VVaanniittyy44 ((BB
Office Bath Height: 8'
"3
139.64 SF Walls 51.09 SF Ceiling 73 013
190.74 SF Walls & Ceiling 42.39 SF Floor
25.07 LF Ceil. PFFeiirrrieemppelltaaeccree22 ((BB11)) 19.24 LF Floor Perimeter FFiirreeppllaaccee "83 "63 3
3' 1" 3' 3' 9" 3 "5
Door 2' 11 13/16" X 8' 1/16" Opens into OFFICE
Door 3' 7/16" X 8' 1 1/4" Opens into FOYER
Subroom: Office Bath (4) Height: 8'
29.16 SF Walls 0.99 SF Ceiling
3' 6"
30.15 SF Walls & Ceiling
3' 4"
SShhoowweerr66 ((BB55)) 3.65 LF Ceil. Perimeter "4
VVaanniittyy88 ((BB11))
SShhoowweerr33 ((BBSShh44oo))wweerr44 ((BB33)) GGuueesstt RRoooomm CClloossee
Missing Wall 3' 4 3/16" X 8' Opens into OFFICE_BATH2
MissinSSghh ooWwwaeellrr77 ((BB66)) 3 9/16" X 8' Opens into OFFICE_BATH1
oosseett
OOffffiiccee BBaatthh
Date: 4/15/2025 7:27 AM Page: 15
FFooyyeerr
16
22
VVaann
State Farm
CHEN, KENNETH 75-79J8-65X
SShhoowweerr66 ((BB55))
VVaanniittyy88 ((BB11))
Subroom: Office Bath (3) Height: 8'
SShhoowweerr33 SS((BBhhoo44ww))eerr44 ((BB33)) GGuueesstt RRoooomm CClloosseett ((22))
FFiirreeppllaaccee22 ((BB11))
3.58 SF Walls FFiirreeppllaaccee 1.03 SF Ceiling
SShhoowweerr77 ((BB66)) 4.61 SF Walls & Ceiling "6 "4
iiccee CClloosseett 3' 4"
OOffffiiccee BBaatthh 0.31 LF Ceil. Perimeter BBaatthhttuubb11 ((BB22))
SShhoowweerr22 ((BB33))
FFooyyeerr
Missing Wall - Goes to Ceiling 3' 4 3/16" X 7' 8" Opens into OFFICE_BATH
GGuueesstt RRoooomm
Missing Wall 3 11/16" X 8' Opens into OFFICE_BATH1
Missing Wall 3' 4 3/16" X 8' Opens into OFFICE_BATH2
3' 4" Subroom: Office Bath (2) Height: Tray
SShhoowweerr66 ((BB55)) VVaanniittyy44 ((BB11))
VVaanniittyy88 ((BB112))1.33 SF Walls 12.17 SF Ceiling
MMaasstteerr BBaatthhrroooomm
SShhoowweerr33 ((BBSS44hh))oowweerr44 ((BB33)) 33.50 SF Walls & Ceiling GGuueesstt RRoooomm "8
2.67 LF Ceil. Perimeter
'2
FFiirreeppllaaccee22 ((BB11))
SShhoowweerr77 ((BB66)) FFiirreeppllaaccee
eett
Missing Wall OOffffiiccee BBaa2tt'hh 8" X 8' Opens into OFFICE_BATH1
Missing WOOalfflffiiccee 3' 4 3/16" X 8' Opens into OFFICE_BATH3
Missing Wall 3' 4 3/16" X 8' Opens into OFFICE_BATH4
FFooyyeerr
1' 6" Subroom: Office Bath (1) Height: 8'
GGuueesstt
VVaanniittyy33 ((BB22)) SShhoowweerr66 ((BB55)) "4
20.78 SF Walls 4.30 SF Ceiling
VVaanniittyy88 ((BB11))
SShhoowweerr33 SS((BBhhoo44ww))eerr44 ((BB33)) 25.08 SF Walls & Ceiling GGuueesstt RRoooomm CClloosseett ((22)) GGuueesstt "3 "7
1.32 LF Ceil. Perimeter '3 '3
HHaallllwwaayy SShhoowweerr77 ((BB66)) "4
tt
OOffffiiccee BBaatthh
1' 8"
Missing Wall - Goes to Ceiling 3' 3 1/4" X 5' Opens into OFFICE_BATH
Missing Wall - Goes to Ceiling FFooyyeerr1' 3 13/16" X 7' 8" Opens into OFFICE_BATH
GGuueesstt RRoooomm
Missing Wall 3 11/16" X 8' Opens into OFFICE_BATH3
Missing Wall 2' 8" X 8' Opens into OFFICE_BATH2
Missing Wall 3 9/16" X 8' Opens into OFFICE_BATH4
DESCRIPTION QUANTITY UNIT PRICE TAX RCV
** FLOORING **
55. HEPA Vacuuming - Detailed - (PER SF) 42.39SF 0.81 0.00 34.34
GGuueesstt BBeeddrroooomm CCllooss
OOffffiiccee
56. Clean floor - tile 42.39SF 0.95 0.28 40.55
*OO*ff ffWiiccAeeLLS **
57. HEPA Vacuuming - Detailed - (PER SF) 214.49SF 0.81 0.00 1VV7aa3nn.7iitt4yy11 ((BB11))
VVaanniittyy33 ((BB22))
Date: 4/15/2025 7:27 AM Page: 16
GGuueesstt BBaatthhrroooomm
17
State Farm
CHEN, KENNETH 75-79J8-65X
CONTINUED - Office Bath
DESCRIPTION QUANTITY UNIT PRICE TAX RCV
58. Clean the walls 214.49SF 0.57 0.20 122.46
59. Clean door / window opening (per side) 2.00EA 21.03 0.01 42.07
60. Clean door - French (per side) 2.00EA 36.03 0.02 72.08
** FIXTURES **
61. Clean vanity - inside and out 4.75LF 21.36 0.05 101.51
62. Clean countertop 9.50SF 1.19 0.02 11.33
63. Clean sink 1.00EA 21.03 0.00 21.03
64. Clean sink faucet 1.00EA 15.65 0.00 15.65
65. Clean mirror 12.00SF 1.15 0.01 13.81
66. Clean light bar 1.00EA 29.78 0.01 29.79
67. Clean toilet 1.00EA 35.35 0.00 35.35
68. Clean toilet seat 1.00EA 7.62 0.00 7.62
69. Clean toilet paper dispenser 1.00EA 11.40 0.00 11.40
70. Clean shower 1.00EA 70.11 0.01 70.12
71. Clean tub / shower faucet 1.00EA 22.77 0.00 22.77
72. Clean shower door 1.00EA 28.79 0.01 28.80
** CEILING **
73. HEPA Vacuuming - Detailed - (PER SF) 69.58SF 0.81 0.00 56.36
74. Clean the ceiling 69.58SF 0.57 0.07 39.73
75. Clean recessed light fixture 2.00EA 17.15 0.02 34.32
76. Clean bathroom fan 1.00EA 45.53 0.00 45.53
77. Clean register - heat / AC 1.00EA 9.13 0.00 9.13
Totals: Office Bath 0.71 1,039.49
Date: 4/15/2025 7:27 AM Page: 17
18
State Farm
CHEN, KENNETH 75-79J8-65X
Kitchen Height: Tray
8.74 SF Walls 160.58 SF Ceiling "57
169.32 SF Walls & Ceiling 114.75 SF Floor
48.66 LF Ceil. Perimeter
"77
WWDD
WWDD
Subroom: Kitchen (4) Height: Sloped
17.71 SF Walls 17.07 SF Ceiling
34.79 SF Walls & Ceiling 13.72 SF Floor
"4 "
16.44 LF Ceil. Perimeter 1.13 LF Floor Perimeter
Missing Wall 2' 4" X 10' 11 1/4" Opens into KITCHEN
Missing Wall 9' 3 15/16" X 10' 11 1/4" Opens into KITCHEN2
WWDD
WWDD
Missing Wall 2' 4" X 10' 11 1/4" Opens into KITCHEN3
Missing Wall - Goes to Floor 14' X 11' Opens into GREAT_ROOM_2
2' 4" Subroom: Kitchen (1) Height: Sloped
73.57 SF Walls 17.88 SF Ceiling
91.44 SF Walls & Ceiling 17.31 SF Floor "5 6
9.99 LF Ceil. Perimeter 7.42 LF Floor Perimeter 7
"1
1
Missing Wall 2' 4" X 9' Opens into KITCHEN1
Missing Wall 2' 4" X 9' Opens into KITCHEN4
Missing Wall 7' 5" X 9' Opens into KITCHEN2
WWDD
WWDD
2' 4" Subroom: Kitchen (3) Height: Sloped
26.74 SF Walls 17.88 SF Ceiling
"
44.61 SF Walls & Ceiling 3.71 SF Floor 1 "5
4
9.99 LF Ceil. Perimeter
"1
2
Missing Wall 7' 5" X 9' Opens into KITCHEN2
Missing Wall 2' 4" X 9' Opens into KITCHEN1
Window 4' 11 1/16" X 3' 9 11/16" Opens into Exterior
Missing Wall 2' 4" X 9' Opens into KITCHEN4
WWDD
WWDD
Date: 4/15/2025 7:27 AM Page: 18
19
State Farm
CHEN, KENNETH 75-79J8-65X
Subroom: Kitchen (2) Height: Sloped
2' 4" 2' 4"
187.56 SF Walls 49.22 SF Ceiling
236.78 SF Walls & Ceiling 25.80 SF Floor "11 "77 "78 "98
35.88 LF Ceil. Perimeter 11.25 LF Floor Perimeter
Missing Wall 7' 7" X 9' Opens into KITCHEN2
Missing Wall 9' 3 15/16" X 9' Opens into KITCHEN2
Missing Wall 7' 7" X 9' Opens into KITCHEN2
Missing Wall 2' 4" X 9' Opens into KITCHEN3
Window 5' 11 1/8" X 3' 5 3/4" Opens into Exterior
Missing Wall 2' 4" X 9' Opens into KITCHEN
DESCRIPTION QUANTITY UNIT PRICE TAX RCV
** FLOORING **
78. HEPA Vacuuming - Detailed - (PER SF) 175.29SF 0.81 0.00 141.98
79. Clean floor - tile 175.29SF 0.95 1.17 167.70
** WALLS **
80. HEPA Vacuuming - Detailed - (PER SF) 314.32SF 0.81 0.00 254.60
81. Clean the walls 314.32SF 0.57 0.30 179.46
82. Clean door / window opening (per side) 2.00EA 21.03 0.01 42.07
83. Clean window unit (per side) 10 - 20 SF 2.00EA 24.40 0.00 48.80
** CABINETRY / HARDWARE / ACCESORIES **
84. Clean cabinetry - lower - inside and out 53.07LF 23.84 0.55 1,265.74
85. Clean cabinetry - upper - inside and out 25.00LF 23.84 0.26 596.26
86. Clean cabinetry - full height - inside and 3.83LF 41.64 0.05 159.53
out
* 87. Clean cabinetry - upper - top of cabinet 25.00LF 23.27 0.26 582.01
88. Clean countertop 114.99SF 1.19 0.22 137.06
89. Clean sink 2.00EA 21.03 0.01 42.07
90. Clean sink faucet 2.00EA 15.65 0.00 31.30
91. Clean dishwasher - exterior 1.00EA 25.34 0.00 25.34
Date: 4/15/2025 7:27 AM Page: 19
20
State Farm
CHEN, KENNETH 75-79J8-65X
CONTINUED - Kitchen
DESCRIPTION QUANTITY UNIT PRICE TAX RCV
92. Clean range - exterior 1.00EA 51.02 0.05 51.07
93. Clean range hood 1.00EA 27.41 0.01 27.42
** CEILING **
94. HEPA Vacuuming - Detailed - (PER SF) 262.62SF 0.81 0.00 212.72
95. Clean the ceiling 262.62SF 0.57 0.25 149.94
96. Clean recessed light fixture 18.00EA 17.15 0.15 308.85
97. Clean register - heat / AC 2.00EA 9.13 0.00 18.26
Totals: Kitchen 3.29 4,442.18
Hallway Height: 8'
"52
282.10 SF Walls 120.61 SF Ceiling "8
"8
402.71 SF Walls & Ceiling 120.61 SF Floor 112 "76
3
50.57 LF Ceil. Perimeter 34.10 LF Floor Perimeter 3 "112
5' 3" 3' 9" 4
5' 1" 11" 11"
Door 3' 1/8" X 7' 5/8" Opens into GUEST_ROOM1
Door 2' 11 9/16" X 6' 11 1/16" Opens into GUEST_BEDROO
Door 2' 10 13/16" X 6' 11 7/8" Opens into UTILITY_ROOM
Door 3' 1 3/8" X 7' 10 7/8" Opens into BEDROOM
Subroom: Hallway (2) Height: Sloped
102.42 SF Walls 13.23 SF Ceiling
9' 1"
115.65 SF Walls & Ceiling 11.74 SF Floor "3
9' 3"
1
12.18 LF Ceil. Perimeter 9.27 LF Floor Perimeter
9' 1"
Missing Wall 9' 1 5/16" X 10' 5" Opens into HALLWAY2
Missing Wall - Goes to Floor 1' 3 7/16" X 8' Opens into HALLWAY_2
Missing Wall - Goes to Floor 1' 3 7/16" X 9' Opens into HALLWAY
Date: 4/15/2025 7:27 AM Page: 20
21
State Farm
CHEN, KENNETH 75-79J8-65X
Subroom: Hallway (3) Height: Sloped
16.75 SF Walls 9.14 SF Ceiling
25.89 SF Walls & Ceiling 6.07 SF Floor
"8
11.12 LF Ceil. Perimeter
Missing Wall 9' 1 5/16" X 12' 6" Opens into HALLWAY_1
Missing Wall - Goes to Floor 8" X 8' Opens into HALLWAY_2
Missing Wall 9' 1 5/16" X 12' 6" Opens into HALLWAY1
Missing Wall - Goes to Floor 8" X 9' Opens into HALLWAY
Subroom: Hallway (1) Height: Peaked
153.82 SF Walls 64.13 SF Ceiling
1' 3" 5' 6" "82 "62
217.96 SF Walls & Ceiling 63.02 SF Floor "64
6' 2" 7' 8" 25.43 LF Ceil. Perimeter 14.38 LF Floor Perimeter "3
VVaanniittyy88 ((BB11)) 5' 10" 7' 8"
Missing Wall 7' 2 7/8" X 12' Opens into GREAT_ROOM1
Missing Wall - Goes to Ceiling 5' 5 7/8" X 9' Opens into FIREPLACE
Missing Wall 4' 5 11/16" X 12' Opens into GREAT_ROOM_2
Missing Wall - Goes to Floor 6' 1 15/16" X 9' 10" Opens into FOYER
Missing Wall - Goes to Floor 1' 3 7/16" X 9' Opens into HALLWAY1
Missing Wall - Goes to Floor 8" X 9' Opens into HALLWAY2
Missing Wall - Goes to Floor 2' 8 1/4" X 9' Opens into HALLWAY_1
Subroom: Hallway 2 (4) Height: Sloped
129.72 SF Walls 24.95 SF Ceiling
9' 1"
154.66 SF Walls & Ceiling 22.96 SF Floor
"8 "6
23.69 LF Ceil. Perimeter 9.11 LF Floor Perimeter 2 2
Missing Wall 9' 1 5/16" X 12' Opens into HALLWAY2
Missing Wall - Goes to Floor 2' 6 1/4" X 8' Opens into HALLWAY_2
Missing Wall - Goes to Floor 2' 6 1/4" X 9' Opens into HALLWAY
DESCRIPTION QUANTITY UNIT PRICE TAX RCV
** FLOORING **
98. HEPA Vacuuming - Detailed - (PER SF) 224.40SF 0.81 0.00 181.76
99. Clean floor - tile 224.40SF 0.95 1.49 214.67
Date: 4/15/2025 7:27 AM Page: 21
22
State Farm
CHEN, KENNETH 75-79J8-65X
CONTINUED - Hallway
DESCRIPTION QUANTITY UNIT PRICE TAX RCV
** WALLS **
100. HEPA Vacuuming - Detailed - (PER SF) 684.81SF 0.81 0.00 554.70
101. Clean the walls 684.81SF 0.57 0.65 390.99
102. Clean door / window opening (per side) 4.00EA 21.03 0.02 84.14
103. Clean door (per side) 4.00EA 11.59 0.08 46.44
104. Clean door hardware 4.00EA 10.72 0.08 42.96
105. Clean thermostat 1.00EA 20.69 0.00 20.69
** CEILING **
106. HEPA Vacuuming - Detailed - (PER SF) 232.06SF 0.81 0.00 187.97
107. Clean the ceiling 232.06SF 0.57 0.22 132.49
108. Clean recessed light fixture 5.00EA 17.15 0.04 85.79
109. Clean smoke/carbon monoxide detector 1.00EA 10.12 0.00 10.12
110. Clean cold air return cover 1.00EA 14.08 0.01 14.09
111. Clean door / window opening (per side) 1.00EA 21.03 0.00 21.03
112. Clean roof window or skylight 1.00EA 54.66 0.01 54.67
Totals: Hallway 2.60 2,042.51
Master Bathroom Height: 8'
"011
189.65 SF Walls 109.47 SF Ceiling "21 "41
299.12 SF Walls & Ceiling 90.54 SF Floor "112
30.24 LF Ceil. Perimeter 26.91 LF Floor Perimeter
"013
Door 2' 10 13/16" X 7' 10 7/8" Opens into BEDROOM
Date: 4/15/2025 7:27 AM Page: 22
23
State Farm
CHEN, KENNETH 75-79J8-65X
4' 11" Subroom: Master Bathroom (2) Height: 8'
4' 9"
102.01 SF Walls 27.97 SF Ceiling " "1
129.98 SF Walls & Ceiling 1 "11 "3
3
10.65 LF Ceil. Perimeter 5 6
"01
2
1
5' 1"
Missing Wall - Goes to Ceiling 4' 1 1/8" X 4' 5" Opens into MASTER_BATH1
Missing Wall - Goes to Ceiling 1' 10" X 7' 8" Opens into MASTER_BATHR
Missing Wall - Goes to Ceiling 4' 8 11/16" X 7' 8" Opens into MASTER_BATHR
Subroom: Master Bathroom (1) Height: 8'
1' 1" 5' 9"
51.47 SF Walls 25.59 SF Ceiling
11" 7"
77.06 SF Walls & Ceiling BBaatthhttuubb11 ((BB22)) "11 "1
SShhoowweerr22 ((BB33)) 10.45 LF Ceil. Perimeter
3 4
6' 6"
Window 5' 1/8" X 5' 1/4" Opens into Exterior
Missing Wall - Goes to Ceiling 6' 6 1/4" X 6' 5" Opens into MASTER_BATHR
Missing Wall - Goes to Ceiling 3' 11 1/8" X 4' 5" Opens into MASTER_BATH2
VVaanniittyy44 ((BB11))
DESCRIPTIOMMNaasstteerr BBaatthhrroooomm QUANTITY UNIT PRICE TAX RCV
BBeeddrroooomm
** FLOORING **
113. HEPA Vacuuming - Detailed - (PER SF) 90.54SF 0.81 0.00 73.34
114. Clean floor - tile LLiinnee9nn 0CC.ll5oo4sseettSF 0.95 0.60 86.61
** WALLS **
115. HEPA Vacuuming - Detailed - (PER SF) 343.13SF MMaasstteerr CClloosseett 0.81MMaasstteerr CClloosseett HHeerrss 0.00 277.94
GGuueesstt RRoooomm CClloosseett ((22))
116. Clean the walls 343.13SF 0.57 0.33 195.91
HHaallllwwaayy
117. Clean door / window opening (per side) 2.00EA 21.03 0.01 42.07
118. Clean door - French (per side) 1.00EA 36.03 0.01 36.04
GGuueesstt RRoooomm
UUttiilliittyy RRoooomm
119. Clean window unit (per side) 10 - 20 SF 1.00EA 24.40 0.00 24.40
FFuullll HHeeiigghhtt22 ((BB66)) LLoowweerr CCaabbiinn22 ((BB22))
UUppppeerr CCaabbiinn22 ((BB11))
** FIXTURES **
120. Clean vanity - inside and out 10.33LF 21.36 0.11 220.76
121. Clean countertop GGuueesstt BBeeddrroooomm CClloosseett 10.33SF GGuueesstt BBeedd1rr.oo1oo9mm 0.02 12.31
122. Clean sink 2.00EA 21.03 0.01 42.07
Date: 4/15/2025 7:27 AM VVaanniittyy11 ((BB11)) Page: 23
VVaanniittyy33 ((BB22))
GGuueesstt BBaatthhrroooomm
24
State Farm
CHEN, KENNETH 75-79J8-65X
CONTINUED - Master Bathroom
DESCRIPTION QUANTITY UNIT PRICE TAX RCV
123. Clean sink faucet 2.00EA 15.65 0.00 31.30
124. Clean mirror 24.00SF 1.15 0.02 27.62
125. Clean light bar 3.00EA 29.78 0.03 89.37
126. Clean toilet 1.00EA 35.35 0.00 35.35
127. Clean toilet seat 1.00EA 7.62 0.00 7.62
128. Clean toilet paper dispenser 1.00EA 11.40 0.00 11.40
129. Clean towel bar 1.00EA 11.38 0.00 11.38
130. Clean tub 1.00EA 34.18 0.01 34.19
131. Clean shower 1.00EA 70.11 0.01 70.12
132. Clean tub / shower faucet 2.00EA 22.77 0.01 45.55
133. Clean shower door 2.00EA 28.79 0.02 57.60
** CEILING **
134. HEPA Vacuuming - Detailed - (PER SF) 163.04SF 0.81 0.00 132.06
135. Clean the ceiling 163.04SF 0.57 0.15 93.08
136. Clean recessed light fixture 4.00EA 17.15 0.03 68.63
137. Clean bathroom fan 1.00EA 45.53 0.00 45.53
138. Clean register - heat / AC 1.00EA 9.13 0.00 9.13
139. Clean door / window opening (per side) 1.00EA 21.03 0.00 21.03
140. Clean door (per side) 1.00EA 11.59 0.02 11.61
Totals: Master Bathroom 1.39 1,814.02
Date: 4/15/2025 7:27 AM Page: 24
25
State Farm
CHEN, KENNETH 75-79J8-65X
Office Height: Sloped
308.03 SF Walls 134.41 SF Ceiling "
"34 2
WWDD 442.44 SF Walls & Ceiling 133.36 SF Floor WWDD "28
"15
32.79 LF Ceil. Perimeter 32.66 LF Floor Perimeter "113
4' 1" 8' 7" 3' 9" VVaanniittyy33 ((BB22))
4' 5" 4' 1"
Window 8' 7 1/8" X 5' Opens into Exterior
Subroom: Office (1) Height: Sloped
209.62 SF Walls 89.73 SF Ceiling
3' 1" 3' 1" 3' 3' 9"
299.34 SF Walls & Ceiling 89.45 SF Floor 5
13
5
43.75 LF Ceil. Perimeter 18.20 LF Floor Perimeter
16' 5" 2
WWDD
WWDD
Door 3' 7/8" X 7' 11 11/16" Opens into FOYER
Door 2' 11 13/16" X 8' 1/16" Opens into OFFICE_BATH
Door 3' 5/8" X 7' 11 1/4" Opens into OFFICE_CLOSE
Missing Wall 16' 4 13/16" X 10' Opens into OFFICE1
DESCRIPTION QUANTITY UNIT PRICE TAX RCV
** FLOORING **
141. HEPA Vacuuming - Detailed - (PER SF) 222.81SF 0.81 0.00 180.48
142. Clean floor 222.81SF 0.69 0.21 153.95
** WALLS **
143. HEPA Vacuuming - Detailed - (PER SF) 517.65SF 0.81 0.00 419.30
144. Clean the walls 517.65SF 0.57 0.49 295.55
145. Clean door / window opening (per side) 4.00EA 21.03 0.02 84.14
146. Clean door - French (per side) 3.00EA 36.03 0.03 108.12
147. Clean door hardware 2.00EA 10.72 0.04 21.48
148. Clean window unit (per side) 10 - 20 SF 3.00EA 24.40 0.01 73.21
149. Clean register - heat / AC 2.00EA 9.13 0.00 18.26
150. Clean thermostat 1.00EA 20.69 0.00 20.69
** CEILING **
151. HEPA Vacuuming - Detailed - (PER SF) 224.13SF 0.81 0.00 181.55
Date: 4/15/2025 7:27 AM Page: 25
26
State Farm
CHEN, KENNETH 75-79J8-65X
CONTINUED - Office
DESCRIPTION QUANTITY UNIT PRICE TAX RCV
152. Clean the ceiling 224.13SF 0.57 0.21 127.96
153. Clean recessed light fixture 6.00EA 17.15 0.05 102.95
154. Clean light fixture 1.00EA 17.13 0.01 17.14
CONTENT MANIPULATION
155. Content Manipulation charge - per hour 1.00HR 61.77 0.00 61.77
to facilitate cleaning of the room by moving things in place
Totals: Office 1.07 1,866.55
BBeeddrroooomm
1' 10" Linen Closet Height: 8'
"3
49.63 SF Walls 3.67 SF Ceiling
"7 "5
53.30 SF Walls & Ceiling 3.67 SF Floor LLiinneenn CClloosseett '2
7.89 LF Ceil. Perimeter 5.87 LF Floor Perimeter '2 '2
"6
1' 10"
Door 2' 3/16" X 6' 8 5/16" Opens into MASTER_CLOS5
MMaasstteerr CClloosseett MMaasstteerr CClloosseett HHeerrss
DESCRIPTION QUANTITY UNIT PRICE TAX RCV
** FLOORING **
llllwwaayy 156. HEPA Vacuuming - Detailed - (PER SF) 3.67SF 0.81 0.00 2.97
157. Clean floor 3.67SF 0.69 0.00 2.53
** WALLS **
158. HEPA Vacuuming - Detailed - (PER SF) 49.63SF 0.81 0.00 40.20
UUttiilliittyy RRoooomm
159. Clean the walls 49.63SF 0.57 0.05 28.34
160. Clean door /FF wuuillnlld HHowee iioggphhettn22in ((gBB (66pe))r sidLLeoo)wweerr CCaabbii1nn.0220 ((EBBA22)) 21.03 0.00 21.03
UUppppeerr CCaabbiinn22 ((BB11))
161. Clean door (per side) 1.00EA 11.59 0.02 11.61
Date: 4/15/2025 7:27 AM Page: 26
mm CClloosseett GGuueesstt BBeeddrroooomm
27
State Farm
CHEN, KENNETH 75-79J8-65X
CONTINUED - Linen Closet
DESCRIPTION QUANTITY UNIT PRICE TAX RCV
162. Clean closet shelf and rod per lineal foot 2.45LF 1.73 0.01 4.25
** CEILING **
163. HEPA Vacuuming - Detailed - (PER SF) 3.67SF 0.81 0.00 2.97
164. Clean the ceiling 3.67SF 0.57 0.00 2.09
Totals: Linen Closet 0.08 115.99
Great Room 2 Height: Peaked
301.64 SF Walls 235.69 SF Ceiling
"
537.33 SF Walls & Ceiling 228.34 SF Floor
"74 "64 2
14' 2" 16' 9" 72.82 LF Ceil. Perimeter 22.78 LF Floor Perimeter "
6' 4" 4' 8"4' 9"
Door 4' 7 1/2" X 7' 8" Opens into Exterior
Window 4' 7" X 1' 10" Opens into Exterior
Missing Wall - Goes to Floor 14' X 11' Opens into KITCHEN4
Missing Wall 4' 5 11/16" X 11' 6" Opens into HALLWAY
Subroom: Great Room 2 (5) Height: Sloped
13.87 SF Walls 179.72 SF Ceiling
193.59 SF Walls & Ceiling 179.20 SF Floor
36.72 LF Ceil. Perimeter 0.38 LF Floor Perimeter "55 "85
30' 9"
Missing Wall 5' 7 5/8" X 11' Opens into GREAT_ROOM
Missing Wall 30' 10 13/16" X 11' Opens into GREAT_ROOM_3
Door 5' 5" X 7' 8" Opens into Exterior
Window 5' 5" X 1' 10" Opens into Exterior
Missing Wall 30' 8 13/16" X 11' Opens into GREAT_ROOM_2
Date: 4/15/2025 7:27 AM Page: 27
28
State Farm
CHEN, KENNETH 75-79J8-65X
Subroom: Great Room 2 (1) Height: Sloped
18' 5" 16' 2"
8' 23' 7"
133.45 SF Walls 193.16 SF Ceiling
18' 5" 12' 11"
7"7' 1" 7' 1" 11' 11" 10" 326.61 SF Walls & Ceiling 191.34 SF Floor
"95 "26
18' 1" 37.15 LF Ceil. Perimeter BBaatthh5tt.uu21bb11L F((BB F22lo))or Perimeter
SShhoowweerr22 ((BB
Door 5' 9" X 7' 8" Opens into Exterior
Window 5' 9" X 1' 10" Opens into Exterior
Missing Wall 30' 10 13/16" X 11' Opens into GREAT_ROOM_1
Missing Wall 6' 2 5/16" X 11' Opens into GREAT_ROOM2
Door 7' 13/16" X 7' 8" Opens into Exterior
Window 7' 1" X 1' 10" Opens into Exterior
Door 7' 1" X 7' 8" Opens into Exterior
Window 7' 1" X 1' 10" Opens into Exterior
VVaanniittyy44 ((BB11))
Door 11' 11 3/4" X 7' 8" Opens into Exterior
Window 11' 11" X 1' 10" Opens into Exterior
MMaasstteerr BBaatthhrroooomm
1' 3" Subroom: Void (6) Height: Sloped
76.07 SF Walls 1.95 SF Ceiling
9"
78.02 SF Walls & Ceiling 1.81 SF Floor "1 "5
FFiirreeppllaaccee22 ((BB11))
FFiirreeppllaaccee
6.72 LF Ceil. Perimeter 6.35 LF Floor Perimeter
'3 '2
Subroom: Great Room (4) Height: Sloped
2' 3" 9' 4" 2' 4"
2' 3" 9' 4" 2' 4" 145.32 SF Walls 86.33 SF Ceiling
231.64 SF Walls & Ceiling 85.51 SF Floor "11
"
20.06 LF Ceil. Perimeter 10.66 LF Floor Perimeter 6
"111
VVaanniittyy88 ((BB11))
Door 9' 4 1/16" X 7' 8" Opens into Exterior
GGuueesstt RRoooomm CClloosseett ((22))
Window 9' 4" X 1' 10" Opens into Exterior
Missing Wall 6' 2 5/16" X 11' Opens into GREAT_ROOM_3
Missing Wall 13' 9 11/16" X 11' Opens into GREAT_ROOM
OOffffiiccee BBaatthh
FFooyyeerr
GGuueesstt RRoooomm
Date: 4/15/2025 7:27 AM Page: 28
29
State Farm
CHEN, KENNETH 75-79J8-65X
Subroom: Great Room (2) Height: Sloped
107.27 SF Walls 79.23 SF Ceiling
186.50 SF Walls & Ceiling 79.00 SF Floor
26.36 LF Ceil. Perimeter 12.53 LF Floor Perimeter
"85 "015
1' 3" 5' 6"
Missing Wall 7' 2 7/8" X 11' Opens into GREAT_ROOM1
Missing Wall - Goes to neither Floor/Ceiling 5' 5 7/8" X 6' 4" Opens into FIREPLACE
Missing Wall 5' 7 5/8" X 11' Opens into GREAT_ROOM_1
Missing Wall 13' 9 11/16" X 11' Opens into GREAT_ROOM2
Subroom: Great Room (3) Height: Sloped
58.04 SF Walls 21.51 SF Ceiling
7' 3" 79.55 SF Walls & Ceiling 20.01 SF Floor "5 "9 " "7
8" 20.78 LF Ceil. Perimeter 5.86 LF Floor Perimeter 1 2
Missing Wall 7' 2 7/8" X 11' 6" Opens into GREAT_ROOM
Missing Wall 8 7/16" X 11' 6" Opens into GREAT_ROOM1
Missing Wall - Goes to Ceiling 1' 3 3/4" X 8' 6" Opens into FIREPLACE
Missing Wall 7' 2 7/8" X 11' 6" Opens into HALLWAY
DESCRIPTION QUANTITY UNIT PRICE TAX RCV
** FLOORING **
165. HEPA Vacuuming - Detailed - (PER SF) 785.21SF 0.81 0.00 636.02
166. Clean floor - tile 785.21SF 0.95 5.22 751.17
** WALLS **
167. HEPA Vacuuming - Detailed - (PER SF) 835.67SF 0.81 0.00 676.89
168. Clean the walls 835.67SF 0.57 0.79 477.12
169. Clean door / window opening (per side) 7.00EA 21.03 0.03 147.24
170. Clean patio door (sliding glass) (per side) 6.00EA 63.28 0.71 380.39
171. Clean door - French double door set (per 1.00EA 72.01 0.02 72.03
side)
172. Clean door hardware 14.00EA 10.72 0.29 150.37
173. Clean window unit (per side) 10 - 20 SF 4.00EA 24.40 0.01 97.61
Date: 4/15/2025 7:27 AM Page: 29
30
State Farm
CHEN, KENNETH 75-79J8-65X
CONTINUED - Great Room 2
DESCRIPTION QUANTITY UNIT PRICE TAX RCV
174. Clean window unit (per side) 3 - 9 SF 9.00EA 17.07 0.01 153.64
175. Clean thermostat 3.00EA 20.69 0.00 62.07
176. Clean cold air return cover 1.00EA 14.08 0.01 14.09
177. Clean fireplace screen 2.00EA 48.77 0.00 97.54
** CEILING **
178. HEPA Vacuuming - Detailed - (PER SF) 797.58SF 0.81 0.00 646.04
179. Clean the ceiling 797.58SF 0.57 0.76 455.38
180. Clean recessed light fixture 34.00EA 17.15 0.29 583.39
CONTENT MANIPULATION
181. Content Manipulation charge - per hour 1.00HR 61.77 0.00 61.77
to facilitate cleaning of the room by moving things in place
Totals: Great Room 2 8.14 5,462.76
Office Closet Height: 8'
"3
190.41 SF Walls 44.84 SF Ceiling
3
"3 "
235.25 SF Walls & Ceiling 44.84 SF Floor
7 7
"6
26.83 LF Ceil. Perimeter 23.78 LF Floor Perimeter
3
1' 10" 3' 1" 1' 6"
Door 3' 5/8" X 7' 11 1/4" Opens into OFFICE
DESCRIPTION QUANTITY UNIT PRICE TAX RCV
** FLOORING **
182. HEPA Vacuuming - Detailed - (PER SF) 44.84SF 0.81 0.00 36.32
183. Clean floor 44.84SF 0.69 0.04 30.98
Date: 4/15/2025 7:27 AM Page: 30
31
State Farm
CHEN, KENNETH 75-79J8-65X
CONTINUED - Office Closet
DESCRIPTION QUANTITY UNIT PRICE TAX RCV
** WALLS **
184. HEPA Vacuuming - Detailed - (PER SF) 190.41SF 0.81 0.00 154.23
185. Clean the walls 190.41SF 0.57 0.18 108.71
186. Clean door / window opening (per side) 1.00EA 21.03 0.00 21.03
187. Clean door - French (per side) 1.00EA 36.03 0.01 36.04
188. Clean shelving - wood 11.89LF 1.45 0.06 17.30
** CEILING **
189. HEPA Vacuuming - Detailed - (PER SF) 44.84SF 0.81 0.00 36.32
190. Clean the ceiling 44.84SF 0.57 0.04 25.60
191. Clean light fixture 1.00EA 17.13 0.01 17.14
Totals: Office Closet 0.34 483.67
Bedroom Height: Sloped
"5
282.67 SF Walls 171.12 SF Ceiling
"
453.78 SF Walls & Ceiling 166.44 SF Floor "013 3
1' 10"4' 11" 1' 9" 6'
61.28 LF Ceil. Perimeter 20.59 LF Floor Perimeter
6" 1' 6" 1' 7" 2'
Door 2' 10 13/16" X 7' 10 7/8" Opens into MASTER_BATHR
Door 3' 1 3/8" X 7' 10 7/8" Opens into HALLWAY_2
Door 4' 11 1/2" X 8' 1/16" Opens into MASTER_CLOS5
Door 6' 5/16" X 7' 11 1/4" Opens into MASTER_CLOSE
Window 3' 6" X 3' 6" Opens into Exterior
Date: 4/15/2025 7:27 AM Page: 31
32
State Farm
CHEN, KENNETH 75-79J8-65X
Subroom: Bedroom (2) Height: Sloped
258.38 SF Walls 136.65 SF Ceiling
5' 8" 12' 8" 5' 8"
395.03 SF Walls & Ceiling 135.59 SF Floor 2
0 "63
0
58.32 LF Ceil. Perimeter 22.25 LF Floor Perimeter 5
2
Missing Wall 23' 3 1/2" X 9' 10 1/2" Opens into BEDROOM4
Window 3' 6" X 3' 6" Opens into Exterior
Door 12' 8 3/16" X 7' 6 3/16" Opens into Exterior
Subroom: Bedroom (1) Height: Sloped
44.53 SF Walls 52.71 SF Ceiling
97.25 SF Walls & Ceiling 52.41 SF Floor "2 "32
4.53 LF Ceil. Perimeter 4.50 LF Floor Perimeter
Missing Wall 23' 3 1/2" X 9' 9 1/2" Opens into BEDROOM
Missing Wall 23' 3 1/2" X 9' 9 1/2" Opens into BEDROOM4
Subroom: Bedroom (3) Height: Sloped
46.13 SF Walls 54.36 SF Ceiling
100.49 SF Walls & Ceiling 54.35 SF Floor "42
27.96 LF Ceil. Perimeter 4.67 LF Floor Perimeter
Missing Wall 23' 3 1/2" X 9' 9 1/2" Opens into BEDROOM3
Missing Wall 23' 3 1/2" X 9' 9 1/2" Opens into BEDROOM2
DESCRIPTION QUANTITY UNIT PRICE TAX RCV
** FLOORING **
192. HEPA Vacuuming - Detailed - (PER SF) 408.79SF 0.81 0.00 331.12
193. Clean floor 408.79SF 0.69 0.39 282.46
** WALLS **
194. HEPA Vacuuming - Detailed - (PER SF) 631.71SF 0.81 0.00 511.69
195. Clean the walls 631.71SF 0.57 0.60 360.67
196. Clean door / window opening (per side) 7.00EA 21.03 0.03 147.24
197. Clean door - French (per side) 6.00EA 36.03 0.06 216.24
Date: 4/15/2025 7:27 AM Page: 32
33
State Farm
CHEN, KENNETH 75-79J8-65X
CONTINUED - Bedroom
DESCRIPTION QUANTITY UNIT PRICE TAX RCV
198. Clean patio door (sliding glass) (per side) 1.00EA 63.28 0.12 63.40
199. Clean door hardware 7.00EA 10.72 0.15 75.19
200. Clean window unit (per side) 10 - 20 SF 2.00EA 24.40 0.00 48.80
201. Clean register - heat / AC 1.00EA 9.13 0.00 9.13
202. Clean light fixture 2.00EA 17.13 0.01 34.27
** CEILING **
203. HEPA Vacuuming - Detailed - (PER SF) 414.84SF 0.81 0.00 336.02
204. Clean the ceiling 414.84SF 0.57 0.39 236.85
205. Clean recessed light fixture 10.00EA 17.15 0.09 171.59
206. Clean smoke/carbon monoxide detector 1.00EA 10.12 0.00 10.12
CONTENT MANIPULATION
207. Content Manipulation charge - per hour 1.00HR 61.77 0.00 61.77
to facilitate cleaning of the room by moving things in place
Totals: Bedroom 1.84 2,896.56
Master Closet Height: 8'
11" 4' 11" 1' 2"
233.13 SF Walls 74.80 SF Ceiling "3
2"6
307.92 SF Walls & Ceiling 74.80 SF Floor
35.79 LF Ceil. Perimeter 28.81 LF Floor Perimeter "49
17 "76
3' 4" 5' 5"
Door 4' 11 1/2" X 8' 1/16" Opens into BEDROOM
Door 2' 3/16" X 6' 8 5/16" Opens into LINEN_CLOSE2
DESCRIPTION QUANTITY UNIT PRICE TAX RCV
** FLOORING **
Date: 4/15/2025 7:27 AM Page: 33
34
State Farm
CHEN, KENNETH 75-79J8-65X
CONTINUED - Master Closet
DESCRIPTION QUANTITY UNIT PRICE TAX RCV
208. HEPA Vacuuming - Detailed - (PER SF) 74.80SF 0.81 0.00 60.59
209. Clean floor 74.80SF 0.69 0.07 51.68
** WALLS **
210. HEPA Vacuuming - Detailed - (PER SF) 233.13SF 0.81 0.00 188.84
211. Clean the walls 233.13SF 0.57 0.22 133.10
212. Clean door / window opening (per side) 2.00EA 21.03 0.01 42.07
213. Clean door - French (per side) 2.00EA 36.03 0.02 72.08
214. Clean door (per side) 1.00EA 11.59 0.02 11.61
215. Clean door hardware 1.00EA 10.72 0.02 10.74
216. Clean closet organizer and rod 3.00EA 60.69 0.44 182.51
** CEILING **
217. HEPA Vacuuming - Detailed - (PER SF) 74.80SF 0.81 0.00 60.59
218. Clean the ceiling 74.80SF 0.57 0.07 42.71
219. Clean register - heat / AC 1.00EA 9.13 0.00 9.13
220. Clean recessed light fixture 4.00EA 17.15 0.03 68.63
221. Clean smoke/carbon monoxide detector 1.00EA 10.12 0.00 10.12
CONTENT MANIPULATION
222. Content Manipulation charge - per hour 1.00HR 61.77 0.00 61.77
to facilitate cleaning of the room by moving things in place
Totals: Master Closet 0.90 1,006.17
Date: 4/15/2025 7:27 AM Page: 34
35
State Farm
CHEN, KENNETH 75-79J8-65X
Master Closet Hers Height: Tray
1' 9" 6' 6" 172.02 SF Walls 81.70 SF Ceiling
"81
253.72 SF Walls & Ceiling 75.72 SF Floor
27.48 LF Ceil. Perimeter 21.46 LF Floor Perimeter "4
7
Door 6' 5/16" X 7' 11 1/4" Opens into BEDROOM
2' Subroom: Master Closet Hers (1) Height: 8'
2'
89.78 SF Walls 13.68 SF Ceiling
103.46 SF Walls & Ceiling 13.68 SF Floor "4 "
1
11.22 LF Ceil. Perimeter 11.22 LF Floor Perimeter 7
1' 10"
Missing Wall 7' 3 3/4" X 8' Opens into MASTER_CLOSE
DESCRIPTION QUANTITY UNIT PRICE TAX RCV
** FLOORING **
223. HEPA Vacuuming - Detailed - (PER SF) 89.40SF 0.81 0.00 72.41
224. Clean floor 89.40SF 0.69 0.08 61.77
** WALLS **
225. HEPA Vacuuming - Detailed - (PER SF) 261.80SF 0.81 0.00 212.06
226. Clean the walls 261.80SF 0.57 0.25 149.48
227. Clean door / window opening (per side) 1.00EA 21.03 0.00 21.03
228. Clean door - French (per side) 2.00EA 36.03 0.02 72.08
229. Clean closet organizer and rod 3.00EA 60.69 0.44 182.51
** CEILING **
230. HEPA Vacuuming - Detailed - (PER SF) 95.38SF 0.81 0.00 77.26
231. Clean the ceiling 95.38SF 0.57 0.09 54.46
232. Clean recessed light fixture 4.00EA 17.15 0.03 68.63
233. Clean smoke/carbon monoxide detector 1.00EA 10.12 0.00 10.12
234. Clean door / window opening (per side) 1.00EA 21.03 0.00 21.03
Date: 4/15/2025 7:27 AM Page: 35
36
State Farm
CHEN, KENNETH 75-79J8-65X
CONTINUED - Master Closet Hers
DESCRIPTION QUANTITY UNIT PRICE TAX RCV
235. Clean door (per side) 1.00EA 11.59 0.02 11.61
CONTENT MANIPULATION
236. Content Manipulation charge - per hour 1.00HR 61.77 0.00 61.77
to facilitate cleaning of the room by moving things in place
Totals: Master Closet Hers 0.93 1,076.22
Guest Bedroom Height: Sloped
211.79 SF Walls 134.00 SF Ceiling
3'9" 15' 7"
11" 15' 9" 345.79 SF Walls & Ceiling 133.65 SF Floor "11 6 8
33.59 LF Ceil. Perimeter 24.85 LF Floor Perimeter
2
Door 2' 10" X 6' 8" Opens into Exterior
Door 2' 11 9/16" X 6' 11 1/16" Opens into HALLWAY_2
Door 2' 10 13/16" X 6' 11 7/8" Opens into GUEST_BEDRO1
Subroom: Guest Bedroom (1) Height: Sloped
282.97 SF Walls 125.07 SF Ceiling
"22 "52"73
408.04 SF Walls & Ceiling 120.00 SF Floor 15' 10"15' 11" "2 "
2' 6" 2' 6" 53.25 LF Ceil. Perimeter 27.64 LF Floor Perimeter 3
2' 3" 2' 7"
16' 16' 3"
Door 2' 2" X 7' 11" Opens into GUEST_BATHRO
Missing Wall 20' 6 3/8" X 9' 4" Opens into GUEST_BEDRO3
Door 2' 5" X 6' 8" Opens into Exterior
Window 2' 6" X 5' 8" Opens into Exterior
Window 2' 6" X 5' 8" Opens into Exterior
Date: 4/15/2025 7:27 AM Page: 36
37
State Farm
CHEN, KENNETH 75-79J8-65X
Subroom: Guest Bedroom (2) Height: Sloped
57.69 SF Walls 103.98 SF Ceiling
"2"84"2
161.67 SF Walls & Ceiling 102.66 SF Floor
"
5
30.66 LF Ceil. Perimeter 5.33 LF Floor Perimeter 4
Missing Wall 20' 6 3/8" X 8' 6" Opens into GUEST_BEDRO4
Door 4' 8" X 6' 8" Opens into Exterior
Missing Wall 20' 6 3/8" X 8' 6" Opens into GUEST_BEDROO
DESCRIPTION QUANTITY UNIT PRICE TAX RCV
** FLOORING **
237. HEPA Vacuuming - Detailed - (PER SF) 356.32SF 0.81 0.00 288.62
238. Clean floor 356.32SF 0.69 0.34 246.20
** WALLS **
239. HEPA Vacuuming - Detailed - (PER SF) 552.45SF 0.81 0.00 447.48
240. Clean the walls 552.45SF 0.57 0.52 315.42
241. Clean door / window opening (per side) 6.00EA 21.03 0.02 126.20
242. Clean door - French (per side) 3.00EA 36.03 0.03 108.12
243. Clean patio door (sliding glass) (per side) 1.00EA 63.28 0.12 63.40
244. Clean door hardware 4.00EA 10.72 0.08 42.96
245. Clean window unit (per side) 10 - 20 SF 2.00EA 24.40 0.00 48.80
246. Clean register - heat / AC 2.00EA 9.13 0.00 18.26
247. Clean thermostat 1.00EA 20.69 0.00 20.69
** CEILING **
248. HEPA Vacuuming - Detailed - (PER SF) 363.05SF 0.81 0.00 294.07
249. Clean the ceiling 363.05SF 0.57 0.34 207.28
250. Clean recessed light fixture 10.00EA 17.15 0.09 171.59
251. Clean smoke/carbon monoxide detector 1.00EA 10.12 0.00 10.12
CONTENT MANIPULATION
Date: 4/15/2025 7:27 AM Page: 37
38
State Farm
CHEN, KENNETH 75-79J8-65X
CONTINUED - Guest Bedroom
DESCRIPTION QUANTITY UNIT PRICE TAX RCV
252. Content Manipulation charge - per hour 1.00HR 61.77 0.00 61.77
to facilitate cleaning of the room by moving things in place
Totals: Guest Bedroom 1.54 2,470.98
5' 3" Guest Bedroom Closet Height: 8'
"01
5' 1"
166.65 SF Walls 33.51 SF Ceiling
1"1
200.16 SF Walls & Ceiling 33.51 SF Floor "9 "7
23.36 LF Ceil. Perimeter 20.46 LF Floor Perimeter 6 2
"9
"1 1
5' 3"
Door 2' 10 13/16" X 6' 11 7/8" Opens into GUEST_BEDROO
DESCRIPTION QUANTITY UNIT PRICE TAX RCV
** FLOORING **
253. HEPA Vacuuming - Detailed - (PER SF) 33.51SF 0.81 0.00 27.14
254. Clean floor 33.51SF 0.69 0.03 23.15
** WALLS **
255. HEPA Vacuuming - Detailed - (PER SF) 166.65SF 0.81 0.00 134.99
256. Clean the walls 166.65SF 0.57 0.16 95.15
257. Clean door / window opening (per side) 1.00EA 21.03 0.00 21.03
258. Clean door - French (per side) 1.00EA 36.03 0.01 36.04
259. Clean shelving - wood 10.23LF 1.45 0.05 14.88
** CEILING **
260. HEPA Vacuuming - Detailed - (PER SF) 33.51SF 0.81 0.00 27.14
261. Clean the ceiling 33.51SF 0.57 0.03 19.13
Date: 4/15/2025 7:27 AM Page: 38
39
State Farm
CHEN, KENNETH 75-79J8-65X
CONTINUED - Guest Bedroom Closet
DESCRIPTION QUANTITY UNIT PRICE TAX RCV
262. Clean light fixture 1.00EA 17.13 0.01 17.14
Totals: Guest Bedroom Closet 0.29 415.79
Foyer Height: Sloped
"13 "112
228.01 SF Walls 75.29 SF Ceiling
303.29 SF Walls & Ceiling 75.05 SF Floor 3 "1121
37.49 LF Ceil. Perimeter 19.65 LF Floor Perimeter 5 "7"13 89
2
Missing Wall - Goes to Floor 5' 9 15/16" X 9' 10" Opens into HALLWAY
Door 3' 7/16" X 8' 1 1/4" Opens into OFFICE_BATH
Door 3' 7/8" X 7' 11 11/16" Opens into OFFICE
Subroom: Foyer (1) Height: Sloped
5' 10"
63.25 SF Walls 13.21 SF Ceiling "3 "5
2" 5' 3" 76.46 SF Walls & Ceiling 13.12 SF Floor 2 2
10.36 LF Ceil. Perimeter 5.10 LF Floor Perimeter
Missing Wall 5' 9 15/16" X 10' Opens into FOYER
Door 5' 2 3/4" X 8' 7/16" Opens into Exterior
DESCRIPTION QUANTITY UNIT PRICE TAX RCV
** FLOORING **
263. HEPA Vacuuming - Detailed - (PER SF) 88.17SF 0.81 0.00 71.42
264. Clean floor - tile 88.17SF 0.95 0.59 84.35
** WALLS **
265. HEPA Vacuuming - Detailed - (PER SF) 291.25SF 0.81 0.00 235.91
266. Clean the walls 291.25SF 0.57 0.28 166.29
Date: 4/15/2025 7:27 AM Page: 39
40
State Farm
CHEN, KENNETH 75-79J8-65X
CONTINUED - Foyer
DESCRIPTION QUANTITY UNIT PRICE TAX RCV
267. Clean door / window opening (per side) 4.00EA 21.03 0.02 84.14
268. Clean door - French (per side) 2.00EA 36.03 0.02 72.08
269. Clean exterior door (per side) 2.00EA 22.98 0.05 46.01
270. Clean door hardware 4.00EA 10.72 0.08 42.96
271. Clean window unit (per side) 10 - 20 SF 1.00EA 24.40 0.00 24.40
** CEILING **
272. HEPA Vacuuming - Detailed - (PER SF) 88.50SF 0.81 0.00 71.69
273. Clean the ceiling 88.50SF 0.57 0.08 50.53
274. Clean recessed light fixture 6.00EA 17.15 0.05 102.95
275. Clean smoke/carbon monoxide detector 1.00EA 10.12 0.00 10.12
Totals: Foyer 1.17 1,062.85
Utility Room Height: 8'
5' 5" 10' 210.29 SF Walls 85.78 SF Ceiling
"3
"112 "112
296.07 SF Walls & Ceiling 66.54 SF Floor
"52
42.16 LF Ceil. Perimeter 24.01 LF Floor Perimeter
Door 2' 10 15/16" X 6' 7 1/8" Opens into Exterior
Door 2' 10 13/16" X 6' 11 7/8" Opens into HALLWAY_2
DESCRIPTION QUANTITY UNIT PRICE TAX RCV
** FLOORING **
276. HEPA Vacuuming - Detailed - (PER SF) 66.54SF 0.81 0.00 53.90
277. Clean floor - tile 66.54SF 0.95 0.44 63.65
** WALLS **
Date: 4/15/2025 7:27 AM Page: 40
41
State Farm
CHEN, KENNETH 75-79J8-65X
CONTINUED - Utility Room
DESCRIPTION QUANTITY UNIT PRICE TAX RCV
278. HEPA Vacuuming - Detailed - (PER SF) 210.29SF 0.81 0.00 170.33
279. Clean the walls 210.29SF 0.57 0.20 120.07
280. Clean door / window opening (per side) 2.00EA 21.03 0.01 42.07
281. Clean door - French (per side) 2.00EA 36.03 0.02 72.08
282. Clean door hardware 1.00EA 10.72 0.02 10.74
283. Clean electrical breaker panel 1.00EA 17.17 0.01 17.18
** FIXTURES **
284. Clean cabinetry - lower - inside and out 9.33LF 23.84 0.10 222.53
285. Clean cabinetry - upper - inside and out 14.41LF 23.84 0.15 343.68
286. Clean cabinetry - full height - inside and 1.83LF 41.64 0.02 76.22
out
* 287. Clean cabinetry - upper - top of cabinet 14.41LF 23.27 0.15 335.47
288. Clean countertop 18.66SF 1.19 0.04 22.25
289. Clean sink 1.00EA 21.03 0.00 21.03
290. Clean sink faucet 1.00EA 15.65 0.00 15.65
** CEILING **
291. HEPA Vacuuming - Detailed - (PER SF) 85.78SF 0.81 0.00 69.48
292. Clean the ceiling 85.78SF 0.57 0.08 48.97
293. Clean register - heat / AC 1.00EA 9.13 0.00 9.13
294. Clean recessed light fixture 4.00EA 17.15 0.03 68.63
Totals: Utility Room 1.27 1,783.06
Area Totals: Main Level
6,612.05 SF Walls 3,364.13 SF Ceiling 9,976.18SF Walls and Ceiling
3,079.70 SF Floor 3,983.96 Total Area 623.44LF Floor Perimeter
3,524.15 Floor Area 383.40 Exterior Perimeter 1,286.84LF Ceil. Perimeter
3,109.95 Exterior Wall Area of Walls 7,181.46Interior Wall Area
Date: 4/15/2025 7:27 AM Page: 41
42
State Farm
CHEN, KENNETH 75-79J8-65X
Total: Main Level 28.29 31,853.37
General Provisions
0.00 SF Walls 0.00 SF Ceiling 0.00 SF Walls & Ceiling
0.00 SF Floor 0.00 SF Short Wall 0.00 LF Floor Perimeter
0.00 SF Long Wall 0.00 LF Ceil. Perimeter
DESCRIPTION QUANTITY UNIT PRICE TAX RCV
**SITE PROTECTION**
** EQUIPMENT **
295. Negative air fan/Air scrubber (24 hr 35.00DA 73.02 0.00 2,555.70
period) - No monit.
296. Add for HEPA filter (for negative air 1.75EA 217.22 32.60 412.74
exhaust fan)
297. Carbon vapor filter (for air scrubber) - 16" 7.00EA 78.11 37.91 584.68
x 16"
298. Equipment setup, take down, and 5.00HR 95.00 0.00 475.00
monitoring (hourly charge)
Totals: General Provisions 70.51 4,028.12
Attic
0.00 SF Walls 0.00 SF Ceiling 0.00 SF Walls & Ceiling
0.00 SF Floor 0.00 SF Short Wall 0.00 LF Floor Perimeter
0.00 SF Long Wall 0.00 LF Ceil. Perimeter
DESCRIPTION QUANTITY UNIT PRICE TAX RCV
299. R&R Batt insulation - 12" - R38 - unfaced 3,527.02SF 2.93 562.91 10,897.08
batt
Totals: Attic 562.91 10,897.08
HVAC
0.00 SF Walls 0.00 SF Ceiling 0.00 SF Walls & Ceiling
0.00 SF Floor 0.00 SF Short Wall 0.00 LF Floor Perimeter
0.00 SF Long Wall 0.00 LF Ceil. Perimeter
Date: 4/15/2025 7:27 AM Page: 42
43
State Farm
CHEN, KENNETH 75-79J8-65X
DESCRIPTION QUANTITY UNIT PRICE TAX RCV
300. Clean furnace - forced air - Large 1.00EA 134.20 0.08 134.28
301. Clean ductwork - Interior (PER 1.00EA 40.74 0.01 40.75
REGISTER)
Totals: HVAC 0.09 175.03
Area Totals: Source - EagleView Roof & Walls
10,193.82 SF Walls 3,364.13 SF Ceiling 13,557.95SF Walls and Ceiling
3,079.70 SF Floor 3,983.96 Total Area 1,109.66LF Floor Perimeter
3,524.15 Floor Area 869.63 Exterior Perimeter 1,286.84LF Ceil. Perimeter
6,691.72 Exterior Wall Area of Walls 7,181.46Interior Wall Area
4,558.71 Surface Area 45.59 Number of Squares 428.35Total Perimeter Length
Total: Source - EagleView Roof & Walls 959.32 61,959.81
Other Structures
Pool
0.00 SF Walls 0.00 SF Ceiling 0.00 SF Walls & Ceiling
0.00 SF Floor 0.00 SF Short Wall 0.00 LF Floor Perimeter
0.00 SF Long Wall 0.00 LF Ceil. Perimeter
DESCRIPTION QUANTITY UNIT PRICE TAX RCV
CLEAN POOL
302. Swimming Pool - General Laborer - per 8.00HR 61.77 0.00 494.16
hour
To clean the pool after the wildfire
303. R&R Swimming pool pump, 2 hp 1.00EA 2,332.94 66.03 2,398.97
Totals: Pool 66.03 2,893.13
Garage
Date: 4/15/2025 7:27 AM Page: 43
44
State Farm
CHEN, KENNETH 75-79J8-65X
3" Garage interior Height: 9'
1' 1' GGaarraaggee iinntteerriioorr
569.41 SF Walls 433.98 SF Ceiling
9" 1,003.38 SF Walls & Ceiling 433.98 SF Floor "0102 "612
17'
79.06 LF Ceil. Perimeter 61.31 LF Floor Perimeter
ppUU
Door 17' 9" X 8' 1/16" Opens into Exterior
Subroom: Stairs (1) Height: 9'
"
8 30.80 SF Walls 4.87 SF Ceiling
SStt3aaii' rrss7 "((111))
1' ' 35.67 SF Walls & Ceiling 10.47 SF Floor
ppUU 7
"
2' 6.46 LF Ceil. Perimeter 6.60 LF Floor Perimeter
Missing Wall 3' 6 13/16" X 9' Opens into GARAGE_INTER
Door 2' 11 7/8" X 6' 8" Opens into Exterior
Missing Wall 1' 7" X 9' Opens into GARAGE_INTER
DESCRIPTION QUANTITY UNIT PRICE TAX RCV
** FLOORING **
304. HEPA Vacuuming - Detailed - (PER SF) 444.45SF 0.81 0.00 360.00
305. Clean floor 444.45SF 0.69 0.42 307.09
** WALLS **
306. HEPA Vacuuming - Detailed - (PER SF) 600.21SF 0.81 0.00 486.17
307. Clean the walls 600.21SF 0.57 0.57 342.69
308. Clean door / window opening (per side) 2.00EA 21.03 0.01 42.07
309. Clean door - French (per side) 1.00EA 36.03 0.01 36.04
310. Clean door hardware 1.00EA 10.72 0.02 10.74
311. Clean electrical breaker panel 1.00EA 17.17 0.01 17.18
312. Clean outlet or switch 3.00EA 5.61 0.00 16.83
** CEILING **
313. HEPA Vacuuming - Detailed - (PER SF) 438.85SF 0.81 0.00 355.47
314. Clean the ceiling 438.85SF 0.57 0.42 250.56
Date: 4/15/2025 7:27 AM Page: 44
45
State Farm
CHEN, KENNETH 75-79J8-65X
CONTINUED - Garage interior
DESCRIPTION QUANTITY UNIT PRICE TAX RCV
315. Clean light fixture - fluorescent 4.00EA 22.79 0.02 91.18
316. Clean overhead (garage) door opener 1.00EA 42.65 0.00 42.65
Totals: Garage interior 1.48 2,358.67
Garage Roof
475.01 Surface Area 4.75 Number of Squares
11" 87.73 Total Perimeter Length
22' 22
DESCRIPTION QUANTITY UNIT PRICE TAX RCV
317. Clean the surface area 475.01SF 0.55 0.45 261.71
Totals: Garage Roof 0.45 261.71
Garage Exterior Door
0.00 SF Walls 0.00 SF Ceiling 0.00 SF Walls & Ceiling
0.00 SF Floor 0.00 SF Short Wall 0.00 LF Floor Perimeter
0.00 SF Long Wall 0.00 LF Ceil. Perimeter
DESCRIPTION QUANTITY UNIT PRICE TAX RCV
318. R&R Overhead door & hardware - 16' x 7' 1.00EA 1,732.73 120.16 1,852.89
Totals: Garage Exterior Door 120.16 1,852.89
Area Totals: Garage
600.21 SF Walls 438.85 SF Ceiling 1,039.06SF Walls and Ceiling
444.45 SF Floor 67.90LF Floor Perimeter
85.51LF Ceil. Perimeter
475.01 Surface Area 4.75 Number of Squares 87.73Total Perimeter Length
Total: Garage 122.09 4,473.27
Date: 4/15/2025 7:27 AM Page: 45
46
State Farm
CHEN, KENNETH 75-79J8-65X
Area Totals: Other Structures
600.21 SF Walls 438.85 SF Ceiling 1,039.06SF Walls and Ceiling
444.45 SF Floor 67.90LF Floor Perimeter
85.51LF Ceil. Perimeter
475.01 Surface Area 4.75 Number of Squares 87.73Total Perimeter Length
Total: Other Structures 188.12 7,366.40
Landscaping
0.00 SF Walls 0.00 SF Ceiling 0.00 SF Walls & Ceiling
0.00 SF Floor 0.00 SF Short Wall 0.00 LF Floor Perimeter
0.00 SF Long Wall 0.00 LF Ceil. Perimeter
DESCRIPTION QUANTITY UNIT PRICE TAX RCV
319. Plants - shrubs - deciduous - 5 gallon 3.00EA 103.53 9.91 320.50
Shrubs/bushes on top of garage
320. Plants - shrubs - evergreen - 5 gallon 8.00EA 126.76 44.08 1,058.16
Trees at rear elevation
321. R&R Artificial grass / turf 120.00SF 18.73 106.82 2,354.42
Totals: Landscaping 160.81 3,733.08
Debris Removal
0.00 SF Walls 0.00 SF Ceiling 0.00 SF Walls & Ceiling
0.00 SF Floor 0.00 SF Short Wall 0.00 LF Floor Perimeter
0.00 SF Long Wall 0.00 LF Ceil. Perimeter
DESCRIPTION QUANTITY UNIT PRICE TAX RCV
322. Haul debris - per pickup truck load - 1.00EA 200.79 0.00 200.79
including dump fees
Totals: Debris Removal 0.00 200.79
PRC RESTORATION INC.
0.00 SF Walls 0.00 SF Ceiling 0.00 SF Walls & Ceiling
0.00 SF Floor 0.00 SF Short Wall 0.00 LF Floor Perimeter
0.00 SF Long Wall 0.00 LF Ceil. Perimeter
Date: 4/15/2025 7:27 AM Page: 46
47
State Farm
CHEN, KENNETH 75-79J8-65X
DESCRIPTION QUANTITY UNIT PRICE TAX RCV
323. Cleaning (Bid Item) 1.00EA 14,137.76*EN 0.00 14,137.76
Totals: PRC RESTORATION INC. 0.00 14,137.76
Labor Minimums Applied
DESCRIPTION QUANTITY UNIT PRICE TAX RCV
324. Tile / marble labor minimum 1.00EA 323.80 0.00 323.80
Totals: Labor Minimums Applied 0.00 323.80
Line Item Totals: 75-79J8-65X 1,308.25 87,721.64
COVERAGE TAX RCV
Coverage A - Dwelling - 39 Smoke 674.52 70,588.97
Coverage A - Dwelling - 39 Smoke - Trees, Shrubs, and Landscaping 160.81 3,733.08
Coverage A - Dwelling Extension - 39 Smoke 1.43 1,264.12
Coverage A - Dwelling - 35 Windstorm and Hail 30.41 857.52
Coverage A - Dwelling - 33 Fire, Lightning, & Removal 441.08 11,277.95
Total 1,308.25 87,721.64
Grand Total Areas:
10,794.02 SF Walls 3,802.98 SF Ceiling 14,597.00 SF Walls and Ceiling
3,524.15 SF Floor 1,177.57 LF Floor Perimeter
1,372.35 LF Ceil. Perimeter
3,524.15 Floor Area 3,983.96 Total Area 7,181.46 Interior Wall Area
6,691.72 Exterior Wall Area 869.63 Exterior Perimeter of
Walls
5,033.71 Surface Area 50.34 Number of Squares 516.08 Total Perimeter Length
Date: 4/15/2025 7:27 AM Page: 47
48
Trade Summary
Includes all applicable Tax, General Contractor O&P, and Labor Minimums
DESCRIPTION LINE ITEM REPL. COST ACV NON-REC. MAX ADDL.
QTY TOTAL DEPREC. AMT AVAIL.
CLN CLEANING
Clean {V} 10,912.33SF $6,230.35 $6,230.35 $0.00 $0.00
Clean {V} 9,387.72SF $5,172.17 $5,172.17 $0.00 $0.00
Clean light bar 6.00EA $178.74 $178.74 $0.00 $0.00
Clean bathroom fan 3.00EA $136.59 $136.59 $0.00 $0.00
Cleaning (Bid Item) 1.00EA $14,137.76 $14,137.76 $0.00 $0.00
Clean door - bypass set (per side) 2.00EA $46.68 $46.68 $0.00 $0.00
Clean electrical breaker panel 2.00EA $34.36 $34.36 $0.00 $0.00
Clean cold air return cover 2.00EA $28.18 $28.18 $0.00 $0.00
Clean closet organizer and rod 6.00EA $365.02 $365.02 $0.00 $0.00
Clean closet shelf and rod per lineal foot 2.45LF $4.25 $4.25 $0.00 $0.00
Clean countertop 178.34SF $212.58 $212.58 $0.00 $0.00
Clean ductwork - Interior (PER 1.00EA $40.75 $40.75 $0.00 $0.00
REGISTER)
Clean door (per side) 8.00EA $92.88 $92.88 $0.00 $0.00
Clean door hardware 43.00EA $461.84 $461.84 $0.00 $0.00
Clean dishwasher - exterior 1.00EA $25.34 $25.34 $0.00 $0.00
Clean floor 1,963.30SF $1,356.53 $1,356.53 $0.00 $0.00
Clean sink faucet 8.00EA $125.20 $125.20 $0.00 $0.00
Clean floor - tile 1,548.74SF $1,481.60 $1,481.60 $0.00 $0.00
Clean cabinetry - full height - inside and 5.66LF $235.75 $235.75 $0.00 $0.00
out
Clean light fixture - fluorescent 4.00EA $91.18 $91.18 $0.00 $0.00
Clean door - French (per side) 29.00EA $1,045.16 $1,045.16 $0.00 $0.00
Clean door - French double door set (per 1.00EA $72.03 $72.03 $0.00 $0.00
side)
Clean furnace - forced air - Large 1.00EA $134.28 $134.28 $0.00 $0.00
Clean range hood 1.00EA $27.42 $27.42 $0.00 $0.00
HEPA Vacuuming - Detailed - (PER SF) 14,424.37SF $11,683.76 $11,683.76 $0.00 $0.00
Clean light fixture 5.00EA $85.69 $85.69 $0.00 $0.00
Clean cabinetry - lower - inside and out 62.40LF $1,488.27 $1,488.27 $0.00 $0.00
Clean mirror 61.00SF $70.20 $70.20 $0.00 $0.00
Clean overhead (garage) door opener 1.00EA $42.65 $42.65 $0.00 $0.00
Clean door / window opening (per side) 58.00EA $1,219.97 $1,219.97 $0.00 $0.00
Clean outlet or switch 3.00EA $16.83 $16.83 $0.00 $0.00
Clean patio door (sliding glass) (per side) 8.00EA $507.19 $507.19 $0.00 $0.00
Note: Slight variances may be found within report sections due to rounding
Date: 4/15/2025 7:27 AM Page: 48
49
Trade Summary
Includes all applicable Tax, General Contractor O&P, and Labor Minimums
DESCRIPTION LINE ITEM REPL. COST ACV NON-REC. MAX ADDL.
QTY TOTAL DEPREC. AMT AVAIL.
CLN CLEANING
Clean with pressure/chemical spray 411.15SF $210.08 $210.08 $0.00 $0.00
Clean with pressure/chemical spray 431.12SF $220.28 $220.28 $0.00 $0.00
Clean with pressure/chemical spray 670.56SF $342.63 $342.63 $0.00 $0.00
Clean with pressure/chemical spray - 405.24SF $207.05 $207.05 $0.00 $0.00
Concrete wall
Clean with pressure/chemical spray- Patio 733.96SF $375.02 $375.02 $0.00 $0.00
Clean with pressure/chemical spray- 1,144.00SF $584.53 $584.53 $0.00 $0.00
Driveway
Clean recessed light fixture 116.00EA $1,990.38 $1,990.38 $0.00 $0.00
Clean register - heat / AC 14.00EA $127.82 $127.82 $0.00 $0.00
Clean range - exterior 1.00EA $51.07 $51.07 $0.00 $0.00
Clean fireplace screen 2.00EA $97.54 $97.54 $0.00 $0.00
Clean shower door 4.00EA $115.20 $115.20 $0.00 $0.00
Clean soffit - wood 145.17SF $87.24 $87.24 $0.00 $0.00
Clean shelving - wood 22.12LF $32.18 $32.18 $0.00 $0.00
Clean roof window or skylight 1.00EA $54.67 $54.67 $0.00 $0.00
Clean smoke/carbon monoxide detector 7.00EA $70.84 $70.84 $0.00 $0.00
Clean sink 8.00EA $168.27 $168.27 $0.00 $0.00
Clean shower 3.00EA $210.36 $210.36 $0.00 $0.00
Clean towel bar 2.00EA $22.76 $22.76 $0.00 $0.00
Clean toilet 3.00EA $106.05 $106.05 $0.00 $0.00
Clean toilet seat 3.00EA $22.86 $22.86 $0.00 $0.00
Clean toilet paper dispenser 3.00EA $34.20 $34.20 $0.00 $0.00
Clean thermostat 6.00EA $124.14 $124.14 $0.00 $0.00
Clean tub / shower faucet 4.00EA $91.09 $91.09 $0.00 $0.00
Clean tub 1.00EA $34.19 $34.19 $0.00 $0.00
Clean cabinetry - upper - inside and out 39.41LF $939.94 $939.94 $0.00 $0.00
Clean cabinetry - upper - top of cabinet 39.41LF $917.48 $917.48 $0.00 $0.00
Clean vanity - inside and out 27.51LF $587.90 $587.90 $0.00 $0.00
Clean window unit (per side) 10 - 20 SF 17.00EA $414.82 $414.82 $0.00 $0.00
Clean window unit (per side) 3 - 9 SF 9.00EA $153.64 $153.64 $0.00 $0.00
Clean exterior door (per side) 2.00EA $46.01 $46.01 $0.00 $0.00
TOTAL CLEANING $55,291.44 $55,291.44 $0.00 $0.00
CON CONTENT MANIPULATION
Note: Slight variances may be found within report sections due to rounding
Date: 4/15/2025 7:27 AM Page: 49
50
Trade Summary
Includes all applicable Tax, General Contractor O&P, and Labor Minimums
DESCRIPTION LINE ITEM REPL. COST ACV NON-REC. MAX ADDL.
QTY TOTAL DEPREC. AMT AVAIL.
CON CONTENT MANIPULATION
Content Manipulation charge - per hour 7.00HR $432.39 $432.39 $0.00 $0.00
TOTAL CONTENT MANIPULATION $432.39 $432.39 $0.00 $0.00
DMO GENERAL DEMOLITION
Haul debris - per pickup truck load - 1.00EA $200.79 $200.79 $0.00 $0.00
including dump fees
TOTAL GENERAL DEMOLITION $200.79 $200.79 $0.00 $0.00
DOR DOORS
R&R Overhead door & hardware - 16' x 7' 1.00EA $1,852.89 $1,852.89 $0.00 $0.00
TOTAL DOORS $1,852.89 $1,852.89 $0.00 $0.00
ELS ELECTRICAL - SPECIAL SYSTEMS
R&R Solar electric panel - up to 200 watt 1.00EA $857.52 $857.52 $0.00 $0.00
TOTAL ELECTRICAL - SPECIAL SYSTEMS $857.52 $857.52 $0.00 $0.00
EQC MISC. EQUIPMENT - COMMERCIAL
R&R Artificial grass / turf 120.00SF $2,354.42 $2,354.42 $0.00 $0.00
TOTAL MISC. EQUIPMENT - COMMERCIAL $2,354.42 $2,354.42 $0.00 $0.00
FCT FLOOR COVERING - CERAMIC TILE
R&R Tile floor covering - High grade 100.00SF $2,425.34 $2,425.34 $0.00 $0.00
TOTAL FLOOR COVERING - CERAMIC TILE $2,425.34 $2,425.34 $0.00 $0.00
FEN FENCING
Wood fence 5'- 6' high - cedar or equal 70.00LF $4,600.75 $4,600.75 $0.00 $0.00
TOTAL FENCING $4,600.75 $4,600.75 $0.00 $0.00
HMR HAZARDOUS MATERIAL REMEDIATION
Equipment setup, take down, and 5.00HR $475.00 $475.00 $0.00 $0.00
monitoring (hourly charge)
Add for HEPA filter (for negative air 1.75EA $412.74 $412.74 $0.00 $0.00
exhaust fan)
Carbon vapor filter (for air scrubber) - 16" 7.00EA $584.68 $584.68 $0.00 $0.00
x 16"
Negative air fan/Air scrubber (24 hr period) 35.00DA $2,555.70 $2,555.70 $0.00 $0.00
- No monit.
TOTAL HAZARDOUS MATERIAL REMEDIATION $4,028.12 $4,028.12 $0.00 $0.00
INS INSULATION
R&R Batt insulation - 12" - R38 - unfaced 3,527.02SF $10,897.08 $10,897.08 $0.00 $0.00
batt
TOTAL INSULATION $10,897.08 $10,897.08 $0.00 $0.00
Note: Slight variances may be found within report sections due to rounding
Date: 4/15/2025 7:27 AM Page: 50
51
Trade Summary
Includes all applicable Tax, General Contractor O&P, and Labor Minimums
DESCRIPTION LINE ITEM REPL. COST ACV NON-REC. MAX ADDL.
QTY TOTAL DEPREC. AMT AVAIL.
LND LANDSCAPING
Plants - shrubs - deciduous - 5 gallon 3.00EA $320.50 $320.50 $0.00 $0.00
Plants - shrubs - evergreen - 5 gallon 8.00EA $1,058.16 $1,058.16 $0.00 $0.00
TOTAL LANDSCAPING $1,378.66 $1,378.66 $0.00 $0.00
POL SWIMMING POOLS & SPAS
Swimming Pool - General Laborer - per 8.00HR $494.16 $494.16 $0.00 $0.00
hour
R&R Swimming pool pump, 2 hp 1.00EA $2,398.97 $2,398.97 $0.00 $0.00
TOTAL SWIMMING POOLS & SPAS $2,893.13 $2,893.13 $0.00 $0.00
TIL TILE
Tile / Cultured Marble - General Laborer - 3.00HR $185.31 $185.31 $0.00 $0.00
per hour
Tile / marble labor minimum 1.00EA $323.80 $323.80 $0.00 $0.00
TOTAL TILE $509.11 $509.11 $0.00 $0.00
TOTALS $87,721.64 $87,721.64 $0.00 $0.00
Note: Slight variances may be found within report sections due to rounding
Date: 4/15/2025 7:27 AM Page: 51
52
State Farm
CHEN, KENNETH 75-79J8-65X
Recap of Taxes, Overhead and Profit
GC Overhead (0%) GC Profit (0%) Material Sales Tax (9.5%) Storage Rental Tax (9.5%)
Line Items 0.00 0.00 1,308.25 0.00
Permit 0.00 0.00 0.00 0.00
Total 0.00 0.00 1,308.25 0.00
Date: 4/15/2025 7:27 AM Page: 52
53
State Farm
CHEN, KENNETH 75-79J8-65X
Recap by Category
Items Total %
CLEANING 55,248.91 62.97%
Coverage: Coverage A - Dwelling - 39 @ 98.61% = 54,480.38
Smoke
Coverage: Coverage A - Dwelling Extension @ 1.39% = 768.53
- 39 Smoke
CONTENT MANIPULATION 432.39 0.49%
Coverage: Coverage A - Dwelling - 39 @ 100.00% = 432.39
Smoke
GENERAL DEMOLITION 200.79 0.23%
Coverage: Coverage A - Dwelling - 39 @ 100.00% = 200.79
Smoke
DOORS 1,732.73 1.97%
Coverage: Coverage A - Dwelling - 33 Fire, @ 100.00% = 1,732.73
Lightning, & Removal
ELECTRICAL - SPECIAL SYSTEMS 827.11 0.94%
Coverage: Coverage A - Dwelling - 35 @ 100.00% = 827.11
Windstorm and Hail
MISC. EQUIPMENT - COMMERCIAL 2,247.60 2.56%
Coverage: Coverage A - Dwelling - 39 @ 100.00% = 2,247.60
Smoke - Trees, Shrubs, and Landscaping
FLOOR COVERING - CERAMIC TILE 2,350.00 2.68%
Coverage: Coverage A - Dwelling - 33 Fire, @ 100.00% = 2,350.00
Lightning, & Removal
FENCING 4,421.20 5.04%
Coverage: Coverage A - Dwelling - 33 Fire, @ 100.00% = 4,421.20
Lightning, & Removal
HAZARDOUS MATERIAL REMEDIATION 3,957.61 4.51%
Coverage: Coverage A - Dwelling - 39 @ 100.00% = 3,957.61
Smoke
INSULATION 10,334.17 11.78%
Coverage: Coverage A - Dwelling - 39 @ 100.00% = 10,334.17
Smoke
LANDSCAPING 1,324.67 1.51%
Coverage: Coverage A - Dwelling - 39 @ 100.00% = 1,324.67
Smoke - Trees, Shrubs, and Landscaping
SWIMMING POOLS & SPAS 2,827.10 3.22%
Coverage: Coverage A - Dwelling Extension @ 17.48% = 494.16
- 39 Smoke
Coverage: Coverage A - Dwelling - 33 Fire, @ 82.52% = 2,332.94
Lightning, & Removal
TILE 509.11 0.58%
Coverage: Coverage A - Dwelling - 39 @ 100.00% = 509.11
Smoke
Subtotal 86,413.39 98.50%
Permits and Fees 11.59 0.01%
Coverage: Coverage A - Dwelling - 33 Fire, @ 100.00% = 11.59
Lightning, & Removal
Material Sales Tax 1,308.25 1.49%
Coverage: Coverage A - Dwelling - 39 @ 51.56% = 674.52
Smoke
Date: 4/15/2025 7:27 AM Page: 53
54
State Farm
CHEN, KENNETH 75-79J8-65X
Coverage: Coverage A - Dwelling - 39 @ 12.29% = 160.81
Smoke - Trees, Shrubs, and Landscaping
Coverage: Coverage A - Dwelling Extension @ 0.11% = 1.43
- 39 Smoke
Coverage: Coverage A - Dwelling - 35 @ 2.32% = 30.41
Windstorm and Hail
Coverage: Coverage A - Dwelling - 33 Fire, @ 33.72% = 441.08
Lightning, & Removal
Total 87,733.23 100.00%
Date: 4/15/2025 7:27 AM Page: 54
55
Source - EagleView Roof & Walls - Main Level
GGaa 2rr 3' 3" aa 22' gg6"ee iinntteerriioorr 114 "4' MM9" VVBB aaaaaaSS ssnntthhhh ttiieettoott rryyuuww 44bb BBee 11 aa((rr BBtt22(( hheeBB 11rr(( dd))22 ooBB rr)) oooo33 mmoo)) "0102 "612 "591 "26 "941 2 4 15 77 38
30' BB mm
SSttaaiipprrUUss ((2511' 5")) GGrreeaattFF RRiirr ooeeFF ooppii mmllrraaee ccpp 22eellaa22 LLcc ((ee1 iiBB1 nn' 711 ee" nn)) CClloosseett 2 UUUU6' LL LL 3" pppp oo oopppp ww ww LLUU UUeeeeLL ee eerrrr ooII II pp ppoo ss ss rr rr wwCCCC pp pp ll llww CC CC aa aa ee ee eeaaaa OOnn nnee aa aa rr rr rrbbbbrr dd ddSS SSS S bb bb ffiiii CC CC C C SS9 23 23 ffnnnnCChh hhh hii ii' 4 iihhVV 11 11 aa aa aaGG 8989"oo ooo occOOaa (( ((oo bb bb 23 23 bb ww www weeBB BBaabbuu((((ww ii ii ffii nnBBBB (( ((ii 11 11 11ee ff33 33 CCee eee e11 BB BBii iieess 45 45 99rr rrr r23 231111tt ccll rrtt36 736 7yy 78 78 ( ( oo)) ))1212 ee 44 (( (( ((BB RR88 )) )) ss BB BB)))) BB(( ((( (6 BB' ee(( BB BBB B222 oo(( 22 22 22BB" ttaaBB447 oo45 645 656 56' 33 tt8 33)) 1mm)) ))) )"11 hh6)) )) ))MM HHMM)) ' 9)) "CCaaaa1aa6 llss'ssllllttoowwtteeeess 8rr6 aarr 'ee ' 7 9 yy"CCtt"CC ll 1ll(( 0oooo '22ssss))eeeetttt HHeerrss UU UUU UU ULL LL LLLLLLpp ppoo oo oooooop pp pLLLLpp ppww ww wwwwwwp pp pLL ooUUee OO ooeeFFFF UUe ee eee ee wweeeeeerr oo wwrrr rr ruuuu ppvv rr rr rrrrrrpp ww C C ee CC llll ppee eeC CC CppCC CC CCCCCCllll rrKK eerraa rree aa eea aa a HHHH aa aa aaaaaarr CCbb rrFF CCbbrriib bb b bb bb bbbbbbttii CCeeee CCiiaarri ii iccnn CC aa1ii ii iiiiii11iin 4n 44iiii bbnn nn 1111nnhh aa' bbaa77 ddgggg 11aa6 6 ii59 59 bb 676744bbee ii ( ( OOgghhhh 11bb ( ( 11BB nn ii (( ii(( eettttBB 55ii(( (( ((((((11 22ffBB4413434BB 3311 BB BB 6 BBBBBB33 ffGG 88' 11 9 ((5 ii33 ((9 19 1' ((FF(((( " 35 35 (( 111144 ccGG9 BB((00 uu BBBB" 00BBBB ((BB) )) )BB eeoo )) )) 7878)))) BBee11uu ))22112222yy 22 ))))22 ss55ee 22 VV88441212FFee tt9977ss )) 00LL ))))rr)))) )) aaBBuu ))tt UU )) oo nnGGllRR eellppww ii dduu ttooUUHHpp yyrree eeoo ee oo 11tteerr ssmmii3rr ooii ' ttll CC4 ((gg ii CC" mmBB BBtthhaayy1aa5 ee 11ttbb' CCbb227RR dd ))"iiii nn llrr((nnoo oooo22BB22oo ssoo 66 (( eemm mm((BB tt))BB2211)))) 9 "67 "78"19 11 "57 78 "7661 "64 "731 1 "251 "115 "141 "801 "76 "52 "471 "613
GGVVuuaaeennssiittttyy BB33aa ((ttBBhhrr22oo))oomm
SShhoowweerr11 ((BB44))
Main Level
Date: 4/15/2025 7:27 AM Page: 55
56
Source - EagleView Roof & Walls - Exterior
2 "014
FF1144
FF1155 "411 "84 "62
"54
FF1133 17' 8" FF1166 "87 "64 "94 "44 "82 "23
49' 3"
"64
FF22
"96
FF1177
"61
FF66
"64
FF88 "64
FF1188
"114
2' FF99 "84
FF1199 DDwweelllliinngg RRooooff "0125
"23
FF1100 FF2200 "014 "583 "0183
34' 4" FF1111 4
5 FF2255 5
"23
FF1122 FF77 2 "23
"84
FF2244
"64
FF55
"61
FF44 "76
FF2233 GGaarr FFaa 2266ggee RRooooff 4" " "0
FF33 23' "64 22 22
"33"41
FF2222 "23
FF11 "71
"23
"014
2FF522' 511" 7' 9" "63
"91
Exterior
Date: 4/15/2025 7:27 AM Page: 56
