Insured: Kenneth Chen
Property: 1115 Lachman Ln.
Pacific Palific, CA 90272
Estimator: David Tavitian Business: (818) 275-6236
Company: West Coast Contents E-mail: david@westcoastcontents.
com
Contractor: David Tavitian Business: (818) 277-6236
Company: West Coast Contents E-mail: david@westcoastcontents.
com
Business: 3299 North San Fernando Blvd.
Burbank, CA 91504
Claim Number: Policy Number: Type of Loss: Smoke
Coverage Deductible Policy Limit
Contents $0.00 $0.00
Date of Loss: Date Received:
Date Inspected: Date Entered: 4/14/2025 1:18 PM
Price List: CALA8X_APR25 Depreciate Material: Yes Depreciate O&P: No
Restoration/Service/Remodel Depreciate Non-material: No Depreciate Taxes: No
Estimate: 1115_LACHMAN_CONTENT Depreciate Removal: No
1115_LACHMAN_CONTENT
Pack-Out
CAT SEL ACT DESCRIPTION
CALC QTY REMOVE REPLACE TAX TOTAL
1. CPS LABS + Contents Evaluation and/or Supervisor/Admin - per hour
4*8+4*8 64.00HR 0.00+ 85.00 = 0.00 5,440.00
(1) Working Supervisor to coordinate all phases of the pack-out, storage (include) and pack back.
Pack-out: (1) Supervisor for 4 days
Pack-back: (1) Supervisor for 4 days
2. CPS LAB + Inventory, Packing, Boxing, and Moving charge - per hour
5*4*8 160.00HR 0.00+ 66.50 = 0.00 10,640.00
(5) Crew for 4 days, 8 hours per day.
3. WTR PPEM + Personal protective mask (N-95)
5*4 20.00EA 0.00+ 1.57 = 3.06 34.46
(1) Set of mask for (4) Crew & (1) Working Supervisor for 4 days.
4. WTR PPEG6 + Personal protective gloves - Disposable (per pair)
2*5*4 40.00EA 0.00+ 0.41 = 1.60 18.00
(2) Sets of gloves for (5) crew & (1) Supervisor for 4 days.
5. DMO PU - Haul debris - per pickup truck load - including dump fees
.25 0.25EA 211.75+ 0.00 = 0.00 52.94
For all debris generated during pack-out services.
6. CPS TR> + Moving van (21'-27') and equipment (per day)
4 4.00EA 0.00+ 210.45 = 0.00 841.80
Pack-out -(1) Truck per day for 4 days from the job site to the off-site storage site.
Totals: Pack-Out 4.66 17,027.20
Main Level
EEnnttrryy//FFooyyeerr
GGuueesstt BBaatthh
GGuueesstt SShhoowweerr ((BB22))
"7
'21
"11
'1
"1
'51
5' 10"
'4
"5
"11
'3
"2
'4
"1
'3"6
"1
'3
"6
'3
Entry/Foyer Height: 10'
310.67 SF Walls 86.77 SF Ceiling
397.44 SF Walls & Ceiling 86.77 SF Floor
9.64 SY Flooring 29.83 LF Floor Perimeter
36.00 LF Ceil. Perimeter
Missing Wall 5' 10" X 10' Opens into ROOM1
Door 3' 1" X 8' Opens into GUEST_BATH
Door 3' 1" X 8' Opens into OFFICE2
CAT SEL ACT DESCRIPTION
CALC QTY REMOVE REPLACE TAX TOTAL
7. CPS BWRAP + Bubble wrap - 24" wide - Add-on cost for fragile items
75 75.00LF 0.00+ 0.22 = 1.61 18.11
8. CPS BXPF> + Provide picture-frame box, packing paper & tape - Large
1 1.00EA 0.00+ 9.20 = 0.90 10.10
9. CPS BXPF< + Provide picture-frame box, packing paper & tape - Small
3 3.00EA 0.00+ 3.79 = 1.11 12.48
Totals: Entry/Foyer 3.62 40.69
16'
OOffffiiccee
EEnnttrryy//FFooyyeerr
GGuueesstt BBaatthh OOffffiiccee CClloosseett ((22))
"2
'3
'4
"8
"4
'3
"2
'4
3' 6" 3' 1" 3' 4" 3' 1"
3' 1"1' 2"
"1
'11
"2
'1
"9
'9
Office Height: 11'
360.92 SF Walls 176.67 SF Ceiling
537.58 SF Walls & Ceiling 176.67 SF Floor
19.63 SY Flooring 28.83 LF Floor Perimeter
54.08 LF Ceil. Perimeter
Door 3' 1" X 8' Opens into ENTRY_FOYER
Door 3' 1" X 8' Opens into GUEST_BATH
OOffffiiccee CClloosseett ((22))
GGuueesstt SShhoowweerr ((BB22))
"9 '6 "5 '7
Subroom: Office Closet (2) Height: 8'
1' 5" 3' 1" 1' 8"
1' 2" 178.00 SF Walls 39.94 SF Ceiling
217.94 SF Walls & Ceiling 39.94 SF Floor
4.44 SY Flooring 22.25 LF Floor Perimeter
25.33 LF Ceil. Perimeter
5' 11"
6' 7"
Door 3' 1" X 8' Opens into OFFICE2
16'
"9
'2
"2
'3
Subroom: Offset (1) Height: 10'
214.17 SF Walls 43.33 SF Ceiling
257.50 SF Walls & Ceiling 43.33 SF Floor
4.81 SY Flooring 21.42 LF Floor Perimeter
21.42 LF Ceil. Perimeter
Missing Wall 16' X 10' Opens into OFFICE2
CAT SEL ACT DESCRIPTION
CALC QTY REMOVE REPLACE TAX TOTAL
10. CPS PAD + Provide furniture lightweight blanket/pad
20 20.00EA 0.00+ 9.07 = 17.69 199.09
11. CPS BWRAP + Bubble wrap - 24" wide - Add-on cost for fragile items
150 150.00LF 0.00+ 0.22 = 3.22 36.22
12. CPS BXPF> + Provide picture-frame box, packing paper & tape - Large
5 5.00EA 0.00+ 9.20 = 4.49 50.49
13. CPS BXPF + Provide picture-frame box, packing paper & tape
12 12.00EA 0.00+ 6.76 = 7.91 89.03
14. CPS WRAP + Provide stretch film/wrap - 20" x 1000' roll
2 2.00RL 0.00+ 29.83 = 5.82 65.48
Totals: Office 39.13 440.31
EEnnttrryy//FFooyyeerr
GGuueesstt BBaatthh OOffffiiccee CClloosseett ((22))
GGuueesstt SShhoowweerr ((BB22))
"9
'6
3' 6" 3' 1" 3' 4"
3' 1"
"5
"11
'3
"2
"1
'3
"6
'3
Guest Bath Height: 8'
148.67 SF Walls 49.76 SF Ceiling
198.42 SF Walls & Ceiling 40.93 SF Floor
4.55 SY Flooring 12.00 LF Floor Perimeter
24.75 LF Ceil. Perimeter
9' 8"
10' 4"
Door 3' 1" X 8' Opens into OFFICE2
Door 3' 1" X 8' Opens into ENTRY_FOYER
CAT SEL ACT DESCRIPTION
CALC QTY REMOVE REPLACE TAX TOTAL
15. CPS BX< + Provide box, packing paper & tape - small size
3 3.00EA 0.00+ 2.93 = 0.86 9.65
16. CPS BWRAP + Bubble wrap - 24" wide - Add-on cost for fragile items
40 40.00LF 0.00+ 0.22 = 0.86 9.66
Totals: Guest Bath 1.72 19.31
Hallway Height: 11' 6"
710.29 SF Walls 274.19 SF Ceiling
984.48 SF Walls & Ceiling 274.19 SF Floor
SSeerrvveerr CClloosseett16' 10" 5HH'aallllwwaayy31'14' 4"
8' 10" FFiirreeppllaaccee ((BB11)) 30.47 SY Flooring 48.17 LF Floor Perimeter
117.08 LF Ceil. Perimeter
Missing Wall 7' 4" X 11' 6" Opens into OFFSET_2
Missing Wall 5' X 11' 6" Opens into FIREPLACE
Missing Wall 31' X 11' 6" Opens into OFFSET_1
Missing Wall 14' 3 1/2" X 11' 6" Opens into KITCHEN2
Missing Wall 7 1/2" X 11' 6" Opens into KITCHEN2
Missing Wall 5' 10" X 11' 6" Opens into ENTRY_FOYER
LLaauunnddrryy RRoooomm
HHaallllwwaayy ((11))
MM.. CClloosseett HHeerrssMM.. CClloosseett HHiiss
SSeerrvveerr CClloosseett
CCaabbiinneett1133 ((BB11))
"7
'2
"2
'4
'3
"11
'1
1' 2"3'7" 5' 2"
9" 5' 5"
"1
'2
3' 5"
3' 3" "2
'6
"6
'2
"6 '9
3' 1"
10" 2' 5"
"01
'4
Subroom: Hallway (1) Height: 8'
282.11 SF Walls 120.73 SF Ceiling
402.84 SF Walls & Ceiling 120.73 SF Floor
13.41 SY Flooring 33.63 LF Floor Perimeter
45.71 LF Ceil. Perimeter
Door 3' X 7' Opens into BEDROOM_1
Door 3' X 7' Opens into BEDROOM_2
Door 3' X 7' Opens into LAUNDRY_ROOM
Door 3' 1" X 6' 8" Opens into MASTER_BEDRO
Missing Wall 4' 10" X 8' Opens into ROOM1
CAT SEL ACT DESCRIPTION
CALC QTY REMOVE REPLACE TAX TOTAL
17. CPS BWRAP + Bubble wrap - 24" wide - Add-on cost for fragile items
100 100.00LF 0.00+ 0.22 = 2.15 24.15
18. CPS BXPF + Provide picture-frame box, packing paper & tape
4 4.00EA 0.00+ 6.76 = 2.64 29.68
19. CPS BXPF> + Provide picture-frame box, packing paper & tape - Large
1 1.00EA 0.00+ 9.20 = 0.90 10.10
20. CPS BXPF< + Provide picture-frame box, packing paper & tape - Small
3 3.00EA 0.00+ 3.79 = 1.11 12.48
21. CPS BX + Provide box, packing paper & tape - medium size
4 4.00EA 0.00+ 3.87 = 1.51 16.99
Totals: Hallway 8.31 93.40
CCaabbiinneett1133 ((BB11))
MMaasstteerr BBaatthh
LLiivviinngg RRoooomm//DDiinniinngg RRoooomm DDiinniinngg RRoooomm ((44))
"1
'21
Living Room/Dining Room Height: 11'
498.58 SF Walls 340.68 SF Ceiling
839.26 SF Walls & Ceiling 329.43 SF Floor
36.60 SY Flooring 40.33 LF Floor Perimeter
28' 4"
67.79 LF Ceil. Perimeter
28' 6"
DDiinniinngg RRoooomm ((44))
"1
'21
"6
'21
15' 11" Subroom: Dining Room (4) Height: 11'
338.83 SF Walls 191.16 SF Ceiling
529.99 SF Walls & Ceiling 191.16 SF Floor
21.24 SY Flooring 27.92 LF Floor Perimeter
43.79 LF Ceil. Perimeter
16' 4"
Missing Wall 15' 10 1/2" X 11' Opens into OFFSET_1
Missing Wall 12' 1/2" X 11' Opens into LIVING_ROOM_
Subroom: Offset 1 (2) Height: 9'
40.50 SF Walls 69.75 SF Ceiling
110.25 SF Walls & Ceiling 69.75 SF Floor
FFiirreeppllaaccee ((BB11))
7.75 SY Flooring 4.50 LF Floor Perimeter
4.50 LF Ceil. Perimeter
Missing Wall 31' X 9' Opens into ROOM1
Missing Wall 15' 1 1/2" X 9' Opens into LIVING_ROOM_
Missing Wall 15' 10 1/2" X 9' Opens into DINING_ROOM
FFiirreeppllaaccee ((BB11)) "3
'2
Subroom: Offset 2 (3) Height: 9'
40.50 SF Walls 16.50 SF Ceiling
7' 4"
57.00 SF Walls & Ceiling 16.50 SF Floor
1.83 SY Flooring 4.50 LF Floor Perimeter
4.50 LF Ceil. Perimeter
Missing Wall 7' 4" X 9' Opens into LIVING_ROOM_
Missing Wall 7' 4" X 9' Opens into ROOM1
FFiirreeppllaaccee ((BB11))
"3
'2
Subroom: Fireplace (1) Height: 9'
5' 40.50 SF Walls 11.25 SF Ceiling
51.75 SF Walls & Ceiling
4.50 LF Ceil. Perimeter
Missing Wall 5' X 9' Opens into ROOM1
Missing Wall 5' X 9' Opens into LIVING_ROOM_
CAT SEL ACT DESCRIPTION
CALC QTY REMOVE REPLACE TAX TOTAL
22. CPS PAD + Provide furniture lightweight blanket/pad
35 35.00EA 0.00+ 9.07 = 30.95 348.40
23. CPS BXTV + Provide TV box, packing paper & tape
2 2.00EA 0.00+ 28.21 = 5.50 61.92
24. CPS BX + Provide box, packing paper & tape - medium size
25 25.00EA 0.00+ 3.87 = 9.43 106.18
25. CPS BX< + Provide box, packing paper & tape - small size
15 15.00EA 0.00+ 2.93 = 4.29 48.24
26. CPS WRAP + Provide stretch film/wrap - 20" x 1000' roll
2.5 2.50RL 0.00+ 29.83 = 7.27 81.85
27. CPS BWRAP + Bubble wrap - 24" wide - Add-on cost for fragile items
400 400.00LF 0.00+ 0.22 = 8.58 96.58
28. CPS BX> + Provide box, packing paper & tape - large size
5 5.00EA 0.00+ 5.23 = 2.55 28.70
Totals: Living Room/Dining Room 68.57 771.87
KKiittcchheenn
OOffffiiccee CClloosseett ((22)) GGuueesstt SShhoowweerr ((BB22))
"9
'71
"2
'81
14' 6"
14' 1"
"9
'9
"9
'6
"8
"1
'71
Kitchen Height: Tray
488.75 SF Walls 281.97 SF Ceiling
770.72 SF Walls & Ceiling 146.38 SF Floor
16.26 SY Flooring 8.46 LF Floor Perimeter
48.88 LF Ceil. Perimeter
14' 4"
Missing Wall 7 1/2" X 10' Opens into ROOM1
Missing Wall 14' 3 1/2" X 10' Opens into ROOM1
CAT SEL ACT DESCRIPTION
CALC QTY REMOVE REPLACE TAX TOTAL
29. CPS BX + Provide box, packing paper & tape - medium size
10 10.00EA 0.00+ 3.87 = 3.77 42.47
30. CPS BX> + Provide box, packing paper & tape - large size
3 3.00EA 0.00+ 5.23 = 1.53 17.22
31. CPS PAD + Provide furniture lightweight blanket/pad
3 3.00EA 0.00+ 9.07 = 2.65 29.86
32. CPS WRAP + Provide stretch film/wrap - 20" x 1000' roll
.5 0.50RL 0.00+ 29.83 = 1.45 16.37
33. CPS BWRAP + Bubble wrap - 24" wide - Add-on cost for fragile items
125 125.00LF 0.00+ 0.22 = 2.68 30.18
34. CPS BXTV + Provide TV box, packing paper & tape
1 1.00EA 0.00+ 28.21 = 2.75 30.96
Totals: Kitchen 14.83 167.06
MM.. CClloosseett HHeeMMrrss.. CClloosseett HHiiss
SSeerrvveerr CClloosseett
CCaabbiinneett1133 ((BB11))
MMaasstteerr BBeeddrroooomm MMaasstteerr BBaatthh
23' 3"
"01
'7"4
'1
"8
"2
'6
"7
'7
"2
'1
1' 6" 6' 1' 9" 5' 3" 3' 1"
1' 11" 1' 11" 5"
"2 '61 '61
Master Bedroom Height: 11' 11"
567.33 SF Walls 371.03 SF Ceiling
938.36 SF Walls & Ceiling 371.03 SF Floor
41.23 SY Flooring 34.92 LF Floor Perimeter
78.42 LF Ceil. Perimeter
Door 6' 2" X 8' Opens into MASTER_BATH
Door 3' 1" X 6' 8" Opens into HALLWAY
Door 5' X 8' Opens into M_CLOSET_HI
Door 6' X 8' Opens into M_CLOSET_HE
"7
'1 '2
Subroom: Offset (1) Height: 9'
237.00 SF Walls 35.84 SF Ceiling
272.84 SF Walls & Ceiling 35.84 SF Floor
24' 1" 3.98 SY Flooring 26.33 LF Floor Perimeter
26.33 LF Ceil. Perimeter
Missing Wall 23' 3" X 9' Opens into MASTER_BEDRO
CAT SEL ACT DESCRIPTION
CALC QTY REMOVE REPLACE TAX TOTAL
35. CPS PAD + Provide furniture lightweight blanket/pad
15 15.00EA 0.00+ 9.07 = 13.26 149.31
36. CPS BXTV + Provide TV box, packing paper & tape
2 2.00EA 0.00+ 28.21 = 5.50 61.92
37. CPS BX> + Provide box, packing paper & tape - large size
10 10.00EA 0.00+ 5.23 = 5.10 57.40
38. CPS BX + Provide box, packing paper & tape - medium size
20 20.00EA 0.00+ 3.87 = 7.55 84.95
39. CPS WRAP + Provide stretch film/wrap - 20" x 1000' roll
1.5 1.50RL 0.00+ 29.83 = 4.36 49.11
40. CPS BWRAP + Bubble wrap - 24" wide - Add-on cost for fragile items
250 250.00LF 0.00+ 0.22 = 5.36 60.36
Totals: Master Bedroom 41.13 463.05
5' 8" 3' 5"
8' 10"
HHaallllwwaayy ((11))
MM.. CClloosseett HHeerrss MM.. CClloosseett HHiiss
SSeerrvveerr CClloosseett
"2
'6
"9
'6
1' 11"
"9
"9
'1 1' 9" 5' 3"
1' 11" 5"
"1
'9
M. Closet His Height: 8'
234.57 SF Walls 74.41 SF Ceiling
308.98 SF Walls & Ceiling 74.41 SF Floor
8.27 SY Flooring 29.03 LF Floor Perimeter
35.78 LF Ceil. Perimeter
Door 1' 9" X 6' 8" Opens into SERVER_CLOSE
Door 5' X 8' Opens into MASTER_BEDRO
CAT SEL ACT DESCRIPTION
CALC QTY REMOVE REPLACE TAX TOTAL
41. CPS BX + Provide box, packing paper & tape - medium size
10 10.00EA 0.00+ 3.87 = 3.77 42.47
CONTINUED - M. Closet His
CAT SEL ACT DESCRIPTION
CALC QTY REMOVE REPLACE TAX TOTAL
42. CPS BWRAP + Bubble wrap - 24" wide - Add-on cost for fragile items
100 100.00LF 0.00+ 0.22 = 2.15 24.15
Totals: M. Closet His 5.92 66.62
1' 11"
SSeerrvveerr CClloosseett
"6
'2
"9
'2
1' 11"
"9
"4"9
'1
"6
Server Closet Height: 8'
52.33 SF Walls 3.75 SF Ceiling
56.08 SF Walls & Ceiling 3.75 SF Floor
0.42 SY Flooring 6.25 LF Floor Perimeter
8.00 LF Ceil. Perimeter
Door 1' 9" X 6' 8" Opens into M_CLOSET_HI
CAT SEL ACT DESCRIPTION
CALC QTY REMOVE REPLACE TAX TOTAL
43. CPS BX> + Provide box, packing paper & tape - large size
7 7.00EA 0.00+ 5.23 = 3.57 40.18
44. CPS BWRAP + Bubble wrap - 24" wide - Add-on cost for fragile items
120 120.00LF 0.00+ 0.22 = 2.57 28.97
Totals: Server Closet 6.14 69.15
MM.. CClloosseett HHeerrss MM.. CClloosseett HHiiss
"6
'9
"1
'9
9' 9" M. Closet Hers Height: 8'
9' 6"
248.91 SF Walls 86.04 SF Ceiling
334.94 SF Walls & Ceiling 86.04 SF Floor
9.56 SY Flooring 31.11 LF Floor Perimeter
1' 6" 6' 2' 1"
2' 3" 37.11 LF Ceil. Perimeter
Door 6' X 8' Opens into MASTER_BEDRO
CAT SEL ACT DESCRIPTION
CALC QTY REMOVE REPLACE TAX TOTAL
45. CPS BX + Provide box, packing paper & tape - medium size
10 10.00EA 0.00+ 3.87 = 3.77 42.47
46. CPS BWRAP + Bubble wrap - 24" wide - Add-on cost for fragile items
100 100.00LF 0.00+ 0.22 = 2.15 24.15
47. CPS BX> + Provide box, packing paper & tape - large size
4 4.00EA 0.00+ 5.23 = 2.04 22.96
48. CPS WRAP + Provide stretch film/wrap - 20" x 1000' roll
.5 0.50RL 0.00+ 29.83 = 1.45 16.37
Totals: M. Closet Hers 9.41 105.95
SSeerrvveerr CClloosseett
CCaabbiinneett1133 ((BB11))
MMaasstteerr BBaatthh MMaasstteerr BBeeddrroooomm
"5
'41
"01
'41
11' 10"
11' 2"
"01
'7
"8
"2
'6
"7
'7
Master Bath Height: 8'
277.33 SF Walls 134.79 SF Ceiling
412.13 SF Walls & Ceiling 97.87 SF Floor
10.87 SY Flooring 23.46 LF Floor Perimeter
40.83 LF Ceil. Perimeter
11' 5"
Door 6' 2" X 8' Opens into MASTER_BEDRO
CAT SEL ACT DESCRIPTION
CALC QTY REMOVE REPLACE TAX TOTAL
49. CPS BX< + Provide box, packing paper & tape - small size
6 6.00EA 0.00+ 2.93 = 1.71 19.29
50. CPS BWRAP + Bubble wrap - 24" wide - Add-on cost for fragile items
50 50.00LF 0.00+ 0.22 = 1.07 12.07
51. CPS BXTV + Provide TV box, packing paper & tape
1 1.00EA 0.00+ 28.21 = 2.75 30.96
52. CPS WRAP + Provide stretch film/wrap - 20" x 1000' roll
.15 0.15RL 0.00+ 29.83 = 0.44 4.91
Totals: Master Bath 5.97 67.23
LLaauunnddrryy RRoooomm
'6
"7
'5
15' 4"
9' 6" 5' 8"
"1
'2
'3
"7
Laundry Room Height: 7'
272.21 SF Walls 86.02 SF Ceiling
358.23 SF Walls & Ceiling 55.35 SF Floor
6.15 SY Flooring 19.55 LF Floor Perimeter
41.89 LF Ceil. Perimeter
Door 3' X 7' Opens into HALLWAY
CAT SEL ACT DESCRIPTION
CALC QTY REMOVE REPLACE TAX TOTAL
53. CPS BX + Provide box, packing paper & tape - medium size
10 10.00EA 0.00+ 3.87 = 3.77 42.47
54. CPS WRAP + Provide stretch film/wrap - 20" x 1000' roll
.5 0.50RL 0.00+ 29.83 = 1.45 16.37
55. CPS BWRAP + Bubble wrap - 24" wide - Add-on cost for fragile items
120 120.00LF 0.00+ 0.22 = 2.57 28.97
Totals: Laundry Room 7.79 87.81
BBaatthhrroooomm 11
11'
5' 2" 5' 8"
"4
'4
"5
'3
'3
"2
'4
11' 8"
"6 '01 "11 '01
Bathroom 1 Height: 8' 5"
337.92 SF Walls 115.50 SF Ceiling
453.42 SF Walls & Ceiling 76.93 SF Floor
8.55 SY Flooring 16.08 LF Floor Perimeter
43.00 LF Ceil. Perimeter
Door 3' X 8' Opens into BEDROOM_2
CAT SEL ACT DESCRIPTION
CALC QTY REMOVE REPLACE TAX TOTAL
56. CPS BX< + Provide box, packing paper & tape - small size
5 5.00EA 0.00+ 2.93 = 1.43 16.08
57. CPS BWRAP + Bubble wrap - 24" wide - Add-on cost for fragile items
40 40.00LF 0.00+ 0.22 = 0.86 9.66
Totals: Bathroom 1 2.29 25.74
CClloosseett 22 ((11))
BBeeddrroooomm 11
EEnnttrryy//FFooyyeerr
HHaallllwwaayy ((11))
CClloosseett 11 ((11))
MM.. CClloosseett HHiiss
SSeerrvveerr CClloosseett
FFiirreeppllaaccee ((BB11))
"8
'1
5' 8" 10' 7"
16' "1
'6
'4
"9
"4
'6
"2
'4
'3"7
12' 2' 1"
'41 "7
'21
Bedroom 1 Height: 10'
499.00 SF Walls 224.00 SF Ceiling
723.00 SF Walls & Ceiling 224.00 SF Floor
24.89 SY Flooring 45.00 LF Floor Perimeter
60.00 LF Ceil. Perimeter
Door 3' X 7' Opens into HALLWAY
BBeeddrroooomm 11
EEnnttrryy//FFooyyeerr
2' 12' 2' 1"
HHaallllwwaayy ((11)) CCllooss1eett6 11' ((11))
16' 10"
SSeerrvveerr CClloosseett
FFiirreeppllaaccee ((BB11))
"11 '1 "7 '2
Subroom: Closet 1 (1) Height: 8'
206.67 SF Walls 30.67 SF Ceiling
237.33 SF Walls & Ceiling 30.67 SF Floor
3.41 SY Flooring 23.83 LF Floor Perimeter
35.83 LF Ceil. Perimeter
Door 12' X 6' 8" Opens into BEDROOM_1
CAT SEL ACT DESCRIPTION
CALC QTY REMOVE REPLACE TAX TOTAL
58. CPS BX + Provide box, packing paper & tape - medium size
20 20.00EA 0.00+ 3.87 = 7.55 84.95
59. CPS BX> + Provide box, packing paper & tape - large size
8 8.00EA 0.00+ 5.23 = 4.08 45.92
60. CPS PAD + Provide furniture lightweight blanket/pad
10 10.00EA 0.00+ 9.07 = 8.84 99.54
61. CPS BWRAP + Bubble wrap - 24" wide - Add-on cost for fragile items
200 200.00LF 0.00+ 0.22 = 4.29 48.29
62. CPS WRAP + Provide stretch film/wrap - 20" x 1000' roll
.5 0.50RL 0.00+ 29.83 = 1.45 16.37
Totals: Bedroom 1 26.21 295.07
BBaatthhrroooomm 11
BBeeddrroooomm 22
CClloosseett 22 ((11))
LLaauunnddrryy RRoooomm
"8 '71 '71
15' 7" 3'7"
15' 4" 1' 9"
"1
'1
"5
'3
'3
"2 '4"11'3"3
'2
20' 11" Bedroom 2 Height: 8'
20' 3"
530.00 SF Walls 344.25 SF Ceiling
874.25 SF Walls & Ceiling 344.25 SF Floor
38.25 SY Flooring 65.50 LF Floor Perimeter
74.50 LF Ceil. Perimeter
Door 3' X 7' Opens into HALLWAY
Door 3' X 8' Opens into BATHROOM_1
CClloosseett 22 ((11))
"1
'1
"11
'3
"3
'2
5' 5"
"1
'6
"4
'6
5' 5" Subroom: Closet 2 (1) Height: 8'
5' 2"
159.00 SF Walls 31.43 SF Ceiling
190.43 SF Walls & Ceiling 31.43 SF Floor
3.49 SY Flooring 19.50 LF Floor Perimeter
22.50 LF Ceil. Perimeter
Door 3' X 7' Opens into BEDROOM_2
CAT SEL ACT DESCRIPTION
CALC QTY REMOVE REPLACE TAX TOTAL
63. CPS BX + Provide box, packing paper & tape - medium size
20 20.00EA 0.00+ 3.87 = 7.55 84.95
64. CPS BX> + Provide box, packing paper & tape - large size
8 8.00EA 0.00+ 5.23 = 4.08 45.92
65. CPS PAD + Provide furniture lightweight blanket/pad
12 12.00EA 0.00+ 9.07 = 10.61 119.45
66. CPS BWRAP + Bubble wrap - 24" wide - Add-on cost for fragile items
200 200.00LF 0.00+ 0.22 = 4.29 48.29
67. CPS WRAP + Provide stretch film/wrap - 20" x 1000' roll
.5 0.50RL 0.00+ 29.83 = 1.45 16.37
Totals: Bedroom 2 27.98 314.98
GGaarraaggee
"4 '12 "6 '02
23' 2"
Garage Height: 9' 3"
22' 3"
753.38 SF Walls 409.48 SF Ceiling
21' 21' 10" 116
.
.
S
S
F
Y
W
Fl
a
o
l
o
ls
r i
&
ng
Ceiling 40
.
.
S
L
F
F
F
F
l
l
o
o
o
o
r
r Perimeter
81.45 LF Ceil. Perimeter
17' 8"
18' 5"
CAT SEL ACT DESCRIPTION
CALC QTY REMOVE REPLACE TAX TOTAL
68. CPS WRAP + Provide stretch film/wrap - 20" x 1000' roll
.5 0.50RL 0.00+ 29.83 = 1.45 16.37
69. CPS BX + Provide box, packing paper & tape - medium size
15 15.00EA 0.00+ 3.87 = 5.66 63.71
70. CPS BWRAP + Bubble wrap - 24" wide - Add-on cost for fragile items
200 200.00LF 0.00+ 0.22 = 4.29 48.29
71. CPS BX> + Provide box, packing paper & tape - large size
5 5.00EA 0.00+ 5.23 = 2.55 28.70
Totals: Garage 13.95 157.07
Total: Main Level 282.97 3,185.31
Cleaning
CAT SEL ACT DESCRIPTION
CALC QTY REMOVE REPLACE TAX TOTAL
72. CPS LAB + Inventory, Packing, Boxing, and Moving charge - per hour
5*2*4 40.00HR 0.00+ 66.50 = 0.00 2,660.00
(5) Crew for 2 hours for 4 days to repack contents for storage in vaults.
73. CPS LAB + Inventory, Packing, Boxing, and Moving charge - per hour
11*30 330.00HR 0.00+ 66.50 = 0.00 21,945.00
74. CGN DODROZ + Deodorization chamber - Ozone treatment
11*1695 18645.00CF 0.00+ 0.13 = 0.00 2,423.85
11 loads @ 1695 Cubic Feet
-----New Materials used to prevent Cross-Contamination after the cleaning process-----
75. CPS BWRAP + Bubble wrap - 24" wide - Add-on cost for fragile items
2270 2270.00LF 0.00+ 0.22 = 48.69 548.09
76. CPS BX + Provide box, packing paper & tape - medium size
144 144.00EA 0.00+ 3.87 = 54.33 611.61
CONTINUED - Cleaning
CAT SEL ACT DESCRIPTION
CALC QTY REMOVE REPLACE TAX TOTAL
77. CPS BX< + Provide box, packing paper & tape - small size
29 29.00EA 0.00+ 2.93 = 8.28 93.25
78. CPS BX> + Provide box, packing paper & tape - large size
50 50.00EA 0.00+ 5.23 = 25.50 287.00
79. CPS BXPF> + Provide picture-frame box, packing paper & tape - Large
7 7.00EA 0.00+ 9.20 = 6.28 70.68
80. CPS BXPF< + Provide picture-frame box, packing paper & tape - Small
6 6.00EA 0.00+ 3.79 = 2.22 24.96
81. CPS BXTV + Provide TV box, packing paper & tape
6 6.00EA 0.00+ 27.34 = 15.99 180.03
82. CPS PAD + Provide furniture lightweight blanket/pad
95 95.00EA 0.00+ 9.07 = 84.01 945.66
83. CPS WRAP + Provide stretch film/wrap - 20" x 1000' roll
9.15 9.15RL 0.00+ 29.83 = 26.61 299.55
Totals: Cleaning 271.91 30,089.68
Storage Area/Room
CAT SEL ACT DESCRIPTION
CALC QTY REMOVE REPLACE TAX TOTAL
84. CPS LAB + Inventory, Packing, Boxing, and Moving charge - per hour
4*11 44.00HR 0.00+ 66.50 = 0.00 2,926.00
Pack contents into storage vaults, 4 hours per vault x 11 vaults
85. CPS STORV + Off-site storage vault (per month)
4*11 44.00MO[*] 0.00+ 250.00 = 0.00 11,000.00
(11) Vaults for 4 months
Totals: Storage Area/Room 0.00 13,926.00
Pack-back
CAT SEL ACT DESCRIPTION
CALC QTY REMOVE REPLACE TAX TOTAL
86. CPS LAB + Inventory, Packing, Boxing, and Moving charge - per hour
11*4 44.00HR 0.00+ 66.50 = 0.00 2,926.00
Pack contents from vaults into truck
87. DMO MASKSFP - Floor protection - heavy paper and tape
1000 1000.00SF 0.45+ 0.00 = 6.83 456.83
88. CPS LAB + Inventory, Packing, Boxing, and Moving charge - per hour
5*4*8 160.00HR 0.00+ 66.50 = 0.00 10,640.00
(5) Crew for 4 days for pack- back services
89. CPS TR> + Moving van (21'-27') and equipment (per day)
4 4.00EA 0.00+ 210.45 = 0.00 841.80
Pack-back -(1) Truck for 4 days from the storage vaults to the job site.
90. DMO PU - Haul debris - per pickup truck load - including dump fees
1 1.00EA 211.75+ 0.00 = 0.00 211.75
For all debris generated during pack-back services.
Totals: Pack-back 6.83 15,076.38
Line Item Totals: 1115_LACHMAN_CONTENT 566.37 79,304.57
Grand Total Areas:
8,028.13 SF Walls 3,649.90 SF Ceiling 11,678.03 SF Walls and Ceiling
3,376.83 SF Floor 375.20 SY Flooring 703.85 LF Floor Perimeter
0.00 SF Long Wall 0.00 SF Short Wall 1,083.98 LF Ceil. Perimeter
3,376.83 Floor Area 3,934.74 Total Area 8,028.13 Interior Wall Area
3,798.95 Exterior Wall Area 360.32 Exterior Perimeter of
Walls
0.00 Surface Area 0.00 Number of Squares 0.00 Total Perimeter Length
0.00 Total Ridge Length 0.00 Total Hip Length
Summary for Contents
Line Item Total 78,738.20
Material Sales Tax 566.37
Replacement Cost Value $79,304.57
Net Claim $79,304.57
David Tavitian
Recap by Room
Estimate: 1115_LACHMAN_CONTENT
Pack-Out 17,022.54 21.62%
Area: Main Level
Entry/Foyer 37.07 0.05%
Office 401.18 0.51%
Guest Bath 17.59 0.02%
Hallway 85.09 0.11%
Living Room/Dining Room 703.30 0.89%
Kitchen 152.23 0.19%
Master Bedroom 421.92 0.54%
M. Closet His 60.70 0.08%
Server Closet 63.01 0.08%
M. Closet Hers 96.54 0.12%
Master Bath 61.26 0.08%
Laundry Room 80.02 0.10%
Bathroom 1 23.45 0.03%
Bedroom 1 268.86 0.34%
Bedroom 2 287.00 0.36%
Garage 143.12 0.18%
Area Subtotal: Main Level 2,902.34 3.69%
Cleaning 29,817.77 37.87%
Storage Area/Room 13,926.00 17.69%
Pack-back 15,069.55 19.14%
Subtotal of Areas 78,738.20 100.00%
Total 78,738.20 100.00%
Recap by Category
Items Total %
CONT: CLEAN - GENERAL ITEMS 2,423.85 3.06%
CONT: PACKING,HANDLNG,STORAGE 75,551.86 95.27%
GENERAL DEMOLITION 714.69 0.90%
WATER EXTRACTION & REMEDIATION 47.80 0.06%
Subtotal 78,738.20 99.29%
Material Sales Tax 566.37 0.71%
Total 79,304.57 100.00%
Main Level
BBaatthhrroooomm 11
BBeeddrroooomm 22
CClloosseett 22 ((11))
OOffffiiccee
BBeeddrroooomm 11 KKiittcchheenn LLaauunnddrryy RRoooomm EEnnttrryy//FFooyyeerr
GGuueesstt BBOOaattffhhffiiccee CClloosseett ((22)) HHaallllwwaayy ((11)) GGuueesstt SShhoo5'wweerr ((BB22)) CClloosseett 11 ((11)) 4' 9" MM.. CClloosseett HHeeMMrrss.. CClloosseett HHiiss
SSeerrvveerr CClloosseett HHaallllwwaayy
FFiirreeppllaaccee ((BB11))
CCaabbiinneett1133 ((BB11))
MMaasstteerr BBaatthh
MMaasstteerr BBeeddrroooomm LLiivviinngg RRoooomm//DDiinniinngg RRoooomm DDiinniinngg RRoooomm ((44))
GGaarraaggee
Main Level
"2 '3
9' 10" 14' 1"
9' 8"
"3 '4
2' 5"
"6 '9
3'
"6 '6 "1 '9
4' 3" 1' 5"
"4
'4
"5
'7
2' 6"
'2
5'
1' 4"
6' 2" "11 '5 "9
'3
14'
4' 6"
'2 13' 7" '1
2'
'2
"8
'6
4' 8"
5' 8"
"1
'3
3' 5" 8' 10" "2 '6 1' 11"
"11
'2 6' 11"
"1 '9
11'
5' 2"
9' 8" 5' 11"
"6
'2
"6 '9
"6 '01 "11 '01
"8 '1
"9 '6
"1 '71
10' 7"
16' "1
'6
'41 "1
'51
5' 10"
"3 '01 16' 10"
'71
"1
'21
15' 2"
"5
'41
"01
'41
11' 2"
"01
'4
7' 4" 31'
"4 '41 14' 4" "8
16' 1"
23' 3"
"9 '71
14' 6"
9' 6"
15' 11"
44' 2"
56' 2"
"7
'5
32' 6"
20' 3"
10' 1"
15' 4"
"4 '12 "6 '02
23' 2"
22' 3"
21' 21' 10"
17' 8"
18' 5"
"3
'6
"3
'2
"4
'41
"7 '73
16' 10"
16'
"6
'71
"1
'3
"9 '31
"3 '4
24' 1"
"3 '15 "7 '9 '2
