Insured: Kenneth Chen
Property: 1115 Lachman Ln
Pacific Palisades, CA 90272
Claim Rep.: Nick Cavalluzzi Business: (818) 388-1070
Position: Executive Adjuster E-mail: Nick@ApexAdjusters.com
Company: Apex Public Adjusters Inc.
Business: 550 N. Brand Blvd
Glendale, CA
Estimator: Jared Boergadine Business: (818) 720-9345
Position: Executive Adjuster E-mail: Jared@ApexAdjusters.com
Company: Apex Adjusters, Inc.
Business: 550 N. Brand Blvd. Suite 950
Glendale, CA 91203
Claim Number: 75-79J8-65X Policy Number: 75-C9-A181-5 Type of Loss: Fire
Coverage Deductible Policy Limit
Dwelling $0.00 $1,273,500.00
Dwelling - Debris Removal $0.00 $63,675.00
Dwelling - Code Upgrade $0.00 $127,350.00
Dwelling - Extened Limit $0.00 $254,700.00
Contents $0.00 $955,125.00
Trees, Plants & Shrubs $0.00 $63,675.00
Other Structures $3,000.00 $127,350.00
Date of Loss: 1/7/2025 12:00 AM Date Received:
Date Inspected: Date Entered: 3/29/2025 9:24 AM
Price List: CALA8X_APR25 Depreciate Material: Yes Depreciate O&P: No
Restoration/Service/Remodel Depreciate Non-material: Yes Depreciate Taxes: Yes
Estimate: 1115_LACHMAN_APEX_2 Depreciate Removal: No
The Following Estimate is based upon a Physical Site Inspection by Apex Adjusters.
Information was also gathered from an interview with owners and available information from web sites as needed.
Approved Architectural & Engineered drawings were not available at the time of inspection.
The purpose of this report is to establish a Scope of Work for use by the insured and/or the insured's representative company.
All items in this scope of work are based on the current conditions at the time of inspection.
Any hidden or unforeseen damages that may be uncovered during demolition and reconstruction are excluded from this estimate
and will need to be added or supplemented.
Code upgrade requirements from the local building department are not included in this scope of work unless specified and may
need to be added or supplemented.
This estimate may need to be revised as additional information becomes available.
Prices are considered current for approximately 1 month and will need to be reviewed and revised every month to be current.
Xactimate estimating software is a tool used as a guideline to produce pricing for this scope of work.
Components and prices may need to be adjusted to account for material availability and scarcity from wide spread disaster
events, current market labor conditions, sub contractor pricing and local market supply and demand.
This scope of work is solely for the purposes of establishing work required to return the property to it's pre-loss condition, this is
not a solicitation or bid to contract for construction work.
This estimate and report and all its contents are the sole property of Apex Adjusters.
Any alterations, changes, additions, or deletions to this estimate are strictly prohibited unless performed by Apex Adjusters.
1115_LACHMAN_APEX_2
Abatement
CAT SEL ACT DESCRIPTION
CALC QTY RESET REMOVE REPLACE TAX O&P TOTAL
1. HMR BIDITM + ALLIANCE Lead structural abatement
1 1.00EA [*EN] AS INCURRED
2. HMR BIDITM + ALLIANCE Lead content abatement
1 1.00EA [*EN] AS INCURRED
Totals: Abatement 0.00 0.00 0.00
Contents
CAT SEL ACT DESCRIPTION
CALC QTY RESET REMOVE REPLACE TAX O&P TOTAL
3. CON BIDITM + Content Manipulation (Bid Item) - West Coast Contents Packout /Storage x 4 months/ Pack Back
1 1.00EA [*EN] AS INCURRED
4. USR MISC + Total Loss Inventory
1 1.00EA [NH] PENDING
Totals: Contents 0.00 0.00 0.00
General
CAT SEL ACT DESCRIPTION
CALC QTY RESET REMOVE REPLACE TAX O&P TOTAL
-----Permits & Fees:-----
5. FEE TIPF + Building Permits
1 1.00EA [EN] OPEN
Based on a 1% projection of Job Costs for Permits & Fees
-----Site Conditions-----
6. TMP TLT + Temporary toilet (per month)
5 5.00MO 0.00+ 225.00 = 0.00 225.00 1,350.00
7. TMP HWS + Temporary hand washing station (per month)
5 5.00MO 0.00+ 247.00 = 0.00 247.00 1,482.00
CONTINUED - General
CAT SEL ACT DESCRIPTION
CALC QTY RESET REMOVE REPLACE TAX O&P TOTAL
8. DMO DUMP> - Dumpster load - Approx. 30 yards, 5-7 tons of debris
4 4.00EA 1,168.94+ 0.00 = 0.00 935.16 5,610.92
9. LAB DMO + Daily Job Site Clean Up Laborer & Runner - per hour
2.5*4*5 50.00HR 0.00+ 65.19 = 0.00 651.90 3,911.40
30 minutes per day for 5 days per week, 4 weeks per month for 4 months.
10. LAB SUPERR + Residential Supervision / Project Management - per hour
15*4*5 300.00HR 0.00+ 86.09 = 0.00 5,165.40 30,992.40
On Site Project Superintendent, 15 hours per week for 4 weeks per month for 4 months
Supervision is required by the CSLB license requirements that the Qualified licensee or a manager inspect every job site each day until complete.
Supervision is not covered in Xactimate's O&P according to Xactimate's white pages. .
"Cal. Admin. Code tit. 16, § 823(a). “Direct supervision and control” “includes any one or any combination of the following activities: supervising
construction, managing construction activities by making technical and administrative decisions, checking jobs for proper workmanship, or direct
supervision on construction job sites.
Section 7068 requires every license to have a qualifier, which may be a Sole Owner, Qualified Partner, Responsible Managing Officer (RMO),
Responsible Managing Employee (RME), Responsible Managing Manager or Responsible Managing Member. The qualifier is the person who is
listed in the Contractor State License Boards’ (CSLB) personnel of record, has demonstrated his/her knowledge and experience though the CSLB’s
licensing process, and holds one or more license classifications.
UPDATE: CSLB, CSLB to Get Tough on RMO Abuses (Summer 2014) Starting on January 1, 2014, amended Section 7068.1 of California’s
Contractors State License Law, Bus. & Prof. Code §§ 7200et seq., requires licensees’ qualifiers to exercise direct supervision and control over the
licensees’ operations to ensure compliance with California’s Contractors State License Law. The amended law contemplates active involvement by
the qualifier, and makes a violation of Section 7068.1 grounds for disciplinary action and a misdemeanor punishable by imprisonment in a county
jail and/or a fine.
-----Final Cleaning-----
11. CLN FINALR + Final cleaning - construction - Residential
5000 5000.00SF SEE X3.BUILD
Includes Exterior areas
12. CLN WD + Clean window unit (per side) 10 - 20 SF
40 40.00EA SEE X3.BUILD
13. CLN BIDITM + Cleaning per X3 Build - Estimate #1038
1 1.00EA [*EN] 0.00+ 6,400.00 = 0.00 0.00 6,400.00
The line item applies to the deep cleaning per X3 Build
Deep cleaning of house and all windows
Totals: General 0.00 7,224.46 49,746.72
Dwelling
Electrical
CAT SEL ACT DESCRIPTION
CALC QTY RESET REMOVE REPLACE TAX O&P TOTAL
------Electrical Repair------
14. ELS SHOMEB + Home management system (Smart home) accessories per X3 Build - Estimate #1056
1 1.00EA [*EN] 0.00+ 24,500.00 = 0.00 0.00 24,500.00
The line item applies to Electrical repairs for the customer's Smart Home system per X3 Build
Electrical: lighting and curtain automation controls, replace all Lutron Radio RA switches and LCD displays which were
damaged. Price includes labor and materials
15. ELE BIDITM + Electrical low voltage repairs - X3 Build - Estimate #1038
1 1.00EA [*EN] 0.00+ 18,500.00 = 0.00 0.00 18,500.00
The line item applies low voltage repairs per X3 Build
Electrical & Low voltage - replacing all burned lighting controls
16. ELE BIDITM + Electrical repair per X3 - Estimate #1062
1 1.00EA [*EN] 0.00+ 11,060.00 = 0.00 0.00 11,060.00
The line item includes:
1. Electrical - replace electrical lines that have shorted due to the
fire. New runs from the main panel to multiple outlets and
switches
2. Drywall - patch and paint holes made due to new lines
17. ELE WIREMC + Wire - average residence - metal clad copper wiring
3556.11 3556.11SF SEE X3.BUILD
18. ELE LVB & R&R Exterior low voltage box
2 2.00EA SEE X3.BUILD
19. ELE OLR & R&R Phone/low voltage outlet rough-in
2 2.00EA SEE X3.BUILD
20. ELE OSC & R&R Outlet or switch - ext. mtd. - Commercial (weatherproof)
3 3.00EA SEE X3.BUILD
------Solar Electrical System------
21. ELS BIDITM + Electrical - Special Systems Solar system repair per X3 Build - Estimate # 1038
1 1.00EA [*EN] 0.00+ 18,600.00 = 0.00 0.00 18,600.00
The line item applies to the solar panel repairs per X3 build
Solar - repair , burnt solar equipment
22. ELS EVCS+ & R&R Electric vehicle charging station - 240V - High grade
1 1.00EA 80.71+ 1,891.46 = 143.29 423.10 2,538.56
In Garage
23. ELS SOLARP> & R&R Solar electric panel - 250 to 450 watt
23 23.00EA SEE X3.BUILD
On Roof
24. ELS SOLMHRS + Solar panel- mounting hardware- Detach & reset (per panel)
23 23.00EA SEE X3.BUILD
25. ELS BIDITM + Electrical - Special Systems (Bid Item) SOLAR BATTERY, INVERTER, DUCTING
1 1.00EA [N] PENDING
Left Elevation mounted to Exterior wall
CONTINUED - Electrical
CAT SEL ACT DESCRIPTION
CALC QTY RESET REMOVE REPLACE TAX O&P TOTAL
Totals: Electrical 143.29 423.10 75,198.56
Plumbing
CAT SEL ACT DESCRIPTION
CALC QTY RESET REMOVE REPLACE TAX O&P TOTAL
26. PLM PT + Plumbing/gas line air pressure test
1 1.00EA 0.00+ 214.36 = 0.00 42.88 257.24
27. PLM PTD + Plumbing/drain line water pressure test
1 1.00EA 0.00+ 509.10 = 0.00 101.82 610.92
28. FPS DS + Drain and re-charge wet fire suppression system
1 1.00EA 0.00+ 313.29 = 0.00 62.66 375.95
29. PLM MISC & R&R X3 Estimate #1038 - Navien tankless water heater
1 1.00EA [EN] 0.00+ 6,860.00 = 0.00 0.00 6,860.00
No 3: Plumbing: new tankless water heater (Navian) with circulating pump
Totals: Plumbing 0.00 207.36 8,104.11
HVAC
CAT SEL ACT DESCRIPTION
CALC QTY RESET REMOVE REPLACE TAX O&P TOTAL
30. HVC AC>>+ & R&R Central air conditioning system - 5 ton - 14-15 SEER
2 2.00EA 367.07+ 5,598.95 = 694.70 2,525.34 15,152.08
31. HVC FRHZH35 & R&R Furnace - horizontal - forced air - high effic.135,000 BTU
1 1.00EA 103.45+ 3,911.79 = 249.04 852.86 5,117.14
32. HVC DCT>> + Ductwork system - hot or cold air - 2200 to 2500 SF home
2 2.00EA 0.00+ 8,722.37 = 682.68 3,625.48 21,752.90
------Equipment------
33. EQU CRANE + Crane and operator - 14 ton capacity - 65' extension boom
8 8.00HR 0.00+ 180.00 = 0.00 288.00 1,728.00
Totals: HVAC 1,626.42 7,291.68 43,750.12
Doors/Windows
CAT SEL ACT DESCRIPTION
CALC QTY RESET REMOVE REPLACE TAX O&P TOTAL
34. WDP BIDITM + Windows -Windows & Sliding Patio Doors (Bid Item) X3 Build Inc Estimate #1038 - Windows DEMO
1 1.00EA [*EN] 0.00+ 12,300.00 = 0.00 0.00 12,300.00
No 4: Demo: remove all existing window and doors and haul off
35. WDP BIDITM + Windows -Windows & Sliding Patio Doors (Bid Item) X3 Build Inc Estimate #1038
1 1.00EA [*EN] 0.00+ 119,157.00 = 0.00 0.00 119,157.00
No 5: Exterior doors & windows (materials) :replace all Milgard windows & doors with like kind
No 6: Installation including sheet metal pans for all doors
36. WDT SHADM & R&R Motorized shades
62*10 620.00SF SEE BID
37. WDT BLC2>>+ & R&R Window blind - double cell - Hunter Douglas Custom
10 10.00EA [*] SEE BID
38. WDT BIDITM + Window Treatments per Home Carpet & Window treatments
1 1.00EA [*E] 0.00+ 23,190.06 = 0.00 4,638.02 27,828.08
The line item applies to the widow treatment repairs per Home Carpet & Window Treatments
Scope of work:
Master - 3 Drapery pairs and valances, fabric @149.00 per yard, black out lined
Boy's Room - 3 Drapery pairs, and valances, fabric @95.00 per yard, black out lined
Fabric: 16,836.00
Lining: 1,389.00
Maufactura: 7,098.00
Shipping: 200.00
Installation: 1.800.00
Tax: 1,776.06
Total: 23,190.06
39. WDT BIDITM + Window Treatment s per Home Carpet & Windows Treatments
1 1.00EA [*E] 0.00+ 54,224.29 = 0.00 10,844.86 65,069.15
This line items applies to the repairs for shades drapery & blinds per Home Carpet & Window Treatments.
Kitchen: 2 Duettes, Duolite, UltrGlide
Entry: 3 Roller shades, screens, with facias, manual
Dining: 4 roller shades, screens, with facias, PowerView
Living: 2 Rollers, screens, with facias, PowerView
Office: 3 Duettes Doulite, UltraGlide
MasterBath: 1 Duette, Duolite, PowerView
Master: 1 Rollershade, screen , with facia, PowerView
2 Roller shades, scree with facia, PowerView
Boy's: 1 Roller shade, screen with facia, PowerView
2 Roller shades, screen with facia, manual
Boy's Bath: 2 Duettes, Doulite, UltraGlide
Shades: $45,603.00
Tax: $4,446.29
Installation: $2,900.00
Shipping: $575.00
Oversize Shipping: $200.00
Measure: $500.00
Total: $54,224.29
CONTINUED - Doors/Windows
CAT SEL ACT DESCRIPTION
CALC QTY RESET REMOVE REPLACE TAX O&P TOTAL
40. WDT DRAPRH + Window drapery - remove and rehang - per hour
2 2.00HR 0.00+ 86.38 = 0.00 34.56 207.32
Master Bedroom
Totals: Doors/Windows 0.00 15,517.44 224,561.55
Appliances
CAT SEL ACT DESCRIPTION
CALC QTY RESET REMOVE REPLACE TAX O&P TOTAL
------Kitchen-------
41. APP RGG+++ & R&R Range - freestanding - gas - Deluxe grade
1 1.00EA [*] 30.55+ 12,399.00 = 536.25 2,593.18 15,558.98
42. APP DW+++ & R&R Dishwasher - Deluxe grade
1 1.00EA [*] 40.63+ 2,499.00 = 174.92 542.90 3,257.45
43. APP GD+ & R&R Garbage disposal / disposer - High grade
1 1.00EA 37.94+ 384.92 = 23.89 89.34 536.09
44. HVC WINE & R&R Cooling unit for wine room - Small
1 1.00EA [*] 21.92+ 3,799.00 = 105.30 785.24 4,711.46
45. APP RFBIXDX & R&R Built-in refrigerator - 48" - Deluxe grade
1 1.00EA [*] 194.19+ 12,500.00 = 1,047.54 2,748.34 16,490.07
46. APP HDSS>+ & R&R Range hood - stainless steel - oversized - High grade
1 1.00EA 45.52+ 3,395.40 = 314.94 751.16 4,507.02
47. APP HDI & R&R Range hood - add on cost for ceiling mount/island hood
1 1.00EA 37.94+ 427.57 = 36.86 100.48 602.85
------Laundry Room-----
48. APP WASF++ & R&R Washer/Washing Machine - Front-loading - Premium grade
1 1.00EA 40.63+ 2,329.86 = 214.50 517.00 3,101.99
49. APP DRYG++ & R&R Dryer - Gas - Premium grade
1 1.00EA 30.55+ 1,762.32 = 156.00 389.78 2,338.65
50. PLM WSBOX & R&R Refrigerator/icemaker water supply box with valve
1 1.00EA 7.59+ 167.84 = 6.44 36.36 218.23
Totals: Appliances 2,616.64 8,553.78 51,322.79
Main Level
Main Level
CAT SEL ACT DESCRIPTION
CALC QTY RESET REMOVE REPLACE TAX O&P TOTAL
51. DRY BIDITM + Drywall (Bid Item) X3 Build Estimate No 1038 - #7 - Drywall repair around doors/windows
1 1.00EA [*EN] 0.00+ 19,000.00 = 0.00 0.00 19,000.00
No. 7: Drywall: demo and patch drywall around all doors & windows
52. DRY 5/8- & R&R 5/8" drywall - hung, taped, ready for texture
862 862.00SF SEE X3.BUILD
Gain Access to replace ductwork and insulation in very small attic spaces
53. DRY PATCHJ + Tape joint for new to existing drywall - per LF
263.61 263.61LF SEE X3.BUILD
54. DRY TEX++ + Texture drywall - smooth / skim coat
1000 1000.00SF SEE X3.BUILD
Total: Main Level 0.00 0.00 19,000.00
EEnnttrryy//FFooyyeerr
GGuueesstt BBaatthh
"7
'21
"7
'21
5' 10"
'4
"5
"2
'4
"1
'3
"2"1
'3"5
'1
Entry/Foyer Height: 10'
228.83 SF Walls 73.16 SF Ceiling
301.99 SF Walls & Ceiling 73.16 SF Floor
8.13 SY Flooring 19.42 LF Floor Perimeter
36.75 LF Ceil. Perimeter
Door 3' 1" X 8' Opens into GUEST_BATH
Door 3' 1" X 8' Opens into OFFICE
Door 5' 4" X 8' Opens into Exterior
5' 10"
"11
'1
"7
'2
"2
'2
Subroom: Offset (1) Height: 8'
40.67 SF Walls 13.61 SF Ceiling
54.28 SF Walls & Ceiling 13.61 SF Floor
1.51 SY Flooring 5.08 LF Floor Perimeter
5.08 LF Ceil. Perimeter
Missing Wall 5' 10" X 8' Opens into ENTRY_FOYER2
Missing Wall 5' 10" X 8' Opens into ROOM1
CAT SEL ACT DESCRIPTION
CALC QTY RESET REMOVE REPLACE TAX O&P TOTAL
------Ceiling------
CONTINUED - Entry/Foyer
CAT SEL ACT DESCRIPTION
CALC QTY RESET REMOVE REPLACE TAX O&P TOTAL
55. PNT SP2 + Seal/prime (1 coat) then paint (2 coats) the ceiling
C 86.77SF 0.00+ 2.09 = 3.05 36.90 221.30
------Walls-------
56. PNT SP2 + Seal/prime (1 coat) then paint (2 coats) the walls
W 269.50SF 0.00+ 2.09 = 9.46 114.56 687.28
57. FNC B6H & R&R Baseboard - 6" hardwood
PF 24.50LF 0.75+ 10.64 = 17.37 59.30 355.73
58. PNT BS> + Stain & finish baseboard - oversized
PF 24.50LF 0.00+ 2.92 = 0.84 14.46 86.84
59. PNT MASKLF + Mask and prep for paint - plastic, paper, tape (per LF)
PF 24.50LF 0.00+ 2.20 = 0.65 10.92 65.47
------Floor-------
60. DMO MASKSFP - Floor protection - heavy paper and tape
F 86.77SF 0.45+ 0.00 = 0.59 7.94 47.58
61. FCT MAT & R&R Tile mat - uncoupling membrane
F 86.77SF 1.39+ 6.90 = 22.17 148.30 889.79
62. FCT AV+ & R&R Tile floor covering - High grade
F 86.77SF 3.80+ 20.19 = 69.03 430.12 2,580.77
63. FCT MORTAR & R&R Mortar bed for tile floors
F 86.77SF 2.05+ 7.22 = 19.88 164.86 989.10
64. FCT SEALG + Grout sealer
F 86.77SF 0.00+ 2.42 = 1.61 42.32 253.91
------Doors/Windows/Fixtures------
65. LIT RC++ & R&R Recessed light fixture - Premium grade
6 6.00EA 16.90+ 234.42 = 61.37 313.86 1,883.15
66. ELE SMOKE++ & R&R Smoke detector - Premium grade
1 1.00EA 16.83+ 193.86 = 14.14 44.96 269.79
67. DOR XPD8++ & R&R Ext. double door - pnl hardwood - 8' Prem. grade no casing
1 1.00EA SEE X3.BUILD
68. WDW P<<++ & R&R Wood window - picture (fixed), 3-11 sf, Premium grade
1 1.00EA SEE X3.BUILD
Above entry door
69. FNC DOP>+ & R&R Door opening (jamb & casing) - 36"to60"wide - stain grade
1 1.00EA 9.54+ 288.33 = 19.65 63.50 381.02
70. FNH DBX+++ + Door lockset & deadbolt - exterior - Deluxe grade
1 1.00EA 0.00+ 452.15 = 40.18 98.48 590.81
71. FNH WS + Door weather stripping
1 1.00EA 0.00+ 40.24 = 0.99 8.24 49.47
Totals: Entry/Foyer 280.98 1,558.72 9,352.01
16'
OOffffiiccee
EEnnttrryy//FFooyyeerr
GGuueesstt BBaatthh OOffffiiccee CClloosseett ((22))
"2
'3
'4
"8
"4
'3
"2
'4
3' 6" 3' 1" 3' 4" 3' 1"
3' 1"1' 2"
"1
'11
"2
'1
"9
'9
Office Height: Sloped
334.40 SF Walls 177.42 SF Ceiling
511.81 SF Walls & Ceiling 176.67 SF Floor
19.63 SY Flooring 28.83 LF Floor Perimeter
54.18 LF Ceil. Perimeter
Door 3' 1" X 8' Opens into ENTRY_FOYER2
Door 3' 1" X 8' Opens into GUEST_BATH
OOffffiiccee CClloosseett ((22))
GGuueesstt SShhoowweerr ((BB22))
"9 '6 "5 '7
Subroom: Office Closet (2) Height: 8'
1' 5" 3' 1" 1' 8"
1' 2" 178.00 SF Walls 39.94 SF Ceiling
217.94 SF Walls & Ceiling 39.94 SF Floor
4.44 SY Flooring 22.25 LF Floor Perimeter
25.33 LF Ceil. Perimeter
5' 11"
6' 7"
Door 3' 1" X 8' Opens into OFFICE
16'
"9
'2
"2
'3
Subroom: Offset (1) Height: 10'
169.17 SF Walls 43.33 SF Ceiling
212.50 SF Walls & Ceiling 43.33 SF Floor
4.81 SY Flooring 21.42 LF Floor Perimeter
21.42 LF Ceil. Perimeter
Missing Wall 16' X 10' Opens into OFFICE
Window 9' X 5' Opens into Exterior
CAT SEL ACT DESCRIPTION
CALC QTY RESET REMOVE REPLACE TAX O&P TOTAL
------Ceiling------
72. PNT SP2 + Seal/prime (1 coat) then paint (2 coats) the ceiling
C 260.69SF 0.00+ 2.09 = 9.15 110.80 664.79
------Walls-------
73. PNT SP2 + Seal/prime (1 coat) then paint (2 coats) the walls
W 681.56SF 0.00+ 2.09 = 23.92 289.68 1,738.06
74. PNT BS> + Stain & finish baseboard - oversized
PF 72.50LF 0.00+ 2.92 = 2.47 42.84 257.01
75. PNT MASKLF + Mask and prep for paint - plastic, paper, tape (per LF)
PF 72.50LF 0.00+ 2.20 = 1.91 32.28 193.69
------Floor-------
CONTINUED - Office
CAT SEL ACT DESCRIPTION
CALC QTY RESET REMOVE REPLACE TAX O&P TOTAL
76. DMO MASKSFP - Floor protection - heavy paper and tape
F 259.94SF 0.45+ 0.00 = 1.77 23.76 142.50
------Doors/Windows/Fixtures------
77. PNT OP> + Paint door or window opening - Large - 2 coats (per side)
1 1.00EA 0.00+ 60.61 = 0.70 12.26 73.57
78. LIT RC++ & R&R Recessed light fixture - Premium grade
7 7.00EA 16.90+ 234.42 = 71.60 366.16 2,197.00
79. ELE COSM++ & R&R Combo CO/Smoke detector - Premium grade (smart home comp.)
1 1.00EA 16.83+ 244.73 = 19.09 56.12 336.77
80. LIT HG++ & R&R Hanging light fixture - Premium grade
1 1.00EA 19.09+ 177.11 = 10.07 41.26 247.53
81. DOR FRRS + French door - Detach & reset
2 2.00EA 0.00+ 126.05 = 0.23 50.46 302.79
82. FNH DORH R Detach & Reset Door knob - interior
2 2.00EA 34.34 0.00+ 0.00 = 0.00 13.74 82.42
83. PNT FRS + Stain & finish French door slab only - (per side)
4 4.00EA 0.00+ 235.96 = 4.40 189.64 1,137.88
84. PNT DORTS + Stain & finish door/window trim & jamb (per side)
4 4.00EA 0.00+ 67.23 = 3.20 54.42 326.54
------Closet------
85. FNC CLOSM+ & R&R Closet Organizer - Melamine - High grade
2'9+4'7 7.33LF 11.38+ 155.15 = 44.99 253.14 1,518.80
Totals: Office 193.50 1,536.56 9,219.35
EEnnttrryy//FFooyyeerr
GGuueesstt BBaatthh OOffffiiccee CClloosseett ((22))
GGuueesstt SShhoowweerr ((BB22))
"9
'6
3' 6" 3' 1" 3' 4"
3' 1"
"5
"7
'2
"2
"1
'3
"5
'1"2
'2
Guest Bath Height: 8'
148.67 SF Walls 49.76 SF Ceiling
198.42 SF Walls & Ceiling 40.93 SF Floor
4.55 SY Flooring 12.00 LF Floor Perimeter
24.75 LF Ceil. Perimeter
9' 8"
10' 4"
Door 3' 1" X 8' Opens into OFFICE
Door 3' 1" X 8' Opens into ENTRY_FOYER2
CAT SEL ACT DESCRIPTION
CALC QTY RESET REMOVE REPLACE TAX O&P TOTAL
------Ceiling------
86. PNT SP2 + Seal/prime (1 coat) then paint (2 coats) the ceiling
C 49.76SF 0.00+ 2.09 = 1.75 21.16 126.91
------Walls-------
87. PNT SP2 + Seal/prime (1 coat) then paint (2 coats) the walls
W 148.67SF 0.00+ 2.09 = 5.22 63.18 379.12
88. PNT MASKLF + Mask and prep for paint - plastic, paper, tape (per LF)
PC 24.75LF 0.00+ 2.20 = 0.65 11.04 66.14
------Floor-------
89. DMO MASKSFP - Floor protection - heavy paper and tape
F 40.93SF 0.45+ 0.00 = 0.28 3.74 22.44
90. FCT SEALG + Grout sealer
F+PF 52.93SF 0.00+ 2.42 = 0.98 25.82 154.89
------Doors/Windows/Fixtures------
91. DOR FRRS + French door - Detach & reset
2 2.00EA 0.00+ 126.05 = 0.23 50.46 302.79
92. FNH DORH R Detach & Reset Door knob - interior
2 2.00EA 34.34 0.00+ 0.00 = 0.00 13.74 82.42
93. PNT FRS + Stain & finish French door slab only - (per side)
4 4.00EA 0.00+ 235.96 = 4.40 189.64 1,137.88
94. PNT DORTS + Stain & finish door/window trim & jamb (per side)
4 4.00EA 0.00+ 67.23 = 3.20 54.42 326.54
95. LIT BAR4+ & R&R Light bar - 4 lights - High grade
1 1.00EA 30.34+ 228.85 = 15.11 54.86 329.16
96. ELE FAN+ & R&R Exhaust fan - High grade
1 1.00EA 22.76+ 409.99 = 18.47 90.26 541.48
Totals: Guest Bath 50.29 578.32 3,469.77
CCaabbiinneett1133 ((BB11))
MMaasstteerr BBaatthh
LLiivviinngg RRoooomm//DDiinniinngg RRoooomm DDiinniinngg RRoooomm ((44))
"1
'21
Living Room/Dining Room Height: 11'
298.13 SF Walls 340.68 SF Ceiling
638.81 SF Walls & Ceiling 329.43 SF Floor
36.60 SY Flooring 19.42 LF Floor Perimeter
28' 4"
67.79 LF Ceil. Perimeter
28' 6"
Door 11' 4" X 9' 7" Opens into Exterior
Door 9' 7" X 9' 7" Opens into Exterior
FFiirreeppllaaccee ((BB11))
"3
'2
Subroom: Offset 2 (3) Height: 9'
40.50 SF Walls 16.50 SF Ceiling
7' 4"
57.00 SF Walls & Ceiling 16.50 SF Floor
1.83 SY Flooring 4.50 LF Floor Perimeter
4.50 LF Ceil. Perimeter
Missing Wall 7' 4" X 9' Opens into LIVING_ROOM_
Missing Wall 7' 4" X 9' Opens into ROOM1
FFiirreeppllaaccee ((BB11)) "3
'2
Subroom: Fireplace (1) Height: 9'
5' 40.50 SF Walls 11.25 SF Ceiling
51.75 SF Walls & Ceiling
4.50 LF Ceil. Perimeter
Missing Wall 5' X 9' Opens into ROOM1
Missing Wall 5' X 9' Opens into LIVING_ROOM_
Subroom: Offset 1 (2) Height: 9'
40.50 SF Walls 69.75 SF Ceiling
110.25 SF Walls & Ceiling 69.75 SF Floor
FFiirreeppllaaccee ((BB11))
7.75 SY Flooring 4.50 LF Floor Perimeter
4.50 LF Ceil. Perimeter
Missing Wall 31' X 9' Opens into ROOM1
Missing Wall 15' 1 1/2" X 9' Opens into LIVING_ROOM_
Missing Wall 15' 10 1/2" X 9' Opens into DINING_ROOM
DDiinniinngg RRoooomm ((44))
"1
'21
"6
'21
15' 11" Subroom: Dining Room (4) Height: 11'
96.06 SF Walls 191.16 SF Ceiling
287.22 SF Walls & Ceiling 191.16 SF Floor
21.24 SY Flooring 2.58 LF Floor Perimeter
43.79 LF Ceil. Perimeter
16' 4"
Door 5' 8" X 9' 7" Opens into Exterior
Door 5' 8" X 9' 7" Opens into Exterior
Missing Wall 15' 10 1/2" X 11' Opens into OFFSET_1
Missing Wall 12' 1/2" X 11' Opens into LIVING_ROOM_
Door 7' X 9' 7" Opens into Exterior
Door 7' X 9' 7" Opens into Exterior
CAT SEL ACT DESCRIPTION
CALC QTY RESET REMOVE REPLACE TAX O&P TOTAL
------Ceiling------
97. FCW FIN+ + Sand, stain, and finish wood ceiling
C 629.34SF 0.00+ 6.56 = 72.41 840.18 5,041.06
98. FCW FINDS + Add for dustless floor sanding
C 629.34SF 0.00+ 1.00 = 0.00 125.86 755.20
99. FCW FINADD + Additional coats of finish (per coat)
C 629.34SF 0.00+ 1.47 = 17.79 188.58 1,131.50
100. FCW LAB + Wood Floor Covering Installer - per hour
16 16.00HR 0.00+ 106.93 = 0.00 342.18 2,053.06
Additional labor for difficulty of finishing a curved wood ceiling
------Walls-------
101. FNC B6H & R&R Baseboard - 6" hardwood
PF 31.00LF 0.75+ 10.64 = 21.97 75.02 450.08
102. PNT BS> + Stain & finish baseboard - oversized
PF 31.00LF 0.00+ 2.92 = 1.06 18.32 109.90
103. PNT SP2 + Seal/prime (1 coat) then paint (2 coats) the walls
W 515.69SF 0.00+ 2.09 = 18.10 219.18 1,315.07
104. PNT MASKLF + Mask and prep for paint - plastic, paper, tape (per LF)
PF 31.00LF 0.00+ 2.20 = 0.82 13.80 82.82
------Floor-------
105. DMO MASKSFP - Floor protection - heavy paper and tape
F 606.84SF 0.45+ 0.00 = 4.14 55.44 332.66
106. FCT MAT & R&R Tile mat - uncoupling membrane
F 606.84SF 1.39+ 6.90 = 155.02 1,037.14 6,222.87
107. FCT AV+ & R&R Tile floor covering - High grade
F 606.84SF 3.80+ 20.19 = 482.80 3,008.18 18,049.07
108. FCT MORTAR & R&R Mortar bed for tile floors
F 606.84SF 2.05+ 7.22 = 139.04 1,152.88 6,917.32
CONTINUED - Living Room/Dining Room
CAT SEL ACT DESCRIPTION
CALC QTY RESET REMOVE REPLACE TAX O&P TOTAL
109. FCT SEALG + Grout sealer
F 606.84SF 0.00+ 2.42 = 11.24 295.96 1,775.75
------Doors/Windows/Fixtures------
110. LIT SCON++ & R&R Light fixture - wall sconce - Premium grade
2 2.00EA 12.64+ 328.67 = 53.63 147.24 883.49
111. LIT RC++ & R&R Recessed light fixture - Premium grade
24 24.00EA 16.90+ 234.42 = 245.49 1,255.44 7,532.61
112. SPE TSIW+ & R&R In-wall / In-ceiling speaker - High grade
2 2.00EA 7.59+ 468.37 = 74.49 205.28 1,231.69
113. LIT RUN & R&R LED light runner - channel-mounted rope light
5*6'6 32.50LF 0.65+ 14.81 = 12.04 102.88 617.38
------Fireplace------
114. PNT OP + Paint door or window opening - 2 coats (per side)
6 6.00EA 0.00+ 51.53 = 3.58 62.56 375.32
115. PNT MASKSFP + Floor protection - heavy paper and tape
18+5'4*3+(3*2*2) 46.00SF 0.00+ 0.71 = 0.31 6.60 39.57
To cover opening and fireplace doors/countertop
116. FPL ELBOX & R&R Electric fireplace insert, built-in, w/ heater- 33" to 39"
2 2.00EA 142.23+ 1,002.63 = 155.81 489.12 2,934.65
117. TIL BMUD & R&R Mortar bed for tile
125 125.00SF 2.53+ 14.04 = 21.08 418.48 2,510.81
118. TIL MT+ & R&R Mosaic - ceramic/porcelain tile - High grade
125 125.00SF 3.02+ 34.10 = 197.07 967.42 5,804.49
Totals: Living Room/Dining Room 1,687.89 11,027.74 66,166.37
KKiittcchheenn
OOffffiiccee CClloosseett ((22)) GGuueesstt SShhoowweerr ((BB22))
"9
'71
"2
'81
14' 6"
14' 1"
"9
'9
"9
'6
"8
"1
'71
Kitchen Height: Tray
450.25 SF Walls 281.97 SF Ceiling
732.22 SF Walls & Ceiling 146.38 SF Floor
16.26 SY Flooring 8.46 LF Floor Perimeter
48.88 LF Ceil. Perimeter
14' 4"
Window 5' X 3' 6" Opens into Exterior
Window 6' X 3' 6" Opens into Exterior
Missing Wall 7 1/2" X 10' Opens into ROOM1
Missing Wall 14' 3 1/2" X 10' Opens into ROOM1
CAT SEL ACT DESCRIPTION
CALC QTY RESET REMOVE REPLACE TAX O&P TOTAL
------Ceiling Wood------
119. FCW FIN+ + Sand, stain, and finish wood ceiling
C 281.97SF 0.00+ 6.56 = 32.44 376.42 2,258.58
120. FCW FINDS + Add for dustless floor sanding
80.63 80.63SF 0.00+ 1.00 = 0.00 16.12 96.75
121. FCW FINADD + Additional coats of finish (per coat)
80.63 80.63SF 0.00+ 1.47 = 2.28 24.16 144.97
122. FCW LAB + Wood Floor Covering Installer - per hour
8 8.00HR 0.00+ 106.93 = 0.00 171.08 1,026.52
123. PNT MASKLF + Mask and prep for paint - plastic, paper, tape (per LF)
36.17 36.17LF 0.00+ 2.20 = 0.95 16.12 96.64
124. PNT OP> + Paint door or window opening - Large - 2 coats (per side)
1 1.00EA 0.00+ 60.61 = 0.70 12.26 73.57
------Ceiling Drywall-----
125. PNT SP2 + Seal/prime (1 coat) then paint (2 coats) part of the ceiling
C-80.63 201.34SF 0.00+ 2.09 = 7.07 85.58 513.45
------Walls-------
126. PNT SP2 + Seal/prime (1 coat) then paint (2 coats) the walls
W 450.25SF 0.00+ 2.09 = 15.80 191.36 1,148.18
------Floor-------
127. DMO MASKSFP - Floor protection - heavy paper and tape
F 146.38SF 0.45+ 0.00 = 1.00 13.38 80.25
128. FCT MAT & R&R Tile mat - uncoupling membrane
F 146.38SF 1.39+ 6.90 = 37.39 250.18 1,501.06
129. FCT AV+ & R&R Tile floor covering - High grade
F 146.38SF 3.80+ 20.19 = 116.46 725.62 4,353.73
130. FCT MORTAR & R&R Mortar bed for tile floors
F 146.38SF 2.05+ 7.22 = 33.54 278.10 1,668.58
131. FCT SEALG + Grout sealer
F 146.38SF 0.00+ 2.42 = 2.71 71.38 428.33
------Doors/Windows/Fixtures------
CONTINUED - Kitchen
CAT SEL ACT DESCRIPTION
CALC QTY RESET REMOVE REPLACE TAX O&P TOTAL
132. LIT RC++ & R&R Recessed light fixture - Premium grade
13 13.00EA 16.90+ 234.42 = 132.97 680.04 4,080.17
133. SPE TSIW+ & R&R In-wall / In-ceiling speaker - High grade
2 2.00EA 7.59+ 468.37 = 74.49 205.28 1,231.69
------Cabinetry-----
134. CAB CUB+ & R&R Custom cabinets - base units - High grade
6'6+2'6+11'9+9'2+1'9 31.67LF 11.39+ 478.54 = 1,286.64 3,360.54 20,163.26
135. CAB CTQ+ & R&R Countertop - quartz/engineered stone - High grade
2*31.67 63.34SF 8.18+ 110.40 = 369.55 1,576.08 9,456.49
136. CAB CTGMS + Add on for undermount sink cutout & polish - single basin
2 2.00EA 0.00+ 231.95 = 0.00 92.78 556.68
137. CAB CUFH+ & R&R Custom cabinets - full height units - High grade
3 3.00LF 13.67+ 689.43 = 178.76 457.62 2,745.68
138. CAB CUW36+ & R&R Custom cabinets - wall units - 36" tall - High grade
2'6*6 15.00LF 11.39+ 346.21 = 415.86 1,156.00 6,935.86
139. CAB LZS + Add for lazy susan
1 1.00EA 0.00+ 101.87 = 9.93 22.36 134.16
140. CAB TRASHBN + Add for pull out trash bin
1 1.00EA 0.00+ 95.75 = 9.34 21.02 126.11
141. CAB RLOUT + Add on cost for roll out shelves
6 6.00EA 0.00+ 81.80 = 47.85 107.74 646.39
-----Plumbing-----
142. PLM SNKDR+ + Sink drain assembly with stop - High grade
2 2.00EA 0.00+ 76.95 = 7.41 32.26 193.57
143. PLM EGSV & R&R Earthquake gas shut-off valve
1 1.00EA 9.49+ 165.31 = 12.15 37.40 224.35
144. PLM FAU++ R Detach & Reset Sink faucet - Kitchen - Premium grade
2 2.00EA 149.84 0.00+ 0.00 = 0.00 59.94 359.62
145. PLM SNK++ R Detach & Reset Sink - single - Premium grade
2 2.00EA 187.63 0.00+ 0.00 = 0.16 75.10 450.52
Totals: Kitchen 2,795.45 10,115.92 60,695.16
Hallway Height: 11' 6"
682.83 SF Walls 274.19 SF Ceiling
957.01 SF Walls & Ceiling 274.19 SF Floor
SSeerrvveerr CClloosseett16' 10" 5HH'aallllwwaayy31'14' 4"
8' 10" FFiirreeppllaaccee ((BB11)) 30.47 SY Flooring 44.08 LF Floor Perimeter
117.08 LF Ceil. Perimeter
Missing Wall 7' 4" X 11' 6" Opens into OFFSET_2
Missing Wall 5' X 11' 6" Opens into FIREPLACE
Missing Wall 31' X 11' 6" Opens into OFFSET_1
Door 4' 1" X 9' 7" Opens into Exterior
Missing Wall 14' 3 1/2" X 11' 6" Opens into KITCHEN
Missing Wall 7 1/2" X 11' 6" Opens into KITCHEN
Missing Wall 5' 10" X 11' 6" Opens into OFFSET
LLaauunnddrryy RRoooomm
HHaallllwwaayy ((11))
MM.. CClloosseett HHeerrssMM.. CClloosseett HHiiss
SSeerrvveerr CClloosseett
CCaabbiinneett1133 ((BB11))
"7
'2
"2
'4
'3
"11
'1
1' 2"3'7" 5' 2"
9" 5' 5"
"1
'2
3' 5"
3' 3" "2
'6
"6
'2
"6 '9
3' 1"
10" 2' 5"
"01
'4
Subroom: Hallway (1) Height: 8'
282.11 SF Walls 120.73 SF Ceiling
402.84 SF Walls & Ceiling 120.73 SF Floor
13.41 SY Flooring 33.63 LF Floor Perimeter
45.71 LF Ceil. Perimeter
Door 3' X 7' Opens into BEDROOM_1
Door 3' X 7' Opens into BEDROOM_2
Door 3' X 7' Opens into LAUNDRY_ROOM
Door 3' 1" X 6' 8" Opens into MASTER_BEDRO
Missing Wall 4' 10" X 8' Opens into ROOM1
CAT SEL ACT DESCRIPTION
CALC QTY RESET REMOVE REPLACE TAX O&P TOTAL
------Ceiling------
146. PNT SP2 + Seal/prime (1 coat) then paint (2 coats) the ceiling
C 394.92SF 0.00+ 2.09 = 13.86 167.86 1,007.10
147. PNT LAB + Painter - per hour
4 4.00HR [*] 0.00+ 169.18 = 0.00 135.34 812.06
To paint the (2) ledges on either side of the hallway at the top of the wall
------Walls-------
148. PNT SP2 + Seal/prime (1 coat) then paint (2 coats) the walls
W 964.94SF 0.00+ 2.09 = 33.87 410.12 2,460.71
149. FNC B6H & R&R Baseboard - 6" hardwood
PF 77.71LF 0.75+ 10.64 = 55.08 188.04 1,128.23
CONTINUED - Hallway
CAT SEL ACT DESCRIPTION
CALC QTY RESET REMOVE REPLACE TAX O&P TOTAL
150. PNT BS> + Stain & finish baseboard - oversized
PF 77.71LF 0.00+ 2.92 = 2.65 45.92 275.48
151. PNT MASKLF + Mask and prep for paint - plastic, paper, tape (per LF)
PF 77.71LF 0.00+ 2.20 = 2.05 34.62 207.63
------Floor-------
152. DMO MASKSFP - Floor protection - heavy paper and tape
F 394.92SF 0.45+ 0.00 = 2.69 36.08 216.48
153. FCT MAT & R&R Tile mat - uncoupling membrane
F 394.92SF 1.39+ 6.90 = 100.88 674.96 4,049.73
154. FCT AV+ & R&R Tile floor covering - High grade
F 394.92SF 3.80+ 20.19 = 314.20 1,957.66 11,745.99
155. FCT MORTAR & R&R Mortar bed for tile floors
F 394.92SF 2.05+ 7.22 = 90.49 750.28 4,501.68
156. FCT SEALG + Grout sealer
F 394.92SF 0.00+ 2.42 = 7.32 192.60 1,155.63
------Doors/Windows/Fixtures------
157. LIT RC++ & R&R Recessed light fixture - Premium grade
14 14.00EA 16.90+ 234.42 = 143.20 732.34 4,394.02
158. LIT SCON++ & R&R Light fixture - wall sconce - Premium grade
3 3.00EA 12.64+ 328.67 = 80.44 220.86 1,325.23
159. ELE SMOKE+ & R&R Smoke detector - High grade
1 1.00EA 16.83+ 121.12 = 7.05 29.00 174.00
160. HVC TS++ & R&R Thermostat - Premium grade
1 1.00EA 10.83+ 281.60 = 13.80 61.24 367.47
161. ELE SECP+ & R&R Security system - control panel - High grade
3 3.00EA 5.72+ 1,032.89 = 64.35 636.06 3,816.24
Totals: Hallway 931.93 6,272.98 37,637.68
MM.. CClloosseett HHeeMMrrss.. CClloosseett HHiiss
SSeerrvveerr CClloosseett
CCaabbiinneett1133 ((BB11))
MMaasstteerr BBeeddrroooomm MMaasstteerr BBaatthh
23' 3"
"01
'7"4
'1
"8
"2
'6
"7
'7
"2
'1
1' 6" 6' 1' 9" 5' 3" 3' 1"
1' 11" 1' 11" 5"
"2 '61 '61
Master Bedroom Height: Sloped
458.41 SF Walls 374.01 SF Ceiling
832.42 SF Walls & Ceiling 371.03 SF Floor
41.23 SY Flooring 34.92 LF Floor Perimeter
78.67 LF Ceil. Perimeter
Door 6' 2" X 8' Opens into MASTER_BATH
Door 3' 1" X 6' 8" Opens into HALLWAY
Door 5' X 8' Opens into M_CLOSET_HI
Door 6' X 8' Opens into M_CLOSET_HE
Window 3' X 6' Opens into Exterior
Window 3' X 6' Opens into Exterior
"7
'1 '2
Subroom: Offset (1) Height: 9'
149.00 SF Walls 35.84 SF Ceiling
184.84 SF Walls & Ceiling 35.84 SF Floor
24' 1" 3.98 SY Flooring 15.33 LF Floor Perimeter
26.33 LF Ceil. Perimeter
Missing Wall 23' 3" X 9' Opens into MASTER_BEDRO
Door 11' X 8' Opens into Exterior
CAT SEL ACT DESCRIPTION
CALC QTY RESET REMOVE REPLACE TAX O&P TOTAL
------Ceiling------
162. PNT SP2 + Seal/prime (1 coat) then paint (2 coats) the ceiling
C 409.85SF 0.00+ 2.09 = 14.39 174.20 1,045.18
------Walls-------
163. PNT SP2 + Seal/prime (1 coat) then paint (2 coats) the walls
W 607.41SF 0.00+ 2.09 = 21.32 258.16 1,548.97
164. PNT BS> + Stain & finish baseboard - oversized
PF 50.25LF 0.00+ 2.92 = 1.72 29.68 178.13
165. PNT MASKLF + Mask and prep for paint - plastic, paper, tape (per LF)
PF 50.25LF 0.00+ 2.20 = 1.32 22.38 134.25
------Floor-------
166. DMO MASKSFP - Floor protection - heavy paper and tape
F 406.88SF 0.45+ 0.00 = 2.78 37.18 223.06
------Doors/Windows/Fixtures------
167. DOR FRRS + French door - Detach & reset
2 2.00EA 0.00+ 126.05 = 0.23 50.46 302.79
CONTINUED - Master Bedroom
CAT SEL ACT DESCRIPTION
CALC QTY RESET REMOVE REPLACE TAX O&P TOTAL
168. PNT FRS + Stain & finish French door slab only - (per side)
4 4.00EA 0.00+ 235.96 = 4.40 189.64 1,137.88
169. FNH DORH R Detach & Reset Door knob - interior
2 2.00EA 34.34 0.00+ 0.00 = 0.00 13.74 82.42
170. PNT DORTS + Stain & finish door/window trim & jamb (per side)
4 4.00EA 0.00+ 67.23 = 3.20 54.42 326.54
171. PNT DORTS> + Stain & finish door/window trim & jamb - Large (per side)
1 1.00EA 0.00+ 78.58 = 0.89 15.90 95.37
172. ELE SMOKE+ & R&R Smoke detector - High grade
1 1.00EA 16.83+ 121.12 = 7.05 29.00 174.00
173. LIT RC++ & R&R Recessed light fixture - Premium grade
10 10.00EA 16.90+ 234.42 = 102.29 523.10 3,138.59
174. LIT SCON+ & R&R Light fixture - wall sconce - High grade
2 2.00EA 12.64+ 173.67 = 23.40 79.20 475.22
175. SPE TSIW+ & R&R In-wall / In-ceiling speaker - High grade
2 2.00EA 7.59+ 468.37 = 74.49 205.28 1,231.69
176. FNH TVRS + TV Brackets - Wall or ceiling mounted - Detach & reset
1 1.00EA 0.00+ 68.25 = 0.00 13.66 81.91
Totals: Master Bedroom 257.48 1,696.00 10,176.00
MM.. CClloosseett HHeerrss MM.. CClloosseett HHiiss
"6
'9
"1
'9
9' 9" M. Closet Hers Height: 8'
9' 6"
248.91 SF Walls 86.04 SF Ceiling
334.94 SF Walls & Ceiling 86.04 SF Floor
9.56 SY Flooring 31.11 LF Floor Perimeter
1' 6" 6' 2' 1"
2' 3" 37.11 LF Ceil. Perimeter
Door 6' X 8' Opens into MASTER_BEDRO
CAT SEL ACT DESCRIPTION
CALC QTY RESET REMOVE REPLACE TAX O&P TOTAL
------Ceiling------
177. PNT SP2 + Seal/prime (1 coat) then paint (2 coats) the ceiling
C 86.04SF 0.00+ 2.09 = 3.02 36.56 219.40
------Walls-------
CONTINUED - M. Closet Hers
CAT SEL ACT DESCRIPTION
CALC QTY RESET REMOVE REPLACE TAX O&P TOTAL
178. PNT SP2 + Seal/prime (1 coat) then paint (2 coats) the walls
W 248.91SF 0.00+ 2.09 = 8.74 105.78 634.74
179. PNT BS> + Stain & finish baseboard - oversized
PF 31.11LF 0.00+ 2.92 = 1.06 18.38 110.28
180. PNT MASKLF + Mask and prep for paint - plastic, paper, tape (per LF)
PF 31.11LF 0.00+ 2.20 = 0.82 13.84 83.10
------Floor-------
181. DMO MASKSFP - Floor protection - heavy paper and tape
F 86.04SF 0.45+ 0.00 = 0.59 7.86 47.17
------Doors/Windows/Fixtures------
182. DOR FRRS + French door - Detach & reset
2 2.00EA 0.00+ 126.05 = 0.23 50.46 302.79
183. DOR FR2RS + French double door set - Detach & reset
1 1.00EA 0.00+ 151.02 = 0.11 30.22 181.35
184. PNT FR2 + Paint double French door slabs only - 2 coats (per side)
2 2.00EA 0.00+ 237.60 = 3.98 95.84 575.02
185. FNH DORH R Detach & Reset Door knob - interior
5 5.00EA 34.34 0.00+ 0.00 = 0.00 34.34 206.04
186. PNT LAB + Painter - per hour
4 4.00HR 0.00+ 116.31 = 0.00 93.04 558.28
(2) crew for 2 hours
187. FNC CLOSM+ & R&R Closet Organizer - Melamine - High grade
PF-4'4 26.78LF 11.38+ 155.15 = 164.37 924.82 5,548.87
188. ELE COSM+ & R&R Combination CO/Smoke detector - High grade
1 1.00EA 16.83+ 145.18 = 9.38 34.28 205.67
189. LIT RC++ & R&R Recessed light fixture - Premium grade
4 4.00EA 16.90+ 234.42 = 40.91 209.24 1,255.43
190. PNT STRD1 + Paint folding stairway/attic access exterior panel- 1 coat
1 1.00EA 0.00+ 40.70 = 0.71 8.28 49.69
191. ELE OCSC+ & R&R Occupancy sensor - ceiling/wall mounted - High grade
1 1.00EA 12.64+ 205.20 = 14.72 46.50 279.06
Totals: M. Closet Hers 248.64 1,709.44 10,256.89
5' 8" 3' 5"
8' 10"
HHaallllwwaayy ((11))
MM.. CClloosseett HHeerrss MM.. CClloosseett HHiiss
SSeerrvveerr CClloosseett
"2
'6
"9
'6
1' 11"
"9
"9
'1 1' 9" 5' 3"
1' 11" 5"
"1
'9
M. Closet His Height: 8'
234.57 SF Walls 74.41 SF Ceiling
308.98 SF Walls & Ceiling 74.41 SF Floor
8.27 SY Flooring 29.03 LF Floor Perimeter
35.78 LF Ceil. Perimeter
Door 1' 9" X 6' 8" Opens into SERVER_CLOS2
Door 5' X 8' Opens into MASTER_BEDRO
CAT SEL ACT DESCRIPTION
CALC QTY RESET REMOVE REPLACE TAX O&P TOTAL
------Ceiling------
192. PNT SP2 + Seal/prime (1 coat) then paint (2 coats) the ceiling
C 74.41SF 0.00+ 2.09 = 2.61 31.62 189.75
------Walls-------
193. PNT SP2 + Seal/prime (1 coat) then paint (2 coats) the walls
W 234.57SF 0.00+ 2.09 = 8.23 99.70 598.18
194. PNT BS> + Stain & finish baseboard - oversized
PF 29.03LF 0.00+ 2.92 = 0.99 17.16 102.92
195. PNT MASKLF + Mask and prep for paint - plastic, paper, tape (per LF)
PF 29.03LF 0.00+ 2.20 = 0.76 12.94 77.57
------Floor-------
196. DMO MASKSFP - Floor protection - heavy paper and tape
F 74.41SF 0.45+ 0.00 = 0.51 6.80 40.79
------Doors/Windows/Fixtures------
197. DOR FRRS + French door - Detach & reset
2 2.00EA 0.00+ 126.05 = 0.23 50.46 302.79
198. DOR FR2RS + French double door set - Detach & reset
1 1.00EA 0.00+ 151.02 = 0.11 30.22 181.35
199. PNT FR2 + Paint double French door slabs only - 2 coats (per side)
2 2.00EA 0.00+ 237.60 = 3.98 95.84 575.02
200. FNH DORH R Detach & Reset Door knob - interior
5 5.00EA 34.34 0.00+ 0.00 = 0.00 34.34 206.04
201. PNT LAB + Painter - per hour
4 4.00HR 0.00+ 116.31 = 0.00 93.04 558.28
(2) crew for 2 hours
202. FNC CLOSM+ & R&R Closet Organizer - Melamine - High grade
PF-4'4 24.70LF 11.38+ 155.15 = 151.60 852.98 5,117.88
203. ELE COSM+ & R&R Combination CO/Smoke detector - High grade
1 1.00EA 16.83+ 145.18 = 9.38 34.28 205.67
204. LIT RC++ & R&R Recessed light fixture - Premium grade
4 4.00EA 16.90+ 234.42 = 40.91 209.24 1,255.43
205. ELE OCSC+ & R&R Occupancy sensor - ceiling/wall mounted - High grade
1 1.00EA 12.64+ 205.20 = 14.72 46.50 279.06
CONTINUED - M. Closet His
CAT SEL ACT DESCRIPTION
CALC QTY RESET REMOVE REPLACE TAX O&P TOTAL
Totals: M. Closet His 234.03 1,615.12 9,690.73
1' 11"
SSeerrvveerr CClloosseett
"6
'2
"9
'2
1' 11"
"9
"4"9
'1
"6
Server Closet Height: 8'
52.33 SF Walls 3.75 SF Ceiling
56.08 SF Walls & Ceiling 3.75 SF Floor
0.42 SY Flooring 6.25 LF Floor Perimeter
8.00 LF Ceil. Perimeter
Door 1' 9" X 6' 8" Opens into M_CLOSET_HI
CAT SEL ACT DESCRIPTION
CALC QTY RESET REMOVE REPLACE TAX O&P TOTAL
------Ceiling------
206. PNT SP2 + Seal/prime (1 coat) then paint (2 coats) the ceiling
C 3.75SF 0.00+ 2.09 = 0.13 1.58 9.55
------Walls-------
207. PNT SP2 + Seal/prime (1 coat) then paint (2 coats) the walls
W 52.33SF 0.00+ 2.09 = 1.84 22.24 133.45
208. PNT BS> + Stain & finish baseboard - oversized
PF 6.25LF 0.00+ 2.92 = 0.21 3.70 22.16
209. PNT MASKLF + Mask and prep for paint - plastic, paper, tape (per LF)
PF 6.25LF 0.00+ 2.20 = 0.16 2.80 16.71
------Floor-------
210. DMO MASKSFP - Floor protection - heavy paper and tape
F 3.75SF 0.45+ 0.00 = 0.03 0.34 2.06
------Doors/Windows/Fixtures------
211. DOR AV R Detach & Reset Interior door unit
1 1.00EA 114.56 0.00+ 0.00 = 0.10 22.94 137.60
212. PNT DOR + Paint door slab only - 2 coats (per side)
2 2.00EA 0.00+ 60.56 = 1.97 24.62 147.71
213. FNH DORH R Detach & Reset Door knob - interior
1 1.00EA 34.34 0.00+ 0.00 = 0.00 6.86 41.20
214. FNC SH12 & R&R Shelving - 12" - in place
5*2 10.00LF 0.57+ 14.33 = 5.42 30.88 185.30
CONTINUED - Server Closet
CAT SEL ACT DESCRIPTION
CALC QTY RESET REMOVE REPLACE TAX O&P TOTAL
215. PNT SHW + Seal & paint wood shelving, 12"- 24" width
2*5 10.00LF 0.00+ 7.49 = 0.63 15.10 90.63
Totals: Server Closet 10.49 131.06 786.37
SSeerrvveerr CClloosseett
CCaabbiinneett1133 ((BB11))
MMaasstteerr BBaatthh MMaasstteerr BBeeddrroooomm
"5
'41
"01
'41
11' 10"
11' 2"
"01
'7
"8
"2
'6
"7
'7
Master Bath Height: 8'
252.33 SF Walls 134.79 SF Ceiling
387.13 SF Walls & Ceiling 97.87 SF Floor
10.87 SY Flooring 23.46 LF Floor Perimeter
35.83 LF Ceil. Perimeter
11' 5"
Door 6' 2" X 8' Opens into MASTER_BEDRO
Window 5' X 5' Opens into Exterior
CAT SEL ACT DESCRIPTION
CALC QTY RESET REMOVE REPLACE TAX O&P TOTAL
------Ceiling------
216. PNT SP2 + Seal/prime (1 coat) then paint (2 coats) the ceiling
C 134.79SF 0.00+ 2.09 = 4.73 57.28 343.72
------Walls-------
217. PNT SP2 + Seal/prime (1 coat) then paint (2 coats) the walls
W 252.33SF 0.00+ 2.09 = 8.86 107.26 643.49
218. PNT MASKLF + Mask and prep for paint - plastic, paper, tape (per LF)
PF 23.46LF 0.00+ 2.20 = 0.62 10.44 62.67
------Floor-------
219. TIL SEALG + Seal grout on tile wall
F+PF 121.33SF 0.00+ 2.63 = 2.25 64.28 385.63
------Doors/Windows/Fixtures------
220. DOR FRRS + French door - Detach & reset
2 2.00EA 0.00+ 126.05 = 0.23 50.46 302.79
221. PNT FRS + Stain & finish French door slab only - (per side)
4 4.00EA 0.00+ 235.96 = 4.40 189.64 1,137.88
222. FNH DORH R Detach & Reset Door knob - interior
2 2.00EA 34.34 0.00+ 0.00 = 0.00 13.74 82.42
CONTINUED - Master Bath
CAT SEL ACT DESCRIPTION
CALC QTY RESET REMOVE REPLACE TAX O&P TOTAL
223. PNT DORTS + Stain & finish door/window trim & jamb (per side)
4 4.00EA 0.00+ 67.23 = 3.20 54.42 326.54
224. ELE BFAN & R&R Bathroom ventilation fan, light, and heater
1 1.00EA 26.73+ 330.49 = 22.12 75.86 455.20
225. LIT RC++ & R&R Recessed light fixture - Premium grade
6 6.00EA 16.90+ 234.42 = 61.37 313.86 1,883.15
226. LIT BAR2 & R&R Light bar - 2 lights
3 3.00EA 30.34+ 97.74 = 6.99 78.24 469.47
227. SPE TSIW++ & R&R In-wall / In-ceiling speaker - Premium grade
2 2.00EA 7.59+ 785.37 = 136.31 344.44 2,066.67
228. FNH TVRS + TV Brackets - Wall or ceiling mounted - Detach & reset
1 1.00EA 0.00+ 68.25 = 0.00 13.66 81.91
Totals: Master Bath 251.08 1,373.58 8,241.54
LLaauunnddrryy RRoooomm
'6
"7
'5
15' 4"
9' 6" 5' 8"
"1
'2
'3
"7
Laundry Room Height: 7'
252.21 SF Walls 86.02 SF Ceiling
338.23 SF Walls & Ceiling 55.35 SF Floor
6.15 SY Flooring 16.55 LF Floor Perimeter
41.89 LF Ceil. Perimeter
Door 3' X 6' 8" Opens into Exterior
Door 3' X 7' Opens into HALLWAY
CAT SEL ACT DESCRIPTION
CALC QTY RESET REMOVE REPLACE TAX O&P TOTAL
------Ceiling------
229. PNT SP2 + Seal/prime (1 coat) then paint (2 coats) the ceiling
C 86.02SF 0.00+ 2.09 = 3.02 36.56 219.36
------Walls-------
230. PNT SP2 + Seal/prime (1 coat) then paint (2 coats) the walls
W 252.21SF 0.00+ 2.09 = 8.85 107.20 643.17
231. FNC B6H & R&R Baseboard - 6" hardwood
PF 16.55LF 0.75+ 10.64 = 11.73 40.04 240.27
CONTINUED - Laundry Room
CAT SEL ACT DESCRIPTION
CALC QTY RESET REMOVE REPLACE TAX O&P TOTAL
232. PNT BS> + Stain & finish baseboard - oversized
PF 16.55LF 0.00+ 2.92 = 0.56 9.78 58.67
233. PNT MASKLF + Mask and prep for paint - plastic, paper, tape (per LF)
PF 16.55LF 0.00+ 2.20 = 0.44 7.36 44.21
------Floor-------
234. DMO MASKSFP - Floor protection - heavy paper and tape
F 55.35SF 0.45+ 0.00 = 0.38 5.06 30.35
235. FCT MAT & R&R Tile mat - uncoupling membrane
F 55.35SF 1.39+ 6.90 = 14.14 94.58 567.58
236. FCT AV+ & R&R Tile floor covering - High grade
F 55.35SF 3.80+ 20.19 = 44.04 274.36 1,646.25
237. FCT MORTAR & R&R Mortar bed for tile floors
F 55.35SF 2.05+ 7.22 = 12.68 105.16 630.94
238. FCT SEALG + Grout sealer
F 55.35SF 0.00+ 2.42 = 1.03 27.00 161.98
------Doors/Windows/Fixtures------
239. LIT RC++ & R&R Recessed light fixture - Premium grade
4 4.00EA 16.90+ 234.42 = 40.91 209.24 1,255.43
240. DOR FRX R Detach & Reset French door - Exterior - pre-hung unit
1 1.00EA SEE X3.BUILD
241. PNT FRX + Prime & paint French door slab only - exterior (per side)
2 2.00EA 0.00+ 168.02 = 3.62 67.92 407.58
242. FNH DBX+ R Detach & Reset Door lockset & deadbolt - exterior - High grade
1 1.00EA 48.07 0.00+ 0.00 = 0.00 9.62 57.69
243. DOR FRRS + French door - Detach & reset
1 1.00EA 0.00+ 126.05 = 0.11 25.24 151.40
244. FNH DORH R Detach & Reset Door knob - interior
1 1.00EA 34.34 0.00+ 0.00 = 0.00 6.86 41.20
245. PNT FRS + Stain & finish French door slab only - (per side)
2 2.00EA 0.00+ 235.96 = 2.20 94.82 568.94
246. PNT DORTS + Stain & finish door/window trim & jamb (per side)
2 2.00EA 0.00+ 67.23 = 1.60 27.22 163.28
247. PLM CAP + Gas/water line cap/plug - per cap
1 1.00EA 0.00+ 18.17 = 0.12 3.66 21.95
-----Cabinetry------
248. CAB LOW+ & R&R Cabinetry - lower (base) units - High grade
8'6 8.50LF 11.39+ 342.02 = 236.87 648.18 3,889.04
249. CAB CTQ+ & R&R Countertop - quartz/engineered stone - High grade
8'6*2'2+8'6 26.92SF 8.18+ 110.40 = 157.06 669.86 4,019.10
Includes backsplash
CONTINUED - Laundry Room
CAT SEL ACT DESCRIPTION
CALC QTY RESET REMOVE REPLACE TAX O&P TOTAL
250. CAB PNL+ & R&R Custom cabinet panels - side, end, or back - High grade
3*3 9.00SF 2.94+ 29.94 = 16.07 62.42 374.41
251. CAB CUW30+ & R&R Custom cabinets - wall units - 30" tall - High grade
13'7 13.58LF 11.39+ 327.14 = 351.24 989.70 5,938.18
252. PLM SNK+ R Detach & Reset Sink - single - High grade
1 1.00EA 187.63 0.00+ 0.00 = 0.08 37.54 225.25
253. PLM FAU R Detach & Reset Sink faucet - Kitchen
1 1.00EA 149.84 0.00+ 0.00 = 0.00 29.96 179.80
Totals: Laundry Room 906.75 3,589.34 21,536.03
BBaatthhrroooomm 11
11'
5' 2" 5' 8"
"4
'4
"5
'3
'3
"2
'4
11' 8"
"6 '01 "11 '01
Bathroom 1 Height: 8' 5"
337.92 SF Walls 115.50 SF Ceiling
453.42 SF Walls & Ceiling 76.93 SF Floor
8.55 SY Flooring 16.08 LF Floor Perimeter
43.00 LF Ceil. Perimeter
Door 3' X 8' Opens into BEDROOM_2
CAT SEL ACT DESCRIPTION
CALC QTY RESET REMOVE REPLACE TAX O&P TOTAL
------Ceiling------
254. PNT SP2 + Seal/prime (1 coat) then paint (2 coats) the ceiling
C 115.50SF 0.00+ 2.09 = 4.05 49.10 294.55
------Walls-------
255. PNT SP2 + Seal/prime (1 coat) then paint (2 coats) the walls
W 337.92SF 0.00+ 2.09 = 11.86 143.64 861.75
256. PNT MASKLF + Mask and prep for paint - plastic, paper, tape (per LF)
PF 16.08LF 0.00+ 2.20 = 0.42 7.16 42.96
------Floor-------
257. DMO MASKSFP - Floor protection - heavy paper and tape
F 76.93SF 0.45+ 0.00 = 0.53 7.02 42.17
------Doors/Windows/Fixtures------
258. DOR ALDP8 R Detach & Reset Interior door, 8' - solid alder - paneled - pre-hung
2 2.00EA 126.05 0.00+ 0.00 = 0.23 50.46 302.79
CONTINUED - Bathroom 1
CAT SEL ACT DESCRIPTION
CALC QTY RESET REMOVE REPLACE TAX O&P TOTAL
259. FNH DORH R Detach & Reset Door knob - interior
2 2.00EA 34.34 0.00+ 0.00 = 0.00 13.74 82.42
260. PNT DORS + Stain & finish door slab only (per side)
4 4.00EA 0.00+ 95.98 = 4.54 77.68 466.14
261. PNT DORTS + Stain & finish door/window trim & jamb (per side)
4 4.00EA 0.00+ 67.23 = 3.20 54.42 326.54
262. LIT BAR2+ & R&R Light bar - 2 lights - High grade
1 1.00EA 30.34+ 164.10 = 8.80 40.64 243.88
263. ELE BFAN & R&R Bathroom ventilation fan, light, and heater
1 1.00EA 26.73+ 330.49 = 22.12 75.86 455.20
-----Cabinetry------
264. PNT MASKSF + Mask the surface area per square foot - plastic and tape - 4 mil
60 60.00SF 0.00+ 0.39 = 0.41 4.76 28.57
Totals: Bathroom 1 56.16 524.48 3,146.97
CClloosseett 22 ((11))
BBeeddrroooomm 11
EEnnttrryy//FFooyyeerr
HHaallllwwaayy ((11))
CClloosseett 11 ((11))
"8
'1
5' 8" 10' 7"
16'
"1
'6
'4
"9
"4
'6
"2 '4
'3
"7
8' 8' 1"
6' 6' 2' 1"
'41 "7
'21
Bedroom 1 Height: Sloped
513.72 SF Walls 224.57 SF Ceiling
738.29 SF Walls & Ceiling 224.00 SF Floor
24.89 SY Flooring 45.00 LF Floor Perimeter
60.07 LF Ceil. Perimeter
Window 3' 4" X 4' 7" Opens into Exterior
Door 3' X 7' Opens into HALLWAY
2' 6' 6' 2' 1" HHaallllwwaayy ((11)) CCllooss1eett6 11' ((11))
16' 10"
"11
'1
"7
'2
Subroom: Closet 1 (1) Height: 8'
206.67 SF Walls 30.67 SF Ceiling
237.33 SF Walls & Ceiling 30.67 SF Floor
3.41 SY Flooring 23.83 LF Floor Perimeter
35.83 LF Ceil. Perimeter
Door 6' X 6' 8" Opens into BEDROOM_1
Door 6' X 6' 8" Opens into BEDROOM_1
CAT SEL ACT DESCRIPTION
CALC QTY RESET REMOVE REPLACE TAX O&P TOTAL
------Ceiling------
265. PNT SP2 + Seal/prime (1 coat) then paint (2 coats) the ceiling
C 255.24SF 0.00+ 2.09 = 8.96 108.50 650.91
------Walls-------
266. PNT SP2 + Seal/prime (1 coat) then paint (2 coats) the walls
W 720.39SF 0.00+ 2.09 = 25.29 306.18 1,837.09
267. PNT BS> + Stain & finish baseboard - oversized
PF 68.83LF 0.00+ 2.92 = 2.35 40.68 244.01
268. PNT MASKLF + Mask and prep for paint - plastic, paper, tape (per LF)
PF 68.83LF 0.00+ 2.20 = 1.81 30.64 183.88
------Floor-------
269. DMO MASKSFP - Floor protection - heavy paper and tape
F 254.67SF 0.45+ 0.00 = 1.74 23.26 139.60
------Doors/Windows/Fixtures------
270. ELE SMOKE+ & R&R Smoke detector - High grade
1 1.00EA 16.83+ 121.12 = 7.05 29.00 174.00
271. LIT RC++ & R&R Recessed light fixture - Premium grade
7 7.00EA 16.90+ 234.42 = 71.60 366.16 2,197.00
272. LIT MISC & R&R Large recessed light - Omni ray
1 1.00EA 16.90+ 300.00 = 11.99 65.78 394.67
273. DOR FRRS + French door - Detach & reset
1 1.00EA 0.00+ 126.05 = 0.11 25.24 151.40
274. PNT FR + Paint French door slab only - 2 coats (per side)
2 2.00EA 0.00+ 118.80 = 1.99 47.92 287.51
------Closet------
275. FNC CLOSM+ & R&R Closet Organizer - Melamine - High grade
15'11 15.92LF 11.38+ 155.15 = 97.71 549.78 3,298.65
276. PNT LAB + Painter - per hour
2 2.00HR 0.00+ 116.31 = 0.00 46.52 279.14
To paint closet organizer
277. DOR BPRS + Bypass (sliding) door set - slabs only - Detach & reset
2 2.00EA 0.00+ 44.08 = 0.00 17.64 105.80
278. PNT FR + Paint French door slab only - 2 coats (per side)
8 8.00EA 0.00+ 118.80 = 7.96 191.68 1,150.04
Totals: Bedroom 1 238.56 1,848.98 11,093.70
BBaatthhrroooomm 11
BBeeddrroooomm 22
CClloosseett 22 ((11))
LLaauunnddrryy RRoooomm
"8 '71 '71
15' 7" 3'7"
15' 4" 1' 9"
"1
'1
"5
'3
'3
"2 '4"11'3"3
'2
20' 11" Bedroom 2 Height: Sloped
20' 3"
545.08 SF Walls 349.57 SF Ceiling
894.65 SF Walls & Ceiling 344.25 SF Floor
38.25 SY Flooring 55.50 LF Floor Perimeter
75.03 LF Ceil. Perimeter
Door 10' X 6' 8" Opens into Exterior
Door 3' X 7' Opens into HALLWAY
Door 3' X 8' Opens into BATHROOM_1
Window 3' X 5' Opens into Exterior
Window 3' X 5' Opens into Exterior
CClloosseett 22 ((11))
"1
'1
"11
'3
"3
'2
5' 5"
"1
'6
"4
'6
5' 5" Subroom: Closet 2 (1) Height: 8'
5' 2"
159.00 SF Walls 31.43 SF Ceiling
190.43 SF Walls & Ceiling 31.43 SF Floor
3.49 SY Flooring 19.50 LF Floor Perimeter
22.50 LF Ceil. Perimeter
Door 3' X 7' Opens into BEDROOM_2
CAT SEL ACT DESCRIPTION
CALC QTY RESET REMOVE REPLACE TAX O&P TOTAL
------Ceiling------
279. PNT SP2 + Seal/prime (1 coat) then paint (2 coats) the ceiling
C 381.00SF 0.00+ 2.09 = 13.37 161.94 971.60
------Walls-------
280. PNT SP2 + Seal/prime (1 coat) then paint (2 coats) the walls
W 704.08SF 0.00+ 2.09 = 24.71 299.24 1,795.48
281. PNT BS> + Stain & finish baseboard - oversized
PF 75.00LF 0.00+ 2.92 = 2.56 44.32 265.88
282. PNT MASKLF + Mask and prep for paint - plastic, paper, tape (per LF)
PF 75.00LF 0.00+ 2.20 = 1.97 33.40 200.37
------Floor-------
283. DMO MASKSFP - Floor protection - heavy paper and tape
F 375.68SF 0.45+ 0.00 = 2.56 34.34 205.96
------Doors/Windows/Fixtures------
284. DOR FRRS + French door - Detach & reset
2 2.00EA 0.00+ 126.05 = 0.23 50.46 302.79
285. PNT FR + Paint French door slab only - 2 coats (per side)
4 4.00EA 0.00+ 118.80 = 3.98 95.84 575.02
CONTINUED - Bedroom 2
CAT SEL ACT DESCRIPTION
CALC QTY RESET REMOVE REPLACE TAX O&P TOTAL
286. LIT RC++ & R&R Recessed light fixture - Premium grade
11 11.00EA 16.90+ 234.42 = 112.52 575.40 3,452.44
287. ELE SMOKE+ & R&R Smoke detector - High grade
1 1.00EA 16.83+ 121.12 = 7.05 29.00 174.00
288. PNT DORTS + Stain & finish door/window trim & jamb (per side)
3 3.00EA 0.00+ 67.23 = 2.40 40.82 244.91
289. PNT DORTS> + Stain & finish door/window trim & jamb - Large (per side)
1 1.00EA 0.00+ 78.58 = 0.89 15.90 95.37
-----Closet-----
290. FNC CLOSM+ & R&R Closet Organizer - Melamine - High grade
LL1 6.08LF 11.38+ 155.15 = 37.32 209.96 1,259.78
Totals: Bedroom 2 209.56 1,590.62 9,543.60
GGaarraaggee
"4 '12 "6 '02
23' 2"
Garage Height: 9' 3"
22' 3"
604.35 SF Walls 409.48 SF Ceiling
21' 21' 10" 101
.
.
S
S
F
Y
W
Fl
a
o
l
o
ls
r i
&
ng
Ceiling 40
.
.
S
L
F
F
F
F
l
l
o
o
o
o
r
r Perimeter
81.45 LF Ceil. Perimeter
17' 8"
18' 5"
Door 18' 9" X 7' Opens into Exterior
Door 2' 8" X 6' 8" Opens into Exterior
CAT SEL ACT DESCRIPTION
CALC QTY RESET REMOVE REPLACE TAX O&P TOTAL
------Ceiling------
291. DRY AC + Acoustic ceiling (popcorn) texture
C 409.48SF 0.00+ 1.96 = 2.79 161.08 966.45
292. PNT AC + Seal & paint acoustic ceiling (popcorn) texture
C 409.48SF 0.00+ 2.01 = 17.17 168.06 1,008.28
------Walls-------
293. PNT SP2 + Seal/prime (1 coat) then paint (2 coats) the walls
W 604.35SF 0.00+ 2.09 = 21.21 256.86 1,541.16
CONTINUED - Garage
CAT SEL ACT DESCRIPTION
CALC QTY RESET REMOVE REPLACE TAX O&P TOTAL
294. PNT MASKLF + Mask and prep for paint - plastic, paper, tape (per LF)
PF 60.03LF 0.00+ 2.20 = 1.58 26.74 160.39
------Floor-------
295. DMO MASKSFP - Floor protection - heavy paper and tape
F 409.48SF 0.45+ 0.00 = 2.79 37.42 224.48
296. CNC CS + Concrete sealer - brush or spray applied
F 409.48SF 0.00+ 1.43 = 30.74 123.26 739.56
------Doors/Windows/Fixtures------
297. DOR BIDITM + Doors - Overhead door per X3 Build - Estimate #1038
1 1.00EA [*E] 0.00+ 9,000.00 = 0.00 1,800.00 10,800.00
298. DOR OHH18> & R&R Overhead door, 18' x 8' - hardwood overlay
1 1.00EA SEE X3.BUILD
299. DOR OHWD+ + Add for decorative window - overhead door - per window
5 5.00EA SEE X3.BUILD
300. DOR OHTRAK & R&R Overhead door track
10 10.00LF SEE X3.BUILD
301. DOR OHO++ & R&R Overhead (garage) door opener - Premium grade
1 1.00EA SEE X3.BUILD
302. DOR FRX & R&R French door - Exterior - pre-hung unit
1 1.00EA SEE X3.BUILD
303. LIT FL+ & R&R Fluorescent light fixture - High grade
4 4.00EA 21.14+ 171.72 = 38.17 161.94 971.55
304. FNH DBX + Door lockset & deadbolt - exterior
1 1.00EA 0.00+ 105.29 = 6.36 22.34 133.99
305. PNT FR + Paint French door slab only - 2 coats (per side)
2 2.00EA 0.00+ 118.80 = 1.99 47.92 287.51
306. PNT MASKF + Mask French door lites (per side of slab)
2 2.00EA 0.00+ 85.92 = 0.26 34.42 206.52
307. ELE ICR+ & R&R Intercom - Remote station - High grade
1 1.00EA 12.64+ 196.48 = 7.84 43.38 260.34
Totals: Garage 130.90 2,883.42 17,300.23
Total: Main Level 8,483.69 48,052.28 307,312.40
Attic
AAttttiicc SSppaaccee
'61 "2 '51 23' 7"
23' 7" "9
'41
"9
'41
12' 1"
"7 '5
"4
'41
"2
'51
39' 1" 39' 1" "8 '7 16' 10" 16' '41
"3
'11
11' 11"
"4
'71
"4
'71
Attic Space Height: 3'
790.83 SF Walls 862.00 SF Ceiling
20' 7"
20' 7" 1652.82 SF Walls & Ceiling 862.00 SF Floor 95.78 SY Flooring 263.61 LF Floor Perimeter
263.61 LF Ceil. Perimeter
CAT SEL ACT DESCRIPTION
CALC QTY RESET REMOVE REPLACE TAX O&P TOTAL
308. INS BT12 & R&R Batt insulation - 12" - R38 - unfaced batt
C 862.00SF 0.59+ 2.59 = 142.88 576.82 3,460.86
309. INS BTCS + Batt insulation - Add-on for confined spaces
C 862.00SF 0.00+ 0.66 = 0.00 113.78 682.70
Totals: Attic Space 142.88 690.60 4,143.56
Total: Attic 142.88 690.60 4,143.56
Exterior - Main Structure
Exterior - Main Structure
CAT SEL ACT DESCRIPTION
CALC QTY RESET REMOVE REPLACE TAX O&P TOTAL
------Lights/Fixtures------
310. ELE ICM++ & R&R Intercom - Master station - Premium grade
1 1.00EA 22.76+ 1,167.67 = 79.94 254.08 1,524.45
Streetfront
311. SPE TSIW+ & R&R In-wall / In-ceiling speaker - High grade
2 2.00EA 7.59+ 468.37 = 74.49 205.28 1,231.69
Poolside
312. ELS SURVC & R&R Surveillance camera - color
7 7.00EA 75.86+ 683.25 = 273.00 1,117.36 6,704.13
Perimeter of home plus 2 streetside
313. LIT RC++ & R&R Recessed light fixture - Premium grade
24 24.00EA 16.90+ 234.42 = 245.49 1,255.44 7,532.61
In wood Soffit
314. LIT X++ & R&R Exterior light fixture - Premium grade
11 11.00EA 19.03+ 208.50 = 117.98 524.16 3,144.97
Exterior sconces
315. LIT ARCH & R&R Architectural effect lights - exterior
16 16.00EA 21.14+ 272.28 = 248.01 988.54 5,931.27
Floor light fixtures
316. LIT SPOT2M & R&R Spot light fixture - double - w/motion sensor
1 1.00EA 21.14+ 195.31 = 4.65 44.22 265.32
CONTINUED - Exterior - Main Structure
CAT SEL ACT DESCRIPTION
CALC QTY RESET REMOVE REPLACE TAX O&P TOTAL
317. LIT BLCFSP + Light bulb - Compact Flrscnt spot/flood (R30) - mat. only
2 2.00EA 0.00+ 10.99 = 2.14 4.82 28.94
318. LIT BLCFA + Light bulb - Compact Fluorescent stand. type - mat. only
35+11*2 57.00EA 0.00+ 8.40 = 46.68 105.10 630.58
319. LIT BLL + Light bulb - LED A19 - up to 500 lm - material only
16 16.00EA 0.00+ 5.23 = 8.16 18.38 110.22
------Awning------
320. AWN WINC+ & R&R Awning - Window/door - Canvas (retractable)
17+14 31.00LF 1.37+ 338.62 = 453.59 2,198.66 13,191.94
321. AWN WINCM + Awning - Canvas (retractable) - Add to motorize
2 2.00EA 0.00+ 753.29 = 106.47 322.62 1,935.67
Total: Exterior - Main Structure 1,660.60 7,038.66 42,231.79
Roof
CAT SEL ACT DESCRIPTION
CALC QTY RESET REMOVE REPLACE TAX O&P TOTAL
------Roof Repairs------
322. RFG BI & R&R Modified bitumen roof
43 43.00SQ SEE X3.BUILD
323. RFG DRIP & R&R Drip edge
300 300.00LF SEE X3.BUILD
324. RFG BIDITM + Roofing repairs per X3 Build - Estimate #1038
1 1.00EA [*E] 0.00+ 32,000.00 = 0.00 6,400.00 38,400.00
The following line item applies to roofing repairs per X3 Build
Roof remove & replace torch down roof
325. RFG ERCP + Elastomeric roof primer
4300 4300.00SF SEE X3.BUILD
Pre-loss condition includes elastomeric - not included in contractor's estimate
326. RFG ERCF + Elastomeric roof coating - Flat roof
4300 4300.00SF SEE X3.BUILD
Pre-loss condition includes elastomeric - not included in contractor's estimate
327. SFG WRAPCF & R&R Wrap custom fascia with aluminum (PER LF)
300 300.00LF SEE X3.BUILD
CONTINUED - Roof
CAT SEL ACT DESCRIPTION
CALC QTY RESET REMOVE REPLACE TAX O&P TOTAL
328. SFG GUTAB> & R&R Gutter - box - aluminum - 7" to 8"
20 20.00LF SEE X3.BUILD
329. SFG GUTRS + Downspout - Detach & reset
20 20.00LF SEE X3.BUILD
------Soffit------
330. FCW AV++ & R&R Oak Soffit - clear grade - no finish
285*2+150 720.00SF SEE X3.BUILD
See X3 Build estimate no 1038- Item # 14
331. FCW FIN + Sand & finish wood floor (natural finish)
720 720.00SF SEE X3.BUILD
See X3 Build estimate no 1038- Item # 14
332. FCW FINDS + Add for dustless floor sanding
720 720.00SF SEE X3.BUILD
See X3 Build estimate no 1038- Item # 14
333. FCW FINADD + Additional coats of finish (per coat)
720 720.00SF SEE X3.BUILD
See X3 Build estimate no 1038- Item # 14
334. FNC QRH & R&R Quarter round - 3/4" - hardwood
300 300.00LF SEE X3.BUILD
See X3 Build estimate no 1038- Item # 14
335. PNT MASKLF + Mask and prep for paint - plastic, paper, tape (per LF)
300 300.00LF SEE X3.BUILD
See X3 Build estimate no 1038- Item # 14
336. FNC BIDITM + Finish Carpentry / Trim (Bid Item) X3 Build Estimate No. 1038 - 14 Wood Panel Eaves/Soffit
1 1.00EA [*E] 0.00+ 42,000.00 = 0.00 8,400.00 50,400.00
No 14: Finish carpentry: replace damaged wood under the eaves
Totals: Roof 0.00 14,800.00 88,800.00
Ext_Surfaces
3195.78 SF Walls 360.28 LF Floor Perimeter
3195.78 SF Walls & Ceiling
Window 3' X 5' Opens into Exterior
Window 3' X 5' Opens into Exterior
Window 3' 4" X 4' 7" Opens into Exterior
Door 5' 4" X 8' Opens into Exterior
Window 9' X 5' Opens into Exterior
Window 6' X 3' 6" Opens into Exterior
Window 5' X 3' 6" Opens into Exterior
Door 5' 8" X 9' 7" Opens into Exterior
Door 5' 8" X 9' 7" Opens into Exterior
Door 4' 1" X 9' 7" Opens into Exterior
Window 5' X 5' Opens into Exterior
Door 11' 4" X 9' 7" Opens into Exterior
Door 9' 7" X 9' 7" Opens into Exterior
Door 7' X 9' 7" Opens into Exterior
Door 7' X 9' 7" Opens into Exterior
Door 11' X 8' Opens into Exterior
Door 3' X 6' 8" Opens into Exterior
Door 10' X 6' 8" Opens into Exterior
Window 3' X 6' Opens into Exterior
Window 3' X 6' Opens into Exterior
Door 2' 8" X 6' 8" Opens into Exterior
Door 18' 9" X 7' Opens into Exterior
CAT SEL ACT DESCRIPTION
CALC QTY RESET REMOVE REPLACE TAX O&P TOTAL
------Stucco Walls------
337. PNT MASKTD + Labor to tape drop cloths
600+300 900.00SF SEE X3.BUILD
338. STU RP + Stucco repair around doors, windows, etc - 1st floor
400 400.00LF SEE X3.BUILD
CONTINUED - Ext_Surfaces
CAT SEL ACT DESCRIPTION
CALC QTY RESET REMOVE REPLACE TAX O&P TOTAL
Damaged stucco due to replacing Exterior windows and sliders
339. CLN SB+ + Sandblasting - Heavy
W 3195.78SF SEE X3.BUILD
340. CLN VAC + Vacuuming - (PER SF)
300*5 1500.00SF SEE X3.BUILD
341. STU NGT + Stucco - natural gray - troweled
W 3195.78SF SEE X3.BUILD
342. PNT STU + Seal & paint stucco
W 3195.78SF SEE X3.BUILD
343. STU BIDITM + Exterior stucco removal & haul off per X3 Build - Estimate #1038
1 1.00EA [*E] 0.00+ 22,100.00 = 0.00 4,420.00 26,520.00
The line item applies to the exterior stucco removal per X3 Build
Demolition - remove & haul off the existing stucco exterior
344. STU BIDITM + Stucco & Exterior Plaster - New smooth stucco throughout the exterior per X3 Build - Estimate #1038
1 1.00EA [*E] 0.00+ 59,000.00 = 0.00 11,800.00 70,800.00
The following line item applies to the stucco repairs per X3 Build
New smooth stucco throughout the exterior
------Garage Ceiling/Planters-------
Includes Garage ceiling planter and lower retaining wall.
345. PNT MASKTD + Labor to tape drop cloths
150 150.00SF 0.00+ 0.27 = 0.15 8.14 48.79
346. CLN SB+ + Sandblasting - Heavy
(13'10*21'3*2)-117 470.92SF 0.00+ 2.06 = 9.64 195.94 1,175.68
347. CLN VAC + Vacuuming - (PER SF)
150 150.00SF 0.00+ 0.15 = 0.00 4.50 27.00
348. STU NGT + Stucco - natural gray - troweled
470.92 470.92SF 0.00+ 10.55 = 66.58 1,006.96 6,041.75
349. PNT STU + Seal & paint stucco
470.92 470.92SF 0.00+ 2.33 = 16.53 222.74 1,336.51
Totals: Ext_Surfaces 92.90 17,658.28 105,949.73
Total: Exterior - Main Structure 1,753.50 39,496.94 236,981.52
Total: Dwelling 14,766.42 120,233.18 951,374.61
CAT SEL ACT DESCRIPTION
CALC QTY RESET REMOVE REPLACE TAX O&P TOTAL
------Front Artificial Turf/Putting Green-----
350. EQC SFTURF & R&R Artificial grass / turf
(357-(44.75+4'6))- 181.75SF 3.80+ 15.40 = 166.04 731.14 4,386.78
(18*7)
Applies to left elevation of the putting green area
351. EQC PGTURF & R&R Putting green artifical grass
17*7 119.00SF 3.80+ 37.00 = 0.00 971.04 5,826.24
352. EQC SFTURF & R&R Artificial grass / turf
7'8*31'8 242.78SF 3.80+ 15.40 = 221.80 976.64 5,859.81
Applies to left elevation of the putting green area
------Exterior Deck Tile Flooring- Front Elevation-----
353. FCT BIDITM + Floor Covering - Tile repair per X3 Build - Estimate #1038
1 1.00EA [EN] 0.00+ 0.00 = 0.00 0.00 0.00
The line item applies to the exterior tile tile repairs per X3 Build
Tile work
1. Tiles around the pool, demo and replace
2. Entire interior floor to match the exterior deck tiles
354. FCT AV+ & R&R Tile floor covering - High grade
1156 1156.00SF 3.80+ 20.19 = 919.71 5,730.42 34,382.57
355. FCT MORTAR & R&R Mortar bed for tile floors
1156 1156.00SF 2.05+ 7.22 = 264.87 2,196.20 13,177.19
356. FCT MAT + Tile mat - uncoupling membrane
1156 1156.00SF 0.00+ 6.90 = 295.30 1,654.34 9,926.04
357. FCT SEALG + Grout sealer
1156 1156.00SF 0.00+ 2.42 = 21.41 563.78 3,382.71
358. FCT LAB + Ceramic Tile Flooring Installer - per hour
12 12.00HR 0.00+ 170.74 = 0.00 409.78 2,458.66
To cut tile for re-installation of glass stantions/supports, posts, floor lights, drains, fire pit and other protrusions.
359. PLM FLD & R&R Floor drain - tub/shower - metal/plastic
6 6.00EA 11.38+ 49.06 = 4.88 73.52 441.04
360. MAS PAVT & R&R Paver travertine
33.75 33.75SF 4.01+ 21.64 = 18.92 176.92 1,061.53
Stones steps in grass
------Stairs/Right Elevation - Flooring------
361. FCT TRAV++ & R&R Travertine tile - Premium grade
11*11+5*6+(4*4*3) 283.00SF SEE X3.BUILD
+(21*4)
Includes steps & landings
362. FCT MORTAR & R&R Mortar bed for tile floors
283 283.00SF SEE X3.BUILD
CONTINUED - Other Structures
CAT SEL ACT DESCRIPTION
CALC QTY RESET REMOVE REPLACE TAX O&P TOTAL
363. FCT SEALG + Grout sealer
283 283.00SF SEE X3.BUILD
364. FCT LAB + Ceramic Tile Flooring Installer - per hour
24 24.00HR [*] SEE X3.BUILD
To mill and shape travertine tiling
------Pool/Jacuzzi------
365. POL COPF & R&R Pool coping - flagstone - up to 12" depth
8+13'10+57'3+50'1 129.17LF SEE X3.BUILD
366. POL BIDITM + Swimming Pools & Spas (Bid Item) X3 Estimate #1038 - Pool Replaster
1 1.00EA [*EN] 0.00+ 22,000.00 = 0.00 0.00 22,000.00
Line 1: Pool replaster: demo existing plaster and apply new mini pebble finish
367. POL BIDITM + Swimming Pools & Spas (Bid Item) X3 Estimate #1038 - Pool Equipment
1 1.00EA [*EN] 0.00+ 38,700.00 = 0.00 0.00 38,700.00
Line 2: Pool equipment: replace all fire damaged pool equipment (pump, heater, sub-panel, vacuum lines, etc)
------Glass Railing------
368. GLS GGRAIL & R&R Glass guardrail 36" - 42" height - metal handrail
100 100.00LF SEE X3.BUILD
369. GLS BIDITM + Glass, Glazing, & Storefronts (Bid Item) X3 BUILD Estimate #1038 - Glass Railing
1 1.00EA [*EN] 0.00+ 32,800.00 = 0.00 0.00 32,800.00
N0 12: Glass railings: replace glass railings on front patio
------Fire Pit------
370. FPL MISC & R&R Outside fire pit
1 1.00EA 0.00+ 5,500.00 = 219.86 1,143.98 6,863.84
Gas supplied 5' X 1' X 2"H with line stone exterior face and glass wind-guards
371. PLM CAP + Gas/water line cap/plug - per cap
1 1.00EA 0.00+ 18.17 = 0.12 3.66 21.95
Cap gas line during repairs
------Built-In BBQ-----
372. SPE BQI++ + Modular BBQ grill island - Premium grade
1 1.00EA 0.00+ 12,407.18 = 1,121.25 2,705.70 16,234.13
373. SPE GRILL + Napoleon grill - Premium
1 1.00EA 0.00+ 1,500.00 = 0.00 300.00 1,800.00
-----Iron Railing at Stairs to Garage/Right Elevation -------
-----Iron Railing with Wire Guides------
374. ORI ORRS + Ornamental iron handrail - Detach & reset
54 54.00LF 0.00+ 38.72 = 1.53 418.48 2,510.89
375. ORI LAB + Ornamental Iron Worker - per hour
2*8*2 32.00HR 0.00+ 134.34 = 0.00 859.78 5,158.66
(2) Crew for 1 day to detach all wire support/guide & 1 day wire to reset wire guides.
CONTINUED - Other Structures
CAT SEL ACT DESCRIPTION
CALC QTY RESET REMOVE REPLACE TAX O&P TOTAL
376. CLN ORI + Clean ornamental iron handrail
54 54.00LF 0.00+ 4.24 = 0.21 45.84 275.01
377. PNT ORI + Prime & paint ornamental iron handrail, 36" to 42" high
54 54.00LF 0.00+ 15.73 = 20.64 174.00 1,044.06
------Hand Rail Wall Mounted------
378. MTL HRSPW R Detach & Reset Handrail - Steel pipe - Wall mounted
4'8+41'8 46.33LF 19.30 0.00+ 0.00 = 0.00 178.84 1,073.01
379. CLN HR + Clean handrail - wall mounted
46.33 46.33LF 0.00+ 0.85 = 0.00 7.88 47.26
380. PNT HR + Paint handrail - wall mounted
46.33 46.33LF 0.00+ 1.87 = 0.99 17.52 105.15
------Iron Fencing on top of Garage------
381. ORI ORRS + Ornamental iron handrail - Detach & reset
23*2 46.00LF 0.00+ 38.72 = 1.30 356.48 2,138.90
382. CLN ORI + Clean ornamental iron handrail
46 46.00LF 0.00+ 4.24 = 0.18 39.04 234.26
383. PNT ORI + Prime & paint ornamental iron handrail, 36" to 42" high
46 46.00LF 0.00+ 15.73 = 17.58 148.24 889.40
------Stairwell Retaining Walls/Right Elevation ------
-------Exterior wall alongside driveway------
384. CLN SB+ + Sandblasting - Heavy
(5*44)+(2*44) 308.00SF 0.00+ 2.06 = 6.31 128.16 768.95
385. STU NGT + Stucco - natural gray - troweled
308 308.00SF 0.00+ 10.55 = 43.54 658.58 3,951.52
386. PNT STU + Seal & paint stucco
308 308.00SF 0.00+ 2.33 = 10.81 145.68 874.13
------Interior Retaining Walls of the Right Elevation Stairwell------
387. CLN SB+ + Sandblasting - Heavy
7*6'8+7'9*4'6+16*5+11 216.54SF 0.00+ 2.06 = 4.43 90.10 540.60
*5
388. STU NGT + Stucco - natural gray - troweled
216.54 216.54SF 0.00+ 10.55 = 30.61 463.02 2,778.13
389. PNT STU + Seal & paint stucco
216.54 216.54SF 0.00+ 2.33 = 7.60 102.42 614.56
------Stairwell Risers-------
390. CLN SB+ + Sandblasting - Heavy
23 23.00SF 0.00+ 2.06 = 0.47 9.58 57.43
391. STU NGT + Stucco - natural gray - troweled
23 23.00SF 0.00+ 10.55 = 3.25 49.20 295.10
CONTINUED - Other Structures
CAT SEL ACT DESCRIPTION
CALC QTY RESET REMOVE REPLACE TAX O&P TOTAL
392. PNT STU + Seal & paint stucco
23 23.00SF 0.00+ 2.33 = 0.81 10.88 65.28
393. LIT ARCH & R&R Architectural effect lights - exterior
14 14.00EA 21.14+ 272.28 = 217.01 864.98 5,189.87
Step lights
------Pergola-----
394. XST BIDITM + Exterior Structures (Bid Item) X3 Estimate dated 04/25/25 - Powder Coat Pergola
1 1.00EA [*EN] 0.00+ 28,000.00 = 0.00 0.00 28,000.00
N0 9: Painting: Powder coat metal pergola
------Block wall & Wooden Fencing - Rear Elevation------
------Wooden Fencing------
395. FEN WDGT8 & R&R Wood gate 7'- 8' high - cedar or equal
56+15 71.00LF 9.49+ 114.69 = 327.37 1,828.84 10,972.99
396. PNT FEN + Seal & paint - wood fence/gate
71*7 497.00SF 0.00+ 1.84 = 21.81 187.26 1,123.55
397. FEN LAB + Fencing Installer - per hour
6 6.00HR 0.00+ 162.18 = 0.00 194.62 1,167.70
To drill and bolt wood slatted fencing into block wall
------Block Wall------
398. MAS BL6+ & R&R Block - 6" x 8" x 16" - in place - reinforced
33*5.5+(10*5.5)/2 209.00SF 4.58+ 15.66 = 88.23 863.66 5,182.05
Footings are excluded from this estimate
399. CNC COR1 + Concrete core drilling - 1" diameter x 1" deep
8*15 120.00EA 0.00+ 15.35 = 0.00 368.40 2,210.40
8" drilling x every 2 feet
400. CNC EPXMN + Epoxy injection - concrete repair - Minimum charge
1 1.00EA 0.00+ 1,148.00 = 2.15 230.04 1,380.19
401. CNC RBJ47 + Steel rebar - j-bar - #4, 7' 6"
15 15.00EA 0.00+ 21.62 = 5.18 65.90 395.38
------Driveway------
402. CLN PWASH + Clean with pressure/chemical spray
380 380.00SF 0.00+ 0.52 = 0.37 39.60 237.57
403. CNC CS + Concrete sealer - brush or spray applied
380 380.00SF 0.00+ 1.43 = 28.53 114.38 686.31
------Black Metal Gates & Fencing------
404. CLN AV+ + Clean the surface area - Heavy
286 286.00SF 0.00+ 0.71 = 0.28 40.68 244.02
405. PNT ORIF + Prime & paint Metal fence - per SF
26*5.5*2 286.00SF 0.00+ 5.24 = 36.53 307.02 1,842.19
Metal Fence/Gate
CONTINUED - Other Structures
CAT SEL ACT DESCRIPTION
CALC QTY RESET REMOVE REPLACE TAX O&P TOTAL
406. FNH DOROK & R&R Wireless/Keyless entry pad for auto door operator system
1 1.00EA SEE X3.BUILD
Totals: Other Structures 4,131.88 26,646.22 281,377.01
Landscaping
CAT SEL ACT DESCRIPTION
CALC QTY RESET REMOVE REPLACE TAX O&P TOTAL
407. LND LABL + General Laborer - per hour
200 200.00HR [N] 0.00+ 65.00 = 0.00 0.00 13,000.00
408. DMO TREE - Tree - tear out and disposal - 12" to 24" diameter
10 10.00EA [N] 1,215.14+ 0.00 = 0.00 0.00 12,151.40
409. LND TEV7 + Tree - evergreen - 6' to 7' in height
20 20.00EA [N] 0.00+ 413.88 = 354.90 0.00 8,632.50
Rear Elevation trees alongside damaged CMU Block wall
410. DMO TREE> - Tree - tear out and disposal - 24" to 36" diameter
15 15.00EA [N] 2,351.40+ 0.00 = 0.00 0.00 35,271.00
411. LND TFS4 + Tree - shade or flowering - 4" caliper
15 15.00EA [N] 0.00+ 676.45 = 548.44 0.00 10,695.19
Right Elevation hillside trees
412. LND PPGG5P + Plants - perennials - grasses - groundcover - 5pt
200 200.00EA [N] 0.00+ 24.20 = 178.04 0.00 5,018.04
413. LND PSE5 + Plants - shrubs - evergreen - 5 gallon
30 30.00EA [N] 0.00+ 130.35 = 169.65 0.00 4,080.15
414. LND PFV5 + Plants - ferns - vines - 5 gallon
50 50.00EA [N] 0.00+ 108.73 = 226.59 0.00 5,663.09
415. LND DFERT + Fertilizing
1000 1000.00SF [N] 0.00+ 0.13 = 0.98 0.00 130.98
416. LND DMUL + Mulching
1000 1000.00SF [N] 0.00+ 0.86 = 60.45 0.00 920.45
Totals: Landscaping 1,539.05 0.00 95,562.80
Labor Minimums Applied
CAT SEL ACT DESCRIPTION
CALC QTY RESET REMOVE REPLACE TAX O&P TOTAL
417. WDT MN-A + Window treatment repair
1 1.00EA 0.00+ 43.20 = 0.00 8.64 51.84
Totals: Labor Minimums Applied 0.00 8.64 51.84
Line Item Totals: 1115_LACHMAN_APEX_2 20,437.35 154,112.50 1,378,112.98
Additional Charges Charge
California Lumber Assessment Fee 67.55
Additional Charges Total $67.55
Grand Total Areas:
11,031.71 SF Walls 4,521.52 SF Ceiling 15,553.23 SF Walls and Ceiling
4,238.83 SF Floor 470.98 SY Flooring 1,226.66 LF Floor Perimeter
0.00 SF Long Wall 0.00 SF Short Wall 1,349.36 LF Ceil. Perimeter
4,238.83 Floor Area 4,907.27 Total Area 7,835.93 Interior Wall Area
7,110.09 Exterior Wall Area 987.54 Exterior Perimeter of
Walls
0.00 Surface Area 0.00 Number of Squares 0.00 Total Perimeter Length
0.00 Total Ridge Length 0.00 Total Hip Length
Coverage Item Total % ACV Total %
Dwelling 1,006,331.83 73.02% 1,006,393.89 73.02%
Dwelling - Debris Removal 0.00 0.00% 0.00 0.00%
Dwelling - Code Upgrade 0.00 0.00% 0.00 0.00%
Dwelling - Extened Limit 0.00 0.00% 0.00 0.00%
Contents 0.00 0.00% 0.00 0.00%
Trees, Plants & Shrubs 95,562.80 6.93% 95,562.80 6.93%
Other Structures 276,218.35 20.04% 276,237.34 20.04%
Total 1,378,112.98 100.00% 1,378,194.03 100.00%
Summary for Dwelling
Line Item Total 863,239.35
California Lumber Assessment Fee 51.72
Material Sales Tax 14,766.42
Subtotal 878,057.49
Overhead 64,168.20
Profit 64,168.20
Replacement Cost Value $1,006,393.89
Net Claim $1,006,393.89
Jared Boergadine
Executive Adjuster
Summary for Trees, Plants & Shrubs
Line Item Total 94,023.75
Material Sales Tax 1,539.05
Replacement Cost Value $95,562.80
Less Amount Over Limit(s) (31,887.80)
Net Claim $63,675.00
Jared Boergadine
Executive Adjuster
Summary for Other Structures
Line Item Total 246,300.03
California Lumber Assessment Fee 15.83
Material Sales Tax 4,131.88
Subtotal 250,447.74
Overhead 12,894.80
Profit 12,894.80
Replacement Cost Value $276,237.34
Less Deductible (3,000.00)
Less Amount Over Limit(s) (145,887.34)
Net Claim $127,350.00
Jared Boergadine
Executive Adjuster
Recap of Taxes, Overhead and Profit
Overhead (10%) Profit (10%) Material Sales Tax Storage Rental Tax
(9.75%) (9.75%)
Line Items 77,056.25 77,056.25 20,437.35 0.00
Additional Charges 6.75 6.75 0.00 0.00
Total 77,063.00 77,063.00 20,437.35 0.00
Recap by Room
Estimate: 1115_LACHMAN_APEX_2
General 42,522.26 3.53%
Coverage: Dwelling 100.00% = 42,522.26
Area: Dwelling
Electrical 74,632.17 6.20%
Coverage: Dwelling 100.00% = 74,632.17
Plumbing 7,896.75 0.66%
Coverage: Dwelling 100.00% = 7,896.75
HVAC 34,832.02 2.89%
Coverage: Dwelling 100.00% = 34,832.02
Doors/Windows 209,044.11 17.37%
Coverage: Dwelling 100.00% = 209,044.11
Appliances 40,152.37 3.34%
Coverage: Dwelling 100.00% = 40,152.37
Area: Main Level 19,000.00 1.58%
Coverage: Dwelling 100.00% = 19,000.00
Entry/Foyer 7,512.31 0.62%
Coverage: Dwelling 100.00% = 7,512.31
Office 7,489.29 0.62%
Coverage: Dwelling 100.00% = 7,489.29
Guest Bath 2,841.16 0.24%
Coverage: Dwelling 100.00% = 2,841.16
Living Room/Dining Room 53,450.74 4.44%
Coverage: Dwelling 100.00% = 53,450.74
Kitchen 47,783.79 3.97%
Coverage: Dwelling 100.00% = 47,783.79
Hallway 30,432.77 2.53%
Coverage: Dwelling 100.00% = 30,432.77
Master Bedroom 8,222.52 0.68%
Coverage: Dwelling 100.00% = 8,222.52
M. Closet Hers 8,298.81 0.69%
Coverage: Dwelling 100.00% = 8,298.81
M. Closet His 7,841.58 0.65%
Coverage: Dwelling 100.00% = 7,841.58
Server Closet 644.82 0.05%
Coverage: Dwelling 100.00% = 644.82
Master Bath 6,616.88 0.55%
Coverage: Dwelling 100.00% = 6,616.88
Laundry Room 17,039.94 1.42%
Coverage: Dwelling 100.00% = 17,039.94
Bathroom 1 2,566.33 0.21%
Coverage: Dwelling 100.00% = 2,566.33
Bedroom 1 9,006.16 0.75%
Coverage: Dwelling 100.00% = 9,006.16
Bedroom 2 7,743.42 0.64%
Coverage: Dwelling 100.00% = 7,743.42
Garage 14,285.91 1.19%
Coverage: Dwelling 100.00% = 14,285.91
Area Subtotal: Main Level 250,776.43 20.84%
Coverage: Dwelling 100.00% = 250,776.43
Area: Attic
Attic Space 3,310.08 0.28%
Coverage: Dwelling 100.00% = 3,310.08
Area Subtotal: Attic 3,310.08 0.28%
Coverage: Dwelling 100.00% = 3,310.08
Area: Exterior - Main Structure 33,532.53 2.79%
Coverage: Dwelling 100.00% = 33,532.53
Roof 74,000.00 6.15%
Coverage: Dwelling 100.00% = 74,000.00
Ext_Surfaces 88,198.55 7.33%
Coverage: Dwelling 100.00% = 88,198.55
Area Subtotal: Exterior - Main Structure 195,731.08 16.26%
Coverage: Dwelling 100.00% = 195,731.08
Area Subtotal: Dwelling 816,375.01 67.83%
Coverage: Dwelling 100.00% = 816,375.01
Other Structures 250,598.91 20.82%
Coverage: Dwelling 1.72% = 4,298.88
Coverage: Other Structures 98.28% = 246,300.03
Landscaping 94,023.75 7.81%
Coverage: Trees, Plants & Shrubs 100.00% = 94,023.75
Labor Minimums Applied 43.20
Coverage: Dwelling 100.00% = 43.20
Subtotal of Areas 1,203,563.13 100.00%
Coverage: Dwelling 71.72% = 863,239.35
Coverage: Trees, Plants & Shrubs 7.81% = 94,023.75
Coverage: Other Structures 20.46% = 246,300.03
Total 1,203,563.13 100.00%
Recap by Category
O&P Items Total %
APPLIANCES 35,698.07 2.59%
Coverage: Dwelling @ 100.00% = 35,698.07
AWNINGS & PATIO COVERS 12,003.80 0.87%
Coverage: Dwelling @ 100.00% = 12,003.80
CABINETRY 41,153.02 2.99%
Coverage: Dwelling @ 100.00% = 41,153.02
CLEANING 2,984.57 0.22%
Coverage: Dwelling @ 33.26% = 992.60
Coverage: Other Structures @ 66.74% = 1,991.97
CONCRETE & ASPHALT 4,443.26 0.32%
Coverage: Dwelling @ 13.18% = 585.56
Coverage: Other Structures @ 86.82% = 3,857.70
GENERAL DEMOLITION 36,153.60 2.62%
Coverage: Dwelling @ 69.69% = 25,195.00
Coverage: Other Structures @ 30.31% = 10,958.60
DOORS 11,773.66 0.85%
Coverage: Dwelling @ 100.00% = 11,773.66
DRYWALL 802.58 0.06%
Coverage: Dwelling @ 100.00% = 802.58
ELECTRICAL 7,157.62 0.52%
Coverage: Dwelling @ 100.00% = 7,157.62
ELECTRICAL - SPECIAL SYSTEMS 6,674.21 0.48%
Coverage: Dwelling @ 100.00% = 6,674.21
MISC. EQUIPMENT - COMMERCIAL 10,940.76 0.79%
Coverage: Other Structures @ 100.00% = 10,940.76
HEAVY EQUIPMENT 1,440.00 0.10%
Coverage: Dwelling @ 100.00% = 1,440.00
FLOOR COVERING - CERAMIC TILE 92,028.10 6.68%
Coverage: Dwelling @ 51.64% = 47,519.34
Coverage: Other Structures @ 48.36% = 44,508.76
FLOOR COVERING - WOOD 10,298.14 0.75%
Coverage: Dwelling @ 100.00% = 10,298.14
FENCING 9,116.07 0.66%
Coverage: Other Structures @ 100.00% = 9,116.07
FINISH CARPENTRY / TRIMWORK 56,562.75 4.10%
Coverage: Dwelling @ 100.00% = 56,562.75
FINISH HARDWARE 1,537.73 0.11%
Coverage: Dwelling @ 100.00% = 1,537.73
FIREPLACES 7,505.26 0.54%
Coverage: Dwelling @ 26.72% = 2,005.26
Coverage: Other Structures @ 73.28% = 5,500.00
O&P Items Total %
FIRE PROTECTION SYSTEMS 313.29 0.02%
Coverage: Dwelling @ 100.00% = 313.29
HEAT, VENT & AIR CONDITIONING 36,635.03 2.66%
Coverage: Dwelling @ 100.00% = 36,635.03
INSULATION 2,801.50 0.20%
Coverage: Dwelling @ 100.00% = 2,801.50
LABOR ONLY 29,086.50 2.11%
Coverage: Dwelling @ 100.00% = 29,086.50
LIGHT FIXTURES 46,976.13 3.41%
Coverage: Dwelling @ 91.89% = 43,164.21
Coverage: Other Structures @ 8.11% = 3,811.92
MASONRY 4,003.29 0.29%
Coverage: Other Structures @ 100.00% = 4,003.29
METAL STRUCTURES & COMPONENTS 894.17 0.06%
Coverage: Other Structures @ 100.00% = 894.17
ORNAMENTAL IRON 8,170.88 0.59%
Coverage: Dwelling @ 52.61% = 4,298.88
Coverage: Other Structures @ 47.39% = 3,872.00
PLUMBING 2,553.62 0.19%
Coverage: Dwelling @ 87.76% = 2,241.09
Coverage: Other Structures @ 12.24% = 312.53
PAINTING 42,558.22 3.09%
Coverage: Dwelling @ 87.43% = 37,209.69
Coverage: Other Structures @ 12.57% = 5,348.53
ROOFING 32,000.00 2.32%
Coverage: Dwelling @ 100.00% = 32,000.00
SPECIALTY ITEMS 19,224.88 1.39%
Coverage: Dwelling @ 27.66% = 5,317.70
Coverage: Other Structures @ 72.34% = 13,907.18
STUCCO & EXTERIOR PLASTER 91,844.76 6.66%
Coverage: Dwelling @ 93.71% = 86,068.21
Coverage: Other Structures @ 6.29% = 5,776.55
TILE 6,336.60 0.46%
Coverage: Dwelling @ 100.00% = 6,336.60
TEMPORARY REPAIRS 2,360.00 0.17%
Coverage: Dwelling @ 100.00% = 2,360.00
WINDOW TREATMENT 77,630.31 5.63%
Coverage: Dwelling @ 100.00% = 77,630.31
O&P Items Subtotal 751,662.38 54.54%
Non-O&P Items Total %
Non-O&P Items Total %
CLEANING 6,400.00 0.46%
Coverage: Dwelling @ 100.00% = 6,400.00
GENERAL DEMOLITION 47,422.40 3.44%
Coverage: Trees, Plants & Shrubs @ 100.00% = 47,422.40
DRYWALL 19,000.00 1.38%
Coverage: Dwelling @ 100.00% = 19,000.00
ELECTRICAL 29,560.00 2.14%
Coverage: Dwelling @ 100.00% = 29,560.00
ELECTRICAL - SPECIAL SYSTEMS 43,100.00 3.13%
Coverage: Dwelling @ 100.00% = 43,100.00
GLASS, GLAZING, & STOREFRONTS 32,800.00 2.38%
Coverage: Other Structures @ 100.00% = 32,800.00
LANDSCAPING 46,601.35 3.38%
Coverage: Trees, Plants & Shrubs @ 100.00% = 46,601.35
PLUMBING 6,860.00 0.50%
Coverage: Dwelling @ 100.00% = 6,860.00
SWIMMING POOLS & SPAS 60,700.00 4.40%
Coverage: Other Structures @ 100.00% = 60,700.00
WINDOWS - SLIDING PATIO DOORS 131,457.00 9.54%
Coverage: Dwelling @ 100.00% = 131,457.00
EXTERIOR STRUCTURES 28,000.00 2.03%
Coverage: Other Structures @ 100.00% = 28,000.00
Non-O&P Items Subtotal 451,900.75 32.79%
O&P Items Subtotal 751,662.38 54.54%
Permits and Fees 67.55 0.00%
Coverage: Dwelling @ 76.57% = 51.72
Coverage: Other Structures @ 23.43% = 15.83
Material Sales Tax 20,437.35 1.48%
Coverage: Dwelling @ 72.25% = 14,766.42
Coverage: Trees, Plants & Shrubs @ 7.53% = 1,539.05
Coverage: Other Structures @ 20.22% = 4,131.88
Overhead 77,063.00 5.59%
Coverage: Dwelling @ 83.27% = 64,168.20
Coverage: Other Structures @ 16.73% = 12,894.80
Profit 77,063.00 5.59%
Coverage: Dwelling @ 83.27% = 64,168.20
Coverage: Other Structures @ 16.73% = 12,894.80
Total 1,378,194.03 100.00%
Dwelling - Main Level
BBaatthhrroooomm 11
BBeeddrroooomm 22
CClloosseett 22 ((11))
OOffffiiccee
BBeeddrroooomm 11 EEnnttrryy//FFooyyeerr
KKiittcchheenn LLaauunnddrryy RRoooomm
GGuueesstt BBOOaattffhhffiiccee CClloosseett ((22)) HHaallllwwaayy ((11)) GGuueesstt SShhoowweerr ((BB22)) CClloosseett 11 ((11))
MM.. CClloosseett HHMMeerrss.. CClloosseett HHiiss
SSeerrvveerr CClloosseett HHaallllwwaayy
FFiirreeppllaaccee ((BB11))
CCaabbiinneett1133 ((BB11))
MMaasstteerr BBaatthh
MMaasstteerr BBeeddrroooomm LLiivviinngg RRoooomm//DDiinniinngg RRoooomm DDiinniinngg RRoooomm ((44))
GGaarraaggee
Main Level
"1
'21
14' 6"
14' 1"
15' 2"
"9 '6
"8
"1
'71
14' 4"
"5
'41
"01
'41
3' 5" 8' 10"
11' 2"
"2
'6 1' 11"
"11
'2 6' 11"
"1 '9
5' 10"
9' 8" 5' 11"
16' 1"
23' 3"
15' 11"
"6
'2
"6 '9
9' 6"
"7
'5
15' 4"
"1
'6
5' 2"
16' 10"
"3 '01
10' 1"
'71
"01
'4
11'
"6 '01 "11 '01
7' 4" 5' 31'
"4 '12 "6 '02
32' 6"
20' 3"
23' 2"
22' 3"
21' 21' 10"
17' 8"
18' 5"
'41
"8 '1
10' 7"
16'
"3
'6
16' 10"
16'
"6
'71
"1
'3
"3
'2
"9
'31
"3 '4
24' 1"
"3 '15
"9 '63 "7 '73
44' 2"
56' 2"
"1
'51 "11
'1
5' 4' 9" "2 '3
9' 10"
"6 '9
"3
'4
3'
"6 '6 "1 '9
4' 3"
1' 5"
"4
'4
"5
'7
2' 6"
'2
'2
1' 4"
6' 2" "11 '5 "9
'3
14'
4' 6"
'2 13' 7" '1
2'
'2
"8
'6
4' 8"
5' 8"
"9
'71
"4 '41 "7 '9
Dwelling - Exterior - Main Structure
32' 6"
Exterior - Main Structure
"11
'01
10' 6"
"8
'1 5' 10"
"3
'6
16' 11"
"3
'4
14' 6"
"7
'73
56' 2" "1
'3
24' 1"
"3
'15
"4
'12
23' 2"
21'
10"
18' 5"
Dwelling - Attic
AAttttiicc SSppaaccee
Attic
'61 "2
'51
11' 11"
11' 1"
20' 7"
20' 7"
"4
'71
"4
'71
"5
'01
"3
'11
5' 10"
5' 10"
23' 7"
23' 7"
11' 3"
12' 1"
"9
'41
"9
'41
"4
'41
"2
'51
9'
9'
"01
'41
'41
"01
'6
"8
'7
39' 1"
39' 1"
"7
'5
"9
'4
16' 10"
16'
22' 3"
23' 1"
"01
'4
"01
'4
