Insured: Barbra Schacter
Property: 935 Chattanooga Ave.
Pacific Palisades, CA 90272
Claim Rep.: Jared Boergadine Business: (818) 720-9345
Business: 11138 Aqua Vista St Suite 37 E-mail: Jared@VIPClaimService.com
Los Angeles, CA 91602
Estimator: Jared Boergadine Business: (818) 720-9345
Business: 11138 Aqua Vista St Suite 37 E-mail: Jared@VIPClaimService.
Los Angeles, CA 91602 com
Claim Number: 75-79D9-35K Policy Number: 71-GF-E601-0 Type of Loss:
Coverage Deductible Policy Limit
Dwelling $0.00 $0.00
Other Structures $0.00 $0.00
Contents $0.00 $0.00
Date of Loss: Date Received:
Date Inspected: Date Entered: 7/28/2025 8:25 AM
Price List: CALA8X_JUL25 Depreciate Material: Yes Depreciate O&P: No
Restoration/Service/Remodel Depreciate Non-material: No Depreciate Taxes: No
Estimate: SCHACTER_CONTENTS2 Depreciate Removal: No
SCHACTER_CONTENTS2
Pack-Out
Pack-Out
CAT SEL ACT DESCRIPTION
CALC QTY REMOVE REPLACE TAX TOTAL
1. CPS LAB + Inventory, Packing, Boxing, and Moving charge - per hour
5*8*3 120.00HR [*] 0.00+ 80.81 = 0.00 9,697.20
(5) Crew for 3 days, 8 hours per day.
2. CPS LABS + Contents Evaluation and/or Supervisor/Admin - per hour
8*3 24.00HR [*] 0.00+ 114.94 = 0.00 2,758.56
(1) Working Supervisor to coordinate all phases of the pack-out, storage.
Pack-out: (1) Supervisor for 3 days
3. WTR PPEG6 + Personal protective gloves - Disposable (per pair)
2*6*3 36.00EA 0.00+ 0.41 = 1.44 16.20
(2) Sets of gloves for (5) crew & (1) Supervisor for 3 days - pack-out
4. DMO PU - Haul debris - per pickup truck load - including dump fees
.25 0.25EA 211.75+ 0.00 = 0.00 52.94
For all debris generated during pack-out services.
5. WTR PPEM + Personal protective mask (N-95)
3*6 18.00EA 0.00+ 1.57 = 2.76 31.02
(1) Set of mask for (5) crew that includes (1) Working Supervisor for 3 days - Pack-out
6. CPS TR> + Moving van (21'-27') and equipment (per day)
2*(3+3) 12.00EA 0.00+ 210.45 = 0.00 2,525.40
(1) Truck for day for 3 days pack-out & 3 days pack-back from the job site to the off-site storage site and from the off-site storage facility
back to the customer's residence
7. DMO MASKSF - Mask or cover per square foot
1200 1200.00SF 0.62+ 0.00 = 10.53 754.53
8. CPS LAB + Inventory, Packing, Boxing, and Moving charge - per hour
8*3 24.00HR 0.00+ 66.50 = 0.00 1,596.00
Labor to move large objects and other debris to access salvable items for precessing and storage
Total: Pack-Out 14.73 17,431.85
Cleaning
CAT SEL ACT DESCRIPTION
CALC QTY REMOVE REPLACE TAX TOTAL
9. CLN DODROZ + Deodorize building - Ozone treatment
6*1695 10170.00CF [*] 0.00+ 0.13 = 0.00 1,322.10
(6) loads @ 1695 Cubic Feet.
CONTINUED - Cleaning
CAT SEL ACT DESCRIPTION
CALC QTY REMOVE REPLACE TAX TOTAL
10. CPS LAB + Inventory, Packing, Boxing, and Moving charge - per hour
6*3*8 144.00HR 0.00+ 66.50 = 0.00 9,576.00
(6) Crew for 8 hours for 3 days. To clean all items from the customer's residence prior to re-packing.
11. CPS LAB + Inventory, Packing, Boxing, and Moving charge - per hour
6*2*3 36.00HR 0.00+ 66.50 = 0.00 2,394.00
(6) Crew for 2 hours for 3 days to repack contents for storage in vaults.
-----New Materials used to prevent Cross-Contamination after the cleaning process-----
12. CPS BWRAP + Bubble wrap - 24" wide - Add-on cost for fragile items
2130 2130.00LF 0.00+ 0.22 = 45.69 514.29
13. CPS BX + Provide box, packing paper & tape - medium size
107 107.00EA 0.00+ 3.91 = 40.79 459.16
14. CPS BX> + Provide box, packing paper & tape - large size
15 15.00EA 0.00+ 5.28 = 7.72 86.92
15. CPS BX + Provide box, packing paper & tape - medium size
30 30.00EA 0.00+ 3.91 = 11.44 128.74
16. CPS BXWDR> + Provide wardrobe box & tape - large size
12 12.00EA 0.00+ 27.89 = 32.63 367.31
17. CPS BXMIR + Provide mirror/picture box, packing paper & tape
6 6.00EA 0.00+ 10.29 = 6.02 67.76
18. CPS BXPF + Provide picture-frame box, packing paper & tape
5 5.00EA 0.00+ 6.76 = 3.30 37.10
19. CPS BXPF< + Provide picture-frame box, packing paper & tape - Small
18 18.00EA 0.00+ 3.79 = 6.65 74.87
20. CPS BXPF> + Provide picture-frame box, packing paper & tape - Large
4 4.00EA 0.00+ 9.20 = 3.59 40.39
21. CPS BXTV + Provide TV box, packing paper & tape
3 3.00EA 0.00+ 28.53 = 8.35 93.94
22. CPS PAD + Provide furniture lightweight blanket/pad
102 102.00EA 0.00+ 9.07 = 90.20 1,015.34
23. CPS WRAP + Provide stretch film/wrap - 20" x 1000' roll
10.25 10.25RL 0.00+ 29.83 = 29.81 335.57
Totals: Cleaning 286.19 16,513.49
Total: Pack-Out 300.92 33,945.34
Dwelling
Main Level
SShhoowweerr ((AA22)) 5' 9"HH2VV' 6AA"CC2 CC' 6lloo"ss2ee'tt 6 (("33))
MMaa6ii'nn 1 HH"aallllwwaayy OOffffiiccee CClloosseett ((11)) CCaabbiinneett11 ((BB11))
KKiittcchheenn HHaallllwwaayy ((11))
"2
5' 1" 11'
4' 11"
11' 4"
"6
'1
6' 1" 2' 6"
5' 9" 4"
'2
Main Hallway Height: 7' 5"
462.22 SF Walls 104.64 SF Ceiling
566.86 SF Walls & Ceiling 104.64 SF Floor
11.63 SY Flooring 62.32 LF Floor Perimeter
62.32 LF Ceil. Perimeter
KKiittcchheenn HHaallllwwaayy ((11))
1' 2' 10" 5' 1" 3' 1"
CCooaa 8 tt " CClloosseett (( 8 22 " )) CCaabbiinneett88 ((BB22))
"9
'3
"11
'3
Subroom: Kitchen Hallway (1) Height: 7' 5"
6"2' 6"2" 8' 8" 177.31 SF Walls 45.76 SF Ceiling
4" 8' 10"
223.07 SF Walls & Ceiling 45.76 SF Floor
5.08 SY Flooring 23.24 LF Floor Perimeter
28.32 LF Ceil. Perimeter
Missing Wall 3' 9" X 7' 5" Opens into LIVING_ROOM
Missing Wall - Goes to Floor 5' 1" X 7' Opens into KITCHEN1
HHVVAACC CClloosseett ((33))
2" 2' 6" 4"
4" 6"
"01
'3
1' 1" 1' 11"
3'
"6
'3
"8
'3
Subroom: HVAC Closet (3) Height: 7' 5"
96.69 SF Walls 10.56 SF Ceiling
107.26 SF Walls & Ceiling 10.56 SF Floor
1.17 SY Flooring 13.04 LF Floor Perimeter
13.04 LF Ceil. Perimeter
CCooaatt CClloosseett ((22))
2' 10"
2' 3"
CCaabbCCiinnaabbeettii11nn11eett ((11BB3344 (())BB66))
"8
'2
1' 2' 4"
8" 2"
'3
Subroom: Coat Closet (2) Height: 7' 5"
79.65 SF Walls 7.17 SF Ceiling
86.82 SF Walls & Ceiling 7.17 SF Floor
0.80 SY Flooring 10.74 LF Floor Perimeter
10.74 LF Ceil. Perimeter
CAT SEL ACT DESCRIPTION
CALC QTY REMOVE REPLACE TAX TOTAL
24. CPS PAD + Provide furniture lightweight blanket/pad
8 8.00EA 0.00+ 9.07 = 7.07 79.63
25. CPS BWRAP + Bubble wrap - 24" wide - Add-on cost for fragile items
30 30.00LF 0.00+ 0.22 = 0.64 7.24
CONTINUED - Main Hallway
CAT SEL ACT DESCRIPTION
CALC QTY REMOVE REPLACE TAX TOTAL
26. CPS WRAP + Provide stretch film/wrap - 20" x 1000' roll
.5 0.50RL 0.00+ 29.83 = 1.45 16.37
27. CPS BXPF> + Provide picture-frame box, packing paper & tape - Large
3 3.00EA 0.00+ 9.20 = 2.69 30.29
28. CPS BX< + Provide box, packing paper & tape - small size
3 3.00EA 0.00+ 2.95 = 0.86 9.71
Totals: Main Hallway 12.71 143.24
8' 1"
7' 6"
CCaabbiinneett44 ((BB11))
BBaatthhrroooomm 11 MMaasstteerr bbaatthhrroooommCCaabbiinneett33 ((BB11))
SShhoowweerr ((AA22))
"9 '8 "7 '8 3' 1"
1' 9" 2' 3' 9"
2' 2"
"1
'1
Bathroom 1 Height: 7' 5"
264.32 SF Walls 64.68 SF Ceiling
329.00 SF Walls & Ceiling 64.68 SF Floor
7.19 SY Flooring 40.64 LF Floor Perimeter
32.24 LF Ceil. Perimeter
Missing Wall - Goes to Ceiling 3' 1 7/16" X 4' 5" Opens into BATHROOM_1
Missing Wall - Goes to Ceiling 1' 1" X 4' 5" Opens into BATHROOM_1
BBeedd11 CClloosseett ((11)) '6 "2
'6
2' 3"
1' 11"
"4
'5
"4
Subroom: Bed1 Closet (1) Height: 7' 5"
117.43 SF Walls 11.50 SF Ceiling
128.93 SF Walls & Ceiling 11.50 SF Floor
1.28 SY Flooring 15.83 LF Floor Perimeter
15.83 LF Ceil. Perimeter
2' 1"
CAT SEL ACT DESCRIPTION
CALC QTY REMOVE REPLACE TAX TOTAL
29. CPS WRAP + Provide stretch film/wrap - 20" x 1000' roll
.25 0.25RL 0.00+ 29.83 = 0.73 8.19
30. CPS BX< + Provide box, packing paper & tape - small size
3 3.00EA 0.00+ 2.95 = 0.86 9.71
CONTINUED - Bathroom 1
CAT SEL ACT DESCRIPTION
CALC QTY REMOVE REPLACE TAX TOTAL
31. CPS BXPF> + Provide picture-frame box, packing paper & tape - Large
1 1.00EA 0.00+ 9.20 = 0.90 10.10
32. CPS PAD + Provide furniture lightweight blanket/pad
1 1.00EA 0.00+ 9.07 = 0.88 9.95
Totals: Bathroom 1 3.37 37.95
MMaaiinn HHaallllwwaayy OOffffiiccee CClloosseett ((11)) CCaabbiinneett11 ((BB11)) KKiittcchheenn HHaallllwwaayy ((11))
CCooaatt CClloosseett ((22))
CCCCaaaabbbbiinniinneeeett11tt111133 (( ((BBBB4466))))
SSttoovvee iinnsseett ((22)) CCCCaaaabbbbiinniinneeeett11tt112244 (( ((BBBB5577))))
LLiivviinngg RRoooomm
13' 8" 8FF '
5"
iirree
1PP
8 pp
'
aa
ll
"nn
aa
tt
cc
rr
ee
yy
((
((
))
))
14' 2"
'3
"7
'7
"6
'3
"9
'3
"3
'7
"4
'3
6' 1" 5' 9" "6 '1 11'
11' 4"
"11
'42
"5
'42
Living Room Height: Peaked
730.95 SF Walls 411.27 SF Ceiling
1142.22 SF Walls & Ceiling 404.14 SF Floor
44.90 SY Flooring 80.14 LF Floor Perimeter
84.51 LF Ceil. Perimeter
Missing Wall 3' 9" X 7' 8" Opens into KITCHEN_HALL
1' Subroom: Fireplace (1) Height: 8'
10"
8'
5"
8'
3' 11" 3' 7"PPaann
tt
'
rr
'
yy
"
((
"
33)) 2
.
.
S
S
F
F
W
W
a
a
l
l
l
l
s
s & Ceiling
.
.
S
S
F
F
C
Fl
e
o
i
o
li
r
ng
FFiirreeppllaaccee ((11)) 4' 2" 4' 5"
.
.
S
L
Y
F C
F
e
lo
il
o
.
r
P
in
e
g
rimeter
28.41 LF Floor Perimeter
8' 4"
8' 9"
CAT SEL ACT DESCRIPTION
CALC QTY REMOVE REPLACE TAX TOTAL
33. CPS PAD + Provide furniture lightweight blanket/pad
24 24.00EA 0.00+ 9.07 = 21.22 238.90
34. CPS WRAP + Provide stretch film/wrap - 20" x 1000' roll
2 2.00RL 0.00+ 29.83 = 5.82 65.48
35. CPS BWRAP + Bubble wrap - 24" wide - Add-on cost for fragile items
500 500.00LF 0.00+ 0.22 = 10.73 120.73
Large amount of crystal objects
CONTINUED - Living Room
CAT SEL ACT DESCRIPTION
CALC QTY REMOVE REPLACE TAX TOTAL
36. CPS BXPF< + Provide picture-frame box, packing paper & tape - Small
10 10.00EA 0.00+ 3.79 = 3.70 41.60
37. CPS BXPF + Provide picture-frame box, packing paper & tape
1 1.00EA 0.00+ 6.76 = 0.66 7.42
38. CPS BX< + Provide box, packing paper & tape - small size
15 15.00EA 0.00+ 2.95 = 4.31 48.56
39. CPS BX + Provide box, packing paper & tape - medium size
8 8.00EA 0.00+ 3.91 = 3.05 34.33
40. CPS BXTV + Provide TV box, packing paper & tape
2 2.00EA 0.00+ 28.53 = 5.56 62.62
Totals: Living Room 55.05 619.64
CCooaatt CClloosseett ((22)) CCaabbiinneett88 ((BB22))
CCaaCCbbaaiibbnniieennttee11tt1111 33((BB ((44BB))66))
KKiittcchheeCCnnaabbiinneett55 ((BB11))
SSttoovvee iinnsseett ((22))
CCaabbiinneett99 ((BB33))
CCaaCCbbaaiibbnniieennttee11tt2211 44((BB ((55BB))77))
CCCCaaaabbbbiinniinneeeett66tt11 ((00BB ((11BB))33))
"6
'2
"8
'2"2
"3
'7
10" 5' 1" 3' 1"
"1
'01
"5
'01
Kitchen Height: Sloped
179.51 SF Walls 90.64 SF Ceiling
270.15 SF Walls & Ceiling 89.07 SF Floor
9.90 SY Flooring 17.17 LF Floor Perimeter
38.15 LF Ceil. Perimeter
6" 8' 4" 0"
8"
Missing Wall - Goes to Floor 5' 1" X 7' Opens into KITCHEN_HALL
CCCCaabbaaiibbnniieennttee11tt2211 44((BB ((BB55))77))
CCCCaaaabbbbiiiinnnneeeetttt6611 ((00BB ((11BB))33))
3' 6"
PP 3 aa ' nn 2 tt " rryy (( 2 33 ' 4")) KKiittcchheenn22 CC ((aa11bb))iinneett77 ((BB22)) 6" 8"
FFiirreeppllaaccee ((11 4' ))2" 4' 5"
6' 6"
7'
"6 '1
'8
"6 '1
"8 '8
2'
2'
"11
'1
2' 3"6" 8' 4" 0"
3' 8" "6
'3
Subroom: Kitchen2 (1) Height: Sloped
370.72 SF Walls 118.47 SF Ceiling
489.19 SF Walls & Ceiling 116.98 SF Floor 13.00 SY Flooring 40.78 LF Floor Perimeter
49.45 LF Ceil. Perimeter
Missing Wall - Goes to Floor 8' 4" X 6' 8" Opens into KITCHEN1
3' 6" Subroom: Pantry (3) Height: 8'
8 "
3' 2"" 103.72 SF Walls 9.93 SF Ceiling
3 2
3 ' 1 ' 7 "PPaannttrryy ((33)) ' 4 " 113.65 SF Walls & Ceiling 9.93 SF Floor
1 1.10 SY Flooring 12.97 LF Floor Perimeter
"
2' 10" 8 " 12.97 LF Ceil. Perimeter
3' 2"
CCaaCCbbaaiinnbbeeiinntt11ee11tt11 ((33BB ((44BB))66))
SSttoovvee iinnsseett ((22))
CCaaCCbbaaiinnbbeeiinntt11ee22tt11 ((44BB ((55BB))77))
"7
'7
2' 9"
2' 3"
"2
"3
'7
Subroom: Stove inset (2) Height: 7' 5"
86.59 SF Walls 16.04 SF Ceiling
102.64 SF Walls & Ceiling 16.04 SF Floor
1.78 SY Flooring 11.68 LF Floor Perimeter
18.93 LF Ceil. Perimeter
2' 11"
Missing Wall - Goes to Floor 7' 3" X 7' 5" Opens into KITCHEN1
CAT SEL ACT DESCRIPTION
CALC QTY REMOVE REPLACE TAX TOTAL
41. CPS PAD + Provide furniture lightweight blanket/pad
6 6.00EA 0.00+ 9.07 = 5.31 59.73
42. CPS BX< + Provide box, packing paper & tape - small size
25 25.00EA 0.00+ 2.95 = 7.19 80.94
43. CPS BX + Provide box, packing paper & tape - medium size
8 8.00EA 0.00+ 3.91 = 3.05 34.33
44. CPS BWRAP + Bubble wrap - 24" wide - Add-on cost for fragile items
350 350.00LF 0.00+ 0.22 = 7.51 84.51
45. CPS WRAP + Provide stretch film/wrap - 20" x 1000' roll
.5 0.50RL 0.00+ 29.83 = 1.45 16.37
46. CPS BXPF< + Provide picture-frame box, packing paper & tape - Small
5 5.00EA 0.00+ 3.79 = 1.85 20.80
Totals: Kitchen 26.36 296.68
7' 9" 2' 6" 2' 7"
7' 9" 4"
BBeedd11 CClloosseett ((11))
OOffffiiccee
HHVVAACC CClloosseett ((33))
OOffffiiccee CClloosseett ((11))
'6
"6
'3
"01
'9
8"2' 6"
10" 1'
"1
'1
4' 6" 4' 6"
4' 4' 2"
"11
'01
"3
'11
Office Height: Sloped
422.45 SF Walls 141.86 SF Ceiling
564.31 SF Walls & Ceiling 138.87 SF Floor
15.43 SY Flooring 48.17 LF Floor Perimeter
48.73 LF Ceil. Perimeter
OOffffiiccee CClloosseett ((11)) 8' 8"
8' 10"
"2
'2 '2
Subroom: Office Closet (1) Height: 7' 5"
4' 6" 4' 6" 158.31 SF Walls 17.34 SF Ceiling
2" 4' 4' 2"
175.65 SF Walls & Ceiling 17.34 SF Floor
1.93 SY Flooring 21.34 LF Floor Perimeter
21.34 LF Ceil. Perimeter
CAT SEL ACT DESCRIPTION
CALC QTY REMOVE REPLACE TAX TOTAL
47. CPS PAD + Provide furniture lightweight blanket/pad
19 19.00EA 0.00+ 9.07 = 16.80 189.13
48. CPS WRAP + Provide stretch film/wrap - 20" x 1000' roll
1.5 1.50RL 0.00+ 29.83 = 4.36 49.11
49. CPS BWRAP + Bubble wrap - 24" wide - Add-on cost for fragile items
350 350.00LF 0.00+ 0.22 = 7.51 84.51
50. CPS BXPF + Provide picture-frame box, packing paper & tape
3 3.00EA 0.00+ 6.76 = 1.98 22.26
51. CPS BXPF< + Provide picture-frame box, packing paper & tape - Small
3 3.00EA 0.00+ 3.79 = 1.11 12.48
52. CPS BXMIR + Provide mirror/picture box, packing paper & tape
1 1.00EA 0.00+ 10.29 = 1.00 11.29
53. CPS BX> + Provide box, packing paper & tape - large size
10 10.00EA 0.00+ 5.28 = 5.15 57.95
54. CPS BX< + Provide box, packing paper & tape - small size
6 6.00EA 0.00+ 2.95 = 1.73 19.43
55. CPS BX + Provide box, packing paper & tape - medium size
8 8.00EA 0.00+ 3.91 = 3.05 34.33
Totals: Office 42.69 480.49
8' 10"
8' 4"
LLaauunnddrryy RRoooomm
"1 '7 "9 '6
2" 2' 6" 2' 7"
4"
"2
'1
6" 2' 5" 2"
6"
"5 '5 "9 '5
Laundry Room Height: Sloped
239.13 SF Walls 52.75 SF Ceiling
291.88 SF Walls & Ceiling 52.08 SF Floor
5.79 SY Flooring 30.12 LF Floor Perimeter
30.34 LF Ceil. Perimeter
CAT SEL ACT DESCRIPTION
CALC QTY REMOVE REPLACE TAX TOTAL
56. CPS PAD + Provide furniture lightweight blanket/pad
7 7.00EA 0.00+ 9.07 = 6.19 69.68
57. CPS BX< + Provide box, packing paper & tape - small size
8 8.00EA 0.00+ 2.95 = 2.30 25.90
58. CPS WRAP + Provide stretch film/wrap - 20" x 1000' roll
1 1.00RL 0.00+ 29.83 = 2.91 32.74
59. CPS BWRAP + Bubble wrap - 24" wide - Add-on cost for fragile items
100 100.00LF 0.00+ 0.22 = 2.15 24.15
Totals: Laundry Room 13.55 152.47
10' 7"
10' 3"
BBeedd11 CClloosseett ((11))
BBaatthhrroooomm 11 CCaabbiinneett33 ((BB11)) BBeeddrroooomm 11
HHVVAACC CClloosseett ((33))
MMaaiinn HHaallllwwaayy
"7 '8
"3
'1
"01 '9
5' 9" 2' 6"
6' 1" 1' 1"
"01
'3
"6
'3
1' 1"
"4
"4
'5 "4
Bedroom 1 Height: Sloped
363.30 SF Walls 98.35 SF Ceiling
461.65 SF Walls & Ceiling 96.21 SF Floor
10.69 SY Flooring 40.09 LF Floor Perimeter
40.55 LF Ceil. Perimeter
CAT SEL ACT DESCRIPTION
CALC QTY REMOVE REPLACE TAX TOTAL
60. CPS PAD + Provide furniture lightweight blanket/pad
8 8.00EA 0.00+ 9.07 = 7.07 79.63
61. CPS WRAP + Provide stretch film/wrap - 20" x 1000' roll
1 1.00RL 0.00+ 29.83 = 2.91 32.74
62. CPS BWRAP + Bubble wrap - 24" wide - Add-on cost for fragile items
200 200.00LF 0.00+ 0.22 = 4.29 48.29
63. CPS BX< + Provide box, packing paper & tape - small size
8 8.00EA 0.00+ 2.95 = 2.30 25.90
Totals: Bedroom 1 16.57 186.56
CCaabbiinneett44 ((BB11))
CCaabbiinneett22 ((BBMM11aa))sstteerr bbaatthhrrooooCCmmaabbiinneett33 ((BB11))
MMaasstteerr eennttrryy ((11))
SShhoowweerr ((AA22))
"9 '9
'1
"7
'8
3' 9" 2'2"
4' 1"
"1 '01
6' 6" Master bathroom Height: 7' 5"
5' 11"
232.39 SF Walls 57.69 SF Ceiling
290.08 SF Walls & Ceiling 57.69 SF Floor
6.41 SY Flooring 31.33 LF Floor Perimeter
31.33 LF Ceil. Perimeter
CAT SEL ACT DESCRIPTION
CALC QTY REMOVE REPLACE TAX TOTAL
64. CPS PAD + Provide furniture lightweight blanket/pad
3 3.00EA 0.00+ 9.07 = 2.65 29.86
65. CPS BX< + Provide box, packing paper & tape - small size
6 6.00EA 0.00+ 2.95 = 1.73 19.43
66. CPS BWRAP + Bubble wrap - 24" wide - Add-on cost for fragile items
100 100.00LF 0.00+ 0.22 = 2.15 24.15
67. CPS WRAP + Provide stretch film/wrap - 20" x 1000' roll
.5 0.50RL 0.00+ 29.83 = 1.45 16.37
68. CPS BXMIR + Provide mirror/picture box, packing paper & tape
2 2.00EA 0.00+ 10.29 = 2.01 22.59
Totals: Master bathroom 9.99 112.40
CCaabbiinneett44 ((BB11))
CCaabbiinneett22MM ((BBaass11tt))eerr bbaatthhrroooomm
MMaasstteerr BBeeddrroooomm MMaasstteerr eennttrryy ((11))
SShhoowweerr ((AA22))
"11
'31
13' 1"
13' 5"
"3
'31
Master Bedroom Height: Peaked
336.31 SF Walls 173.08 SF Ceiling
509.40 SF Walls & Ceiling 173.35 SF Floor
19.26 SY Flooring 39.42 LF Floor Perimeter
52.97 LF Ceil. Perimeter
CCaabbiinneett44 ((BB11))
CCaabbiinneett22MM ((aaBBss11ttee))rr bbaatthhCCrrooaaoobbmmiinneett33 ((BB11))
MMaasstteerr BBeeddrroooommMMaasstteerr eennttrryy ((11))
SShhoowweerr ((AA22))
"9 '9
3' 9" 2'2"
4' 1" "2 "01
'2 8' 4"
8' 6"
"3
'31
2' 3" Subroom: Master entry (1) Height: 7' 5"
2' 1"
221.88 SF Walls 47.40 SF Ceiling
269.28 SF Walls & Ceiling 47.40 SF Floor
5.27 SY Flooring 29.92 LF Floor Perimeter
29.92 LF Ceil. Perimeter
Missing Wall 13' 3" X 7' 5" Opens into MASTER_BEDRO
CAT SEL ACT DESCRIPTION
CALC QTY REMOVE REPLACE TAX TOTAL
69. CPS PAD + Provide furniture lightweight blanket/pad
10 10.00EA 0.00+ 9.07 = 8.84 99.54
70. CPS WRAP + Provide stretch film/wrap - 20" x 1000' roll
1.5 1.50RL 0.00+ 29.83 = 4.36 49.11
71. CPS BWRAP + Bubble wrap - 24" wide - Add-on cost for fragile items
300 300.00LF 0.00+ 0.22 = 6.44 72.44
72. CPS BX> + Provide box, packing paper & tape - large size
5 5.00EA 0.00+ 5.28 = 2.57 28.97
73. CPS BX< + Provide box, packing paper & tape - small size
8 8.00EA 0.00+ 2.95 = 2.30 25.90
74. CPS BXMIR + Provide mirror/picture box, packing paper & tape
2 2.00EA 0.00+ 10.08 = 1.97 22.13
75. CPS BXPF + Provide picture-frame box, packing paper & tape
1 1.00EA 0.00+ 6.76 = 0.66 7.42
76. CPS BXTV + Provide TV box, packing paper & tape
1 1.00EA 0.00+ 28.53 = 2.78 31.31
Totals: Master Bedroom 29.92 336.82
LLaauunnddrryy RRoooomm
GGaarraaggee
OOffffiiccee
OOffffiiccee CClloosseett ((11)) 20' 5"
KKiittcchheenn HHaallllwwaayy ((11)) 20' 9"
"4
'02 '12
17' 10"
17' 4" "5
'5
"9
'5
2" 6"
"4
'1
"11
'01
'2
"7
'41
Garage Height: Sloped
747.93 SF Walls 401.36 SF Ceiling
1149.29 SF Walls & Ceiling 397.32 SF Floor
44.15 SY Flooring 81.50 LF Floor Perimeter
81.91 LF Ceil. Perimeter
CAT SEL ACT DESCRIPTION
CALC QTY REMOVE REPLACE TAX TOTAL
77. CPS PAD + Provide furniture lightweight blanket/pad
16 16.00EA 0.00+ 9.07 = 14.15 159.27
78. CPS BX< + Provide box, packing paper & tape - small size
25 25.00EA 0.00+ 2.95 = 7.19 80.94
79. CPS WRAP + Provide stretch film/wrap - 20" x 1000' roll
1.5 1.50RL 0.00+ 29.83 = 4.36 49.11
80. CPS BWRAP + Bubble wrap - 24" wide - Add-on cost for fragile items
200 200.00LF 0.00+ 0.22 = 4.29 48.29
81. CPS BX + Provide box, packing paper & tape - medium size
6 6.00EA 0.00+ 3.91 = 2.29 25.75
Totals: Garage 32.28 363.36
Total: Main Level 242.49 2,729.61
Total: Dwelling 242.49 2,729.61
Storage Area/Room
CAT SEL ACT DESCRIPTION
CALC QTY REMOVE REPLACE TAX TOTAL
82. CPS LAB + Inventory, Packing, Boxing, and Moving charge - per hour
6*2*3 36.00HR [*] 0.00+ 89.92 = 0.00 3,237.12
(6) Crew for 2 hrs for 3 days to unload contents from the truck and place into climate controlled vaults .
83. CPS STORV + Off-site storage vault (per month)
6*3 18.00MO[*] 0.00+ 295.00 = 0.00 5,310.00
(6) Vaults for 3 months
84. CPS LAB + Inventory, Packing, Boxing, and Moving charge - per hour
6*2*3 36.00HR [*] 0.00+ 89.92 = 0.00 3,237.12
(6) Crew for 2 hours for 3 days to unload contents from the vaults and place onto the truck for transport back to the customer's residence.
Totals: Storage Area/Room 0.00 11,784.24
Pack-back
CAT SEL ACT DESCRIPTION
CALC QTY REMOVE REPLACE TAX TOTAL
85. DMO MASKSFP - Floor protection - heavy paper and tape
1200 1200.00SF 0.45+ 0.00 = 8.19 548.19
86. CPS LAB + Inventory, Packing, Boxing, and Moving charge - per hour
6*8*3 144.00HR [*] 0.00+ 89.92 = 0.00 12,948.48
(6) Crew for 3 days to unload contents from the truck and place back into the customer's residence
87. WTR PPEG6 + Personal protective gloves - Disposable (per pair)
2*6*3 36.00EA 0.00+ 0.41 = 1.44 16.20
(2) Sets of gloves for (6) Crew for 3 days.
88. DMO PU - Haul debris - per pickup truck load - including dump fees
.25 0.25EA 211.75+ 0.00 = 0.00 52.94
For all debris generated during pack-back services.
Totals: Pack-back 9.63 13,565.81
Line Item Totals: SCHACTER_CONTENTS2 553.04 62,025.00
Grand Total Areas:
5,618.13 SF Walls 1,917.56 SF Ceiling 7,535.69 SF Walls and Ceiling
1,897.79 SF Floor 210.87 SY Flooring 678.84 LF Floor Perimeter
0.00 SF Long Wall 0.00 SF Short Wall 732.00 LF Ceil. Perimeter
1,897.79 Floor Area 2,070.08 Total Area 5,643.34 Interior Wall Area
2,325.54 Exterior Wall Area 253.50 Exterior Perimeter of
Walls
0.00 Surface Area 0.00 Number of Squares 0.00 Total Perimeter Length
0.00 Total Ridge Length 0.00 Total Hip Length
Summary for Contents
Line Item Total 61,471.96
Material Sales Tax 553.04
Replacement Cost Value $62,025.00
Net Claim $62,025.00
Jared Boergadine
Recap of Taxes
Material Sales Tax (9.75%) Storage Rental Tax (9.75%)
Line Items 553.04 0.00
Total 553.04 0.00
Recap by Room
Estimate: SCHACTER_CONTENTS2
Area: Pack-Out 17,417.12 28.33%
Cleaning 16,227.30 26.40%
Area Subtotal: Pack-Out 33,644.42 54.73%
Area: Dwelling
Area: Main Level
Main Hallway 130.53 0.21%
Bathroom 1 34.58 0.06%
Living Room 564.59 0.92%
Kitchen 270.32 0.44%
Office 437.80 0.71%
Laundry Room 138.92 0.23%
Bedroom 1 169.99 0.28%
Master bathroom 102.41 0.17%
Master Bedroom 306.90 0.50%
Garage 331.08 0.54%
Area Subtotal: Main Level 2,487.12 4.05%
Area Subtotal: Dwelling 2,487.12 4.05%
Storage Area/Room 11,784.24 19.17%
Pack-back 13,556.18 22.05%
Subtotal of Areas 61,471.96 100.00%
Total 61,471.96 100.00%
Recap by Category
Items Total %
CLEANING 1,322.10 2.13%
CONT: PACKING,HANDLNG,STORAGE 58,702.20 94.64%
GENERAL DEMOLITION 1,389.88 2.24%
WATER EXTRACTION & REMEDIATION 57.78 0.09%
Subtotal 61,471.96 99.11%
Material Sales Tax 553.04 0.89%
Total 62,025.00 100.00%
Main Level
LLaauunnddrryy RRoooomm
CCaabbiinneett44 ((BB11))
BBeedd11 CClloosseett ((11)) GGaarraaggee
CCaabbiinneettMM22 ((aaBBsstt11ee))rr bbaatthhCCrrooaabbooiimmnneett BB 33 aa (( tt BB hhrr 11 oo )) oomm 11 BBeeddrroooomm 11 OOffffiiccee MMaasstteerr BBeeddrroooommMMaasstteerr eennttrryy ((11)) SShhoowweerr ((AA22)) HHVVAACC CClloosseett ((33))
MMaaiinn HHaallllwwaayy OOffffiiccee CClloosseett ((11))
CCaabbiinneett11 ((BB11))
KKiittcchheenn HHaallllwwaayy ((11))
CCooaatt CClloosseett ((22)) CCaabbiinneett88 ((BB22))
CCCCaabbaaiibbnniieennttee11tt1111 33(( BB((BB44))66))
CCaabbiinneett55 ((BB11))
KKiittcchheenn
SSttoovvee iinnsseett ((22))
CCaabbiinneett99 ((BB33))
CCCCaabbaaiibbnniieennttee11tt2211 44(( BB((BB55))77))
LLiivviinngg RRoooomm
CCCCaaaabbbbiiiinnnneeeetttt6611 00((BB ((BB11))33))
PPaannttrryy ((33)) KKiittcchheennCC22 aa ((bb11iinn))eett77 ((BB22))
FFiirreeppllaaccee ((11))
Main Level
"5
'42
5' 11" 7' 6"
11'
11' 4"
13' 8"
14' 2"
"11 '31
"4 '4
21' 5"
"3 '31
10' 3"
9' 1"
"3
'1
"01
'3
1' 11"
1' 1" 3'
4' 6"
17' 4"
'6
"6
'3
"01 '9
"1
'1
"11 '01
8' 8" "1
'3 '2
8' 4"
"1 '7 "9 '6
5' 3"
13' 2"
"4
'1
"7 '41
26' 8"
17' 4"
20' 5"
20' 9"
"4
'02 '12
3' 1"
3' 1"
"9
'3
"5 '5 "9 '5
12' 4"
2' 10"
8' 10"
'3
26' 10"
1'
5"
3 '
1 1 "
"3
' 7 " 3 ' 5 "
' 1 1 "
8' 8' 3' 2"
4 ' 2 " 4 ' 5 "
8' 4" 6' 6"
8' 9" 7'
"1 '01
"3
'62
50' 10"
15' 2"
2' 3"
2'
2'
"7
'7
"6
'3
"4
'3
"3
'7
"1
'01
"1
'61
8'
12'
3' 6"
"1 '1
"7
'8
17' 11" "6 '1 "6 '1
"6
'1
'8 "8 '8
1' 8"
8' 4"
16' 1"
"9 '5
2' 8"
"6 '3
2' 2' 8"
2' 3"
2'
"4
'2
"9
'3
"11
'1
"11
'9
1'
"1
'5
"01
'1
2' 8"
5' 1" 9' 3"
"6
'1
2' 1"
