1
West Coast Contents
West Coast Contents
3299 NorthBlvd.
Burbank, CA. 91504
844-WCC-PACK
CAL-T0192673
Insured: Kenneth Chen
Property: 1618 Chastain Pkwy
Pacific Palisades, CA 90272
Estimator: David Tavitian Business: (818) 275-6236
Company: West Coast Contents E-mail: david@westcoastcontents.
com
Contractor: David Tavitian Business: (818) 277-6236
Company: West Coast Contents E-mail: david@westcoastcontents.
com
Business: 3299 North San Fernando Blvd.
Burbank, CA 91504
Claim Number: Policy Number: Type of Loss:
Coverage Deductible Policy Limit
Contents $0.00 $0.00
Date of Loss: 1/8/2025 12:00 AM Date Received:
Date Inspected: Date Entered: 4/12/2025 5:14 PM
Price List: CALA8X_APR25 Depreciate Material: Yes Depreciate O&P: No
Restoration/Service/Remodel Depreciate Non-material: Yes Depreciate Taxes: Yes
Estimate: CHEN_CHAST_CON Depreciate Removal: No
2
West Coast Contents
West Coast Contents
3299 NorthBlvd.
Burbank, CA. 91504
844-WCC-PACK
CAL-T0192673
CHEN_CHAST_CON
Contents
Pack-Out
CAT SEL ACT DESCRIPTION
CALC QTY REMOVE REPLACE TAX TOTAL
1. CPS LAB + Inventory, Packing, Boxing, and Moving charge - per hour
6*6*8 288.00HR 0.00+ 66.50 = 0.00 19,152.00
(6) Crew for 6 days, 8 hours per day.
2. CPS LABS + Contents Evaluation and/or Supervisor/Admin - per hour
8*8+5*8 104.00HR 0.00+ 85.00 = 0.00 8,840.00
(1) Working Supervisor to coordinate all phases of the pack-out, storage (include) and pack back.
Pack-out: (1) Supervisor for 6 days
Pack-back: (1) Supervisor for 4 days
3. WTR PPEM + Personal protective mask (N-95)
9*8 72.00EA 0.00+ 1.57 = 8.20 121.24
(1) Set of mask for (8) crew & (1) Working Supervisor for 8 days.
4. WTR PPEG6 + Personal protective gloves - Disposable (per pair)
2*8*9 144.00EA 0.00+ 0.41 = 4.28 63.32
(2) Sets of gloves for (8) crew & (1) Supervisor for 8 days.
5. DMO PU - Haul debris - per pickup truck load - including dump fees
.25 0.25EA 211.75+ 0.00 = 0.00 52.94
For all debris generated during pack-out services.
6. CPS TR> + Moving van (21'-27') and equipment (per day)
6*2+4*2 20.00EA 0.00+ 210.45 = 0.00 4,209.00
(2) Trucks per day for 6 days from the job site to the off-site storage site. (2) Trucks for 4 days from the storage vaults to the job site.
Totals: Pack-Out 12.48 32,438.50
Cleaning
CAT SEL ACT DESCRIPTION
CALC QTY REMOVE REPLACE TAX TOTAL
7. CLN DODROZ + Deodorize building - Ozone treatment
19*1695 32205.00CF [*] 0.00+ 0.13 = 0.00 4,186.65
8. CPS LAB + Inventory, Packing, Boxing, and Moving charge - per hour
6*6*8 288.00HR 0.00+ 66.50 = 0.00 19,152.00
(6) Crew for 8 hours for 6 days. To clean all items from the customer's residence prior to re-packing.
CHEN_CHAST_CON 8/25/2025 Page: 2
3
West Coast Contents
West Coast Contents
3299 NorthBlvd.
Burbank, CA. 91504
844-WCC-PACK
CAL-T0192673
CONTINUED - Cleaning
CAT SEL ACT DESCRIPTION
CALC QTY REMOVE REPLACE TAX TOTAL
9. CPS LAB + Inventory, Packing, Boxing, and Moving charge - per hour
4*2*5 40.00HR 0.00+ 66.50 = 0.00 2,660.00
(6) Crew for 2 hours for 6 days to repack contents in new storage materials for storage in vaults.
-----New Materials used to prevent Cross-Contamination after the cleaning process-----
10. CPS WRAP + Provide stretch film/wrap - 20" x 1000' roll
14.5 14.50RL 0.00+ 29.83 = 31.36 463.90
11. CPS BWRAP + Bubble wrap - 24" wide - Add-on cost for fragile items
2846 2846.00LF 0.00+ 0.22 = 45.39 671.51
12. CPS BX + Provide box, packing paper & tape - medium size
166 166.00EA 0.00+ 3.87 = 46.58 689.00
13. CPS BX< + Provide box, packing paper & tape - small size
12 12.00EA 0.00+ 2.93 = 2.55 37.71
14. CPS BX> + Provide box, packing paper & tape - large size
21 21.00EA 0.00+ 5.23 = 7.96 117.79
15. CPS BXLMP + Provide lamp box set, packing paper & tape
8 8.00EA 0.00+ 8.81 = 5.11 75.59
16. CPS BXTV + Provide TV box, packing paper & tape
6 6.00EA 0.00+ 28.21 = 12.27 181.53
17. CPS PAD + Provide furniture lightweight blanket/pad
93 93.00EA 0.00+ 9.07 = 61.15 904.66
18. CPS BXWDR + Provide wardrobe box & tape - medium size
48 48.00EA 0.00+ 18.26 = 63.54 940.02
19. CPS BXWDR> + Provide wardrobe box & tape - large size
15 15.00EA 0.00+ 27.57 = 29.98 443.53
------Dry Cleaning------
20. CDC MISC + Dry cleaning of clothes
1 1.00EA [E] OPEN ITEM
Totals: Cleaning 305.89 30,523.89
Storage Area/Room
CAT SEL ACT DESCRIPTION
CALC QTY REMOVE REPLACE TAX TOTAL
21. CPS LAB + Inventory, Packing, Boxing, and Moving charge - per hour
6*2*6*2 144.00HR 0.00+ 66.50 = 0.00 9,576.00
CHEN_CHAST_CON 8/25/2025 Page: 3
4
West Coast Contents
West Coast Contents
3299 NorthBlvd.
Burbank, CA. 91504
844-WCC-PACK
CAL-T0192673
CONTINUED - Storage Area/Room
CAT SEL ACT DESCRIPTION
CALC QTY REMOVE REPLACE TAX TOTAL
(6) Crew for 2 hours for each trip for (6) days to unload contents from the trucks for cleaning & re-packaging prior to storage in the
vaults. (2) Trucks used.
22. DMO PU - Haul debris - per pickup truck load - including dump fees
.25 0.25EA 211.75+ 0.00 = 0.00 52.94
Disposal of old materials prior to repacking them after cleaning for storage
23. CPS STORV + Off-site storage vault (per month)
16*4 64.00MO[*] 0.00+ 250.00 = 0.00 16,000.00
(16) Vaults for 4 months
24. CPS LAB + Inventory, Packing, Boxing, and Moving charge - per hour
6*4*2*2 96.00HR 0.00+ 66.50 = 0.00 6,384.00
(6) Crew for 2 hours for each trip for (4) days to load contents from the vaults and place onto the truck for transport back to the residence.
(2) Trucks used.
Totals: Storage Area/Room 0.00 32,012.94
Pack-Back
CAT SEL ACT DESCRIPTION
CALC QTY REMOVE REPLACE TAX TOTAL
25. DMO MASKSFP - Floor protection - heavy paper and tape
2000 2000.00SF 0.45+ 0.00 = 10.15 910.15
26. CPS LAB + Inventory, Packing, Boxing, and Moving charge - per hour
6*8*4 192.00HR 0.00+ 66.50 = 0.00 12,768.00
(6) Crew for 4 days for pack- back services & (1) Supervisor
27. CPS LABS + Contents Evaluation and/or Supervisor/Admin - per hour
4*8 32.00HR 0.00+ 85.00 = 0.00 2,720.00
28. WTR PPEG6 + Personal protective gloves - Disposable (per pair)
7*2*5 70.00EA 0.00+ 0.41 = 2.08 30.78
(2) Sets of gloves for (6) Crew and (1) Supervisor for 4 days.
29. DMO PU - Haul debris - per pickup truck load - including dump fees
.25 0.25EA 211.75+ 0.00 = 0.00 52.94
For all debris generated during pack-back services.
Totals: Pack-Back 12.23 16,481.87
Main Level
CHEN_CHAST_CON 8/25/2025 Page: 4
5
West Coast Contents
West Coast Contents
3299 NorthBlvd.
Burbank, CA. 91504
844-WCC-PACK
CAL-T0192673
Family Room Height: 9' 5"
5' 1" 5' 2" 7' 5" 1' 9"
1 6" ' 756.72 SF Walls 448.89 SF Ceiling
'
1' 7"" 1205.61 SF Walls & Ceiling 437.22 SF Floor "1 "7
48.58 SY Flooring 72.24 LF Floor Perimeter 301 "119
85.99 LF Ceil. Perimeter
Missing Wall - Goes to Floor 5' X 6' 8" Opens into FRONT_ROOM_H
CAT SEL ACT DESCRIPTION
CALC QTY REMOVE REPLACE TAX TOTAL
30. CPS BXTV + Provide TV box, packing paper & tape
1 1.00EA 0.00+ 28.21 = 2.05 30.26
31. CPS BX + Provide box, packing paper & tape - medium size
10 10.00EA 0.00+ 3.87 = 2.81 41.51
32. CPS BWRAP + Bubble wrap - 24" wide - Add-on cost for fragile items
100 100.00LF 0.00+ 0.22 = 1.60 23.60
33. CPS WRAP + Provide stretch film/wrap - 20" x 1000' roll
.5 0.50RL 0.00+ 29.83 = 1.08 16.00
34. CPS PAD + Provide furniture lightweight blanket/pad
2 2.00EA 0.00+ 9.07 = 1.32 19.46
Totals: Family Room 8.86 130.83
Kitchen Height: 8' 5"
"3
9
' 7"2 11" 671.04 SF Walls 357.64 SF Ceiling
2' 7"3' 7" 1028.68 SF Walls & Ceiling 357.64 SF Floor "422 "0112
3" 39.74 SY Flooring 79.12 LF Floor Perimeter
9
9
82.04 LF Ceil. Perimeter
"53 "13
5' 1" 5' 2"
Missing Wall - Goes to Floor 2' 11" X 6' 8" Opens into SCULLERY2
Subroom: Pantry (1) Height: 8'
2' 1" 2' 7" 3' 1" 168.15 SF Walls 22.90 SF Ceiling
191.05 SF Walls & Ceiling 22.90 SF Floor
"53 "13 "92
2.54 SY Flooring 21.02 LF Floor Perimeter
21.02 LF Ceil. Perimeter
CHEN_CHAST_CON 8/25/2025 Page: 5
6
West Coast Contents
West Coast Contents
3299 NorthBlvd.
Burbank, CA. 91504
844-WCC-PACK
CAL-T0192673
CAT SEL ACT DESCRIPTION
CALC QTY REMOVE REPLACE TAX TOTAL
35. CPS BX + Provide box, packing paper & tape - medium size
25 25.00EA 0.00+ 3.87 = 7.01 103.76
36. CPS BWRAP + Bubble wrap - 24" wide - Add-on cost for fragile items
350 350.00LF 0.00+ 0.22 = 5.58 82.58
Totals: Kitchen 12.59 186.34
Scullery Height: 8' 5"
62'
9"
8 2'
4'
1 2' 193.24 SF Walls 38.35 SF Ceiling
5' 7"
7"2' 2 1' 23 21 5. .5 29 S LF W ela il lol .s i& iC me eil ti en rg 3 28 2. .3 35 S LF F Fl lo oo or
2' 4" 2 5'' 8 ""
2' 6 4" 4 . 2 6 S Y CF o r n eg 5 F r Perimeter
11"
7"2' 0 7 F P r
2' "
Missing Wall - Goes to Floor 2' 11" X 6' 8" Opens into KITCHEN
CAT SEL ACT DESCRIPTION
CALC QTY REMOVE REPLACE TAX TOTAL
37. CPS BX + Provide box, packing paper & tape - medium size
15 15.00EA 0.00+ 3.87 = 4.21 62.26
38. CPS BWRAP + Bubble wrap - 24" wide - Add-on cost for fragile items
200 200.00LF 0.00+ 0.22 = 3.19 47.19
Totals: Scullery 7.40 109.45
2' 2" 6' 7' Entry/Foyer Height: 23' 8"
"8 "01
6"1'
1' 6" 1064.37 SF Walls 185.89 SF Ceiling
1250.26 SF Walls & Ceiling 185.89 SF Floor "1101 "017
77
20.65 SY Flooring 33.18 LF Floor Perimeter
2"
1' 2" 54.54 LF Ceil. Perimeter
1'
3' 8" 5' 6" 4"
Missing Wall - Goes to Floor 6' X 8' 2" Opens into LIVING_ROOM
Missing Wall 4' 5 3/8" X 23' 8" Opens into STAIRS_AREA
CHEN_CHAST_CON 8/25/2025 Page: 6
7
West Coast Contents
West Coast Contents
3299 NorthBlvd.
Burbank, CA. 91504
844-WCC-PACK
CAL-T0192673
Subroom: Front Room Hall (2) Height: 8' 5"
3" 7' 7" 4' 2' 2" 124.27 SF Walls 50.63 SF Ceiling
1' " ' 4' 7" 174.90 SF Walls & Ceiling 50.63 SF Floor "0
0" 1'2' 6" 5' 5" 3
5.63 SY Flooring 13.73 LF Floor Perimeter
1' 75 ""10" 1' 5' 3"
18.73 LF Ceil. Perimeter
Missing Wall 7' 7 5/16" X 8' 5" Opens into FRONT_ROOM
Missing Wall 4' 7 3/8" X 8' 5" Opens into STAIRS_AREA
Missing Wall 3' 10" X 8' 5" Opens into HALL_1
Missing Wall - Goes to Floor 5' X 6' 8" Opens into FAMILY_ROOM2
Subroom: Coat Closet (3) Height: 9'
1' 2' 6" 1' 2" 113.69 SF Walls 8.59 SF Ceiling
122.28 SF Walls & Ceiling 8.59 SF Floor
10" 1' 0.95 SY Flooring 12.63 LF Floor Perimeter "6 "2
CCooaatt CClloosseett ((33)) 1 2
4' 4" 12.63 LF Ceil. Perimeter 2
"2
Subroom: Front room (1) Height: 8' 5"
2' 6' 9 2" 61 '5 "1'' 69"
317.25 SF Walls 224.52 SF Ceiling
' 5' 1"
" " 5" 541.77 SF Walls & Ceiling 224.52 SF Floor "1101
2
3" 24.95 SY Flooring 40.07 LF Floor Perimeter
9
9 40.07 LF Ceil. Perimeter
"77
'
Missing Wall - Goes to neither Floor/Ceiling 3' 9" X 5' 4" Opens into WET_BAR__LIV
Missing Wall 5' 5 3/8" X 8' 5" Opens into DINING_ROOM2
Missing Wall 1' 8 9/16" X 8' 5" Opens into DINING_ROOM2
Missing Wall 7' 7 1/16" X 8' 5" Opens into FRONT_ROOM_H
Missing Wall 7' 7 3/16" X 8' 5" Opens into STAIRS_AREA
Missing Wall 10' 11" X 8' 5" Opens into ENTRY_FOYER
CAT SEL ACT DESCRIPTION
CALC QTY REMOVE REPLACE TAX TOTAL
39. CPS PAD + Provide furniture lightweight blanket/pad
7 7.00EA 0.00+ 9.07 = 4.60 68.09
40. CPS WRAP + Provide stretch film/wrap - 20" x 1000' roll
2 2.00RL 0.00+ 29.83 = 4.33 63.99
CHEN_CHAST_CON 8/25/2025 Page: 7
8
West Coast Contents
West Coast Contents
3299 NorthBlvd.
Burbank, CA. 91504
844-WCC-PACK
CAL-T0192673
CONTINUED - Entry/Foyer
CAT SEL ACT DESCRIPTION
CALC QTY REMOVE REPLACE TAX TOTAL
41. CPS BWRAP + Bubble wrap - 24" wide - Add-on cost for fragile items
150 150.00LF 0.00+ 0.22 = 2.39 35.39
42. CPS BX + Provide box, packing paper & tape - medium size
2 2.00EA 0.00+ 3.87 = 0.56 8.30
Totals: Entry/Foyer 11.88 175.77
Dining Room Height: 9' 5"
"2
449.09 SF Walls 199.32 SF Ceiling "16
648.41 SF Walls & Ceiling 199.32 SF Floor " "1
"2 "0
22.15 SY Flooring 45.15 LF Floor Perimeter 31 21 "5 "113
58.40 LF Ceil. Perimeter
6' 9" 3' 11"
6' 9" 3' 3"
Missing Wall 1' 8 9/16" X 9' 5" Opens into FRONT_ROOM
Missing Wall 5' 5 3/8" X 9' 5" Opens into FRONT_ROOM
Missing Wall - Goes to Floor 6' 1" X 6' 8" Opens into WET_BAR__LIV
CAT SEL ACT DESCRIPTION
CALC QTY REMOVE REPLACE TAX TOTAL
43. CPS PAD + Provide furniture lightweight blanket/pad
15 15.00EA 0.00+ 9.07 = 9.86 145.91
44. CPS WRAP + Provide stretch film/wrap - 20" x 1000' roll
2 2.00RL 0.00+ 29.83 = 4.33 63.99
45. CPS BWRAP + Bubble wrap - 24" wide - Add-on cost for fragile items
200 200.00LF 0.00+ 0.22 = 3.19 47.19
Totals: Dining Room 17.38 257.09
CHEN_CHAST_CON 8/25/2025 Page: 8
9
West Coast Contents
West Coast Contents
3299 NorthBlvd.
Burbank, CA. 91504
844-WCC-PACK
CAL-T0192673
Living Room Height: 15' 4"
905.95 SF Walls 309.07 SF Ceiling
1215.02 SF Walls & Ceiling 309.07 SF Floor
34.34 SY Flooring 49.25 LF Floor Perimeter
70.83 LF Ceil. Perimeter
6' 7' 6' 10"
6' 10" 7'
Missing Wall - Goes to Floor 6' X 8' 2" Opens into ENTRY_FOYER
Subroom: Wet bar/ Living room (1) Height: 8' 5" "2
"16
290.79 SF Walls 174.30 SF Ceiling
465.09 SF Walls & Ceiling 174.30 SF Floor "63 "751
3
19.37 SY Flooring 35.66 LF Floor Perimeter
1 30 "
1 ' 41.74 LF Ceil. Perimeter
9" 3"
2'
1' 6" 3' 1"
Missing Wall 15' 7" X 8' 5" Opens into LIVING_ROOM
Missing Wall - Goes to Floor 6' 1" X 6' 8" Opens into DINING_ROOM2
Missing Wall - Goes to neither Floor/Ceiling 3' 9" X 5' 4" Opens into FRONT_ROOM
CAT SEL ACT DESCRIPTION
CALC QTY REMOVE REPLACE TAX TOTAL
46. CPS PAD + Provide furniture lightweight blanket/pad
7 7.00EA 0.00+ 9.07 = 4.60 68.09
47. CPS BWRAP + Bubble wrap - 24" wide - Add-on cost for fragile items
800 800.00LF 0.00+ 0.22 = 12.76 188.76
48. CPS WRAP + Provide stretch film/wrap - 20" x 1000' roll
3 3.00RL 0.00+ 29.83 = 6.49 95.98
49. CPS BX + Provide box, packing paper & tape - medium size
40 40.00EA 0.00+ 3.87 = 11.22 166.02
50. CPS BX> + Provide box, packing paper & tape - large size
20 20.00EA 0.00+ 5.23 = 7.58 112.18
51. CPS BXTV + Provide TV box, packing paper & tape
1 1.00EA 0.00+ 28.21 = 2.05 30.26
52. CPS BX< + Provide box, packing paper & tape - small size
10 10.00EA 0.00+ 2.93 = 2.12 31.42
Totals: Living Room 46.82 692.71
CHEN_CHAST_CON 8/25/2025 Page: 9
10
West Coast Contents
West Coast Contents
3299 NorthBlvd.
Burbank, CA. 91504
844-WCC-PACK
CAL-T0192673
Stairs Area Height: 19' 3"
286.15 SF Walls 34.12 SF Ceiling
320.27 SF Walls & Ceiling 34.12 SF Floor "77
3.79 SY Flooring 8.08 LF Floor Perimeter
20.13 LF Ceil. Perimeter
Missing Wall 4' 5 3/8" X 19' 3" Opens into FRONT_ROOM_H
Missing Wall 4' 5 3/8" X 19' 3" Opens into ENTRY_FOYER
Missing Wall 7' 7 3/16" X 19' 3" Opens into FRONT_ROOM
CAT SEL ACT DESCRIPTION
CALC QTY REMOVE REPLACE TAX TOTAL
53. CPS PAD + Provide furniture lightweight blanket/pad
6 6.00EA 0.00+ 9.07 = 3.95 58.37
54. CPS WRAP + Provide stretch film/wrap - 20" x 1000' roll
.5 0.50RL 0.00+ 29.83 = 1.08 16.00
55. CPS BX + Provide box, packing paper & tape - medium size
5 5.00EA 0.00+ 3.87 = 1.40 20.75
Totals: Stairs Area 6.43 95.12
Guest Bath Height: 9'
231.97 SF Walls 40.57 SF Ceiling
"5 272.55 SF Walls & Ceiling 40.57 SF Floor "57
7
4.51 SY Flooring 25.77 LF Floor Perimeter
8" 2' 6" 1' 3" 25.77 LF Ceil. Perimeter
10" 11"1' 7"
CAT SEL ACT DESCRIPTION
CALC QTY REMOVE REPLACE TAX TOTAL
56. CPS BX + Provide box, packing paper & tape - medium size
4 4.00EA 0.00+ 3.87 = 1.12 16.60
57. CPS BWRAP + Bubble wrap - 24" wide - Add-on cost for fragile items
50 50.00LF 0.00+ 0.22 = 0.80 11.80
Totals: Guest Bath 1.92 28.40
CHEN_CHAST_CON 8/25/2025 Page: 10
11
West Coast Contents
West Coast Contents
3299 NorthBlvd.
Burbank, CA. 91504
844-WCC-PACK
CAL-T0192673
Bedroom 1 Height: 9'
11' 4" 2' 6"
11' 4" 7" 490.50 SF Walls 183.75 SF Ceiling 2 "22 "
"52 3 3
674.25 SF Walls & Ceiling 183.75 SF Floor "34 "
20.42 SY Flooring 54.50 LF Floor Perimeter "35 4
"62
54.50 LF Ceil. Perimeter "32
Subroom: Bed 1 Closet (1) Height: 9'
"52 "72
256.81 SF Walls 43.05 SF Ceiling
299.86 SF Walls & Ceiling 43.05 SF Floor "101 "119 "35
4.78 SY Flooring 28.53 LF Floor Perimeter
28.53 LF Ceil. Perimeter "32
CAT SEL ACT DESCRIPTION
CALC QTY REMOVE REPLACE TAX TOTAL
58. CPS BX + Provide box, packing paper & tape - medium size
6 6.00EA 0.00+ 3.87 = 1.68 24.90
59. CPS PAD + Provide furniture lightweight blanket/pad
9 9.00EA 0.00+ 9.07 = 5.92 87.55
60. CPS WRAP + Provide stretch film/wrap - 20" x 1000' roll
1 1.00RL 0.00+ 29.83 = 2.16 31.99
61. CPS BWRAP + Bubble wrap - 24" wide - Add-on cost for fragile items
100 100.00LF 0.00+ 0.22 = 1.60 23.60
Totals: Bedroom 1 11.36 168.04
Bed1 Bathroom Height: 9'
265.53 SF Walls 52.73 SF Ceiling "3 "14
318.27 SF Walls & Ceiling 52.73 SF Floor "
88
5.86 SY Flooring 29.50 LF Floor Perimeter "62 8
29.50 LF Ceil. Perimeter "12
CAT SEL ACT DESCRIPTION
CALC QTY REMOVE REPLACE TAX TOTAL
CHEN_CHAST_CON 8/25/2025 Page: 11
12
West Coast Contents
West Coast Contents
3299 NorthBlvd.
Burbank, CA. 91504
844-WCC-PACK
CAL-T0192673
CONTINUED - Bed1 Bathroom
CAT SEL ACT DESCRIPTION
CALC QTY REMOVE REPLACE TAX TOTAL
62. CPS BX + Provide box, packing paper & tape - medium size
2 2.00EA 0.00+ 3.87 = 0.56 8.30
63. CPS BWRAP + Bubble wrap - 24" wide - Add-on cost for fragile items
20 20.00LF 0.00+ 0.22 = 0.32 4.72
Totals: Bed1 Bathroom 0.88 13.02
Garage Hall Height: 9'
1' 3" 2' 7" 2' 6" 2' 9"
247.50 SF Walls 38.01 SF Ceiling "8 "01"62"01
285.51 SF Walls & Ceiling 38.01 SF Floor
5"2' 6" 9" 5' 6" "8
4.22 SY Flooring 27.50 LF Floor Perimeter
27.50 LF Ceil. Perimeter
Subroom: Hall 1 (1) Height: 9' 6"
1' 6" 8" 2' 6" 1' 1"
152.99 SF Walls 22.68 SF Ceiling
"8
1' 8" 10" 11"
175.67 SF Walls & Ceiling 22.68 SF Floor
"0 "6
2.52 SY Flooring 15.67 LF Floor Perimeter
3 2
5' 11" 19.50 LF Ceil. Perimeter "8
Missing Wall 3' 10" X 9' 6" Opens into FRONT_ROOM_H
Subroom: HVAC room (2) Height: 9'
167.97 SF Walls 19.76 SF Ceiling
4" 5' 6" 5" 187.73 SF Walls & Ceiling 19.76 SF Floor
2.20 SY Flooring 18.66 LF Floor Perimeter
"5 "3 "7
18.66 LF Ceil. Perimeter 3 3 3
CAT SEL ACT DESCRIPTION
CALC QTY REMOVE REPLACE TAX TOTAL
CHEN_CHAST_CON 8/25/2025 Page: 12
13
West Coast Contents
West Coast Contents
3299 NorthBlvd.
Burbank, CA. 91504
844-WCC-PACK
CAL-T0192673
CONTINUED - Garage Hall
CAT SEL ACT DESCRIPTION
CALC QTY REMOVE REPLACE TAX TOTAL
No contents in this area
Totals: Garage Hall 0.00 0.00
8" 7' 4" Laundry Room Height: 9'
274.50 SF Walls 58.10 SF Ceiling
332.60 SF Walls & Ceiling 58.10 SF Floor "57
6.46 SY Flooring 30.50 LF Floor Perimeter
"51
2' 7" 2' 6" 2' 9" 30.50 LF Ceil. Perimeter
CAT SEL ACT DESCRIPTION
CALC QTY REMOVE REPLACE TAX TOTAL
64. CPS BX + Provide box, packing paper & tape - medium size
7 7.00EA 0.00+ 3.87 = 1.96 29.05
65. CPS WRAP + Provide stretch film/wrap - 20" x 1000' roll
.25 0.25RL 0.00+ 29.83 = 0.54 8.00
Totals: Laundry Room 2.50 37.05
Garage Room Height: 9' 10"
11"
4 7 584.96 SF Walls 209.35 SF Ceiling
4' "31
794.31 SF Walls & Ceiling 209.35 SF Floor "901 "311
"
23.26 SY Flooring 59.49 LF Floor Perimeter 6 7
2' 6" 15' 7"
59.49 LF Ceil. Perimeter
CAT SEL ACT DESCRIPTION
CALC QTY REMOVE REPLACE TAX TOTAL
CHEN_CHAST_CON 8/25/2025 Page: 13
14
West Coast Contents
West Coast Contents
3299 NorthBlvd.
Burbank, CA. 91504
844-WCC-PACK
CAL-T0192673
CONTINUED - Garage Room
CAT SEL ACT DESCRIPTION
CALC QTY REMOVE REPLACE TAX TOTAL
66. CPS BXLMP + Provide lamp box set, packing paper & tape
2 2.00EA 0.00+ 8.81 = 1.28 18.90
Used for vacuuming units
67. CPS BWRAP + Bubble wrap - 24" wide - Add-on cost for fragile items
50 50.00LF 0.00+ 0.22 = 0.80 11.80
68. CPS BX + Provide box, packing paper & tape - medium size
2 2.00EA 0.00+ 3.87 = 0.56 8.30
Totals: Garage Room 2.64 39.00
2' 6" 15' 7" Garage Height: 9' 10"
"51
"62
764.84 SF Walls 350.35 SF Ceiling
"8
1115.20 SF Walls & Ceiling 350.35 SF Floor
"181 "7
38.93 SY Flooring 77.78 LF Floor Perimeter "521 1
"88
77.78 LF Ceil. Perimeter
1
CAT SEL ACT DESCRIPTION
CALC QTY REMOVE REPLACE TAX TOTAL
69. CPS BX + Provide box, packing paper & tape - medium size
2 2.00EA 0.00+ 3.87 = 0.56 8.30
70. CPS BXLMP + Provide lamp box set, packing paper & tape
2 2.00EA 0.00+ 8.81 = 1.28 18.90
71. CPS BWRAP + Bubble wrap - 24" wide - Add-on cost for fragile items
1 1.00LF 0.00+ 0.22 = 0.02 0.24
Totals: Garage 1.86 27.44
CHEN_CHAST_CON 8/25/2025 Page: 14
15
West Coast Contents
West Coast Contents
3299 NorthBlvd.
Burbank, CA. 91504
844-WCC-PACK
CAL-T0192673
Main Stairs Height: 17'
ppUU
5' 6" 45.82 SF Walls 32.69 SF Ceiling
78.51 SF Walls & Ceiling 32.69 SF Floor
11' 6 3.63 SY Flooring 14.27 LF Floor Perimeter ppUU "013
12'
11.51 LF Ceil. Perimeter
Missing Wall 3' 10 3/8" X 17' Opens into Exterior
Missing Wall 4' 11 3/8" X 17' Opens into Exterior
Subroom: Stairs (1) Height: 17'
93.03 SF Walls 32.69 SF Ceiling
5'
6"
125.71 SF Walls & Ceiling 32.69 SF Floor
11' 6" 3.63 SY Flooring ppUU "013
12'
Missing Wall 3' 10 3/8" X 17' Opens into MAIN_STAIRS2
Missing Wall 4' 11 3/8" X 17' Opens into Exterior
Missing Wall 3' 10 3/8" X 17' Opens into Exterior
CAT SEL ACT DESCRIPTION
CALC QTY REMOVE REPLACE TAX TOTAL
No content in this area
Totals: Main Stairs 0.00 0.00
Total: Main Level 132.52 1,960.26
Level 2
CHEN_CHAST_CON 8/25/2025 Page: 15
16
West Coast Contents
West Coast Contents
3299 NorthBlvd.
Burbank, CA. 91504
844-WCC-PACK
CAL-T0192673
Master bedroom Height: 8' 9"
4 7 509.04 SF Walls 173.14 SF Ceiling 5 "87
9' 9" 7 11" 682.18 SF Walls & Ceiling 173.14 SF Floor "7 "82
19.24 SY Flooring 58.19 LF Floor Perimeter "
58.19 LF Ceil. Perimeter 1 "79
Missing Wall 9' 9" X 8' 9" Opens into MASTER_LIVIN
Subroom: Master BedroomA (1) Height: Peaked
457.02 SF Walls 358.66 SF Ceiling
815.69 SF Walls & Ceiling 356.00 SF Floor
61
39.56 SY Flooring 38.25 LF Floor Perimeter
77.47 LF Ceil. Perimeter
Missing Wall 16' X 9' 10" Opens into MASTER_BEDRO
Missing Wall 22' 3" X 9' 10" Opens into MASTER_BEDRO
CAT SEL ACT DESCRIPTION
CALC QTY REMOVE REPLACE TAX TOTAL
72. CPS BX + Provide box, packing paper & tape - medium size
2 2.00EA 0.00+ 3.87 = 0.56 8.30
73. CPS BWRAP + Bubble wrap - 24" wide - Add-on cost for fragile items
50 50.00LF 0.00+ 0.22 = 0.80 11.80
74. CPS PAD + Provide furniture lightweight blanket/pad
8 8.00EA 0.00+ 9.07 = 5.26 77.82
75. CPS WRAP + Provide stretch film/wrap - 20" x 1000' roll
1 1.00RL 0.00+ 29.83 = 2.16 31.99
Totals: Master bedroom 8.78 129.91
Master Closet 1 Height: 9' 10"
329.57 SF Walls 60.57 SF Ceiling "76 "95
"5
390.13 SF Walls & Ceiling 60.57 SF Floor "
9
6.73 SY Flooring 33.52 LF Floor Perimeter "9
"012
33.52 LF Ceil. Perimeter "41
CHEN_CHAST_CON 8/25/2025 Page: 16
17
West Coast Contents
West Coast Contents
3299 NorthBlvd.
Burbank, CA. 91504
844-WCC-PACK
CAL-T0192673
CAT SEL ACT DESCRIPTION
CALC QTY REMOVE REPLACE TAX TOTAL
76. CPS BXWDR> + Provide wardrobe box & tape - large size
5 5.00EA 0.00+ 27.57 = 9.99 147.84
77. CPS BXWDR + Provide wardrobe box & tape - medium size
2 2.00EA 0.00+ 18.26 = 2.65 39.17
78. CPS BX + Provide box, packing paper & tape - medium size
10 10.00EA 0.00+ 3.87 = 2.81 41.51
79. CPS WRAP + Provide stretch film/wrap - 20" x 1000' roll
.5 0.50RL 0.00+ 29.83 = 1.08 16.00
80. CPS BWRAP + Bubble wrap - 24" wide - Add-on cost for fragile items
100 100.00LF 0.00+ 0.22 = 1.60 23.60
Totals: Master Closet 1 18.13 268.12
Master Closet 2 Height: 9' 10"
3' 2' 6" 3' 8"
2' 10" 3' 6" "81
361.52 SF Walls 84.35 SF Ceiling
445.86 SF Walls & Ceiling 84.35 SF Floor
"79
9.37 SY Flooring 36.76 LF Floor Perimeter "77
36.76 LF Ceil. Perimeter
CAT SEL ACT DESCRIPTION
CALC QTY REMOVE REPLACE TAX TOTAL
81. CPS BXWDR> + Provide wardrobe box & tape - large size
10 10.00EA 0.00+ 27.57 = 19.99 295.69
82. CPS BXWDR + Provide wardrobe box & tape - medium size
43 43.00EA 0.00+ 18.26 = 56.93 842.11
83. CPS BX + Provide box, packing paper & tape - medium size
2 2.00EA 0.00+ 3.87 = 0.56 8.30
Totals: Master Closet 2 77.48 1,146.10
CHEN_CHAST_CON 8/25/2025 Page: 17
18
West Coast Contents
West Coast Contents
3299 NorthBlvd.
Burbank, CA. 91504
844-WCC-PACK
CAL-T0192673
Loft Height: 13'
344.78 SF Walls 127.55 SF Ceiling
"801
472.33 SF Walls & Ceiling 127.55 SF Floor
"8
"621
14.17 SY Flooring 24.80 LF Floor Perimeter
"21
4' 6" 7" 30.40 LF Ceil. Perimeter
Missing Wall 4' 7 1/8" X 13' Opens into Exterior
Missing Wall 10' 7 13/16" X 13' Opens into Exterior
6" Subroom: Loft Hall (1) Height: 9'
38" 32'
1"
1 60 1 "" " 2' 6"2 6 10" 2' 1 27 05 2. .0 97 6 S SF F W Wa al ll ls s & Ceiling 2 27 7. .8 89 9 S SF F C Fle oi oli rng
1' 13 9. .1 40 S LY CF elo ilo r Pin eg 19.45 LF Floor Perimeter
2' 8"
6 " 1"1' 6 5 F . rimeter
2"
1 '
Missing Wall 4' 10 1/16" X 9' Opens into LOFT
Missing Wall 6 7/16" X 9' Opens into LOFT
CAT SEL ACT DESCRIPTION
CALC QTY REMOVE REPLACE TAX TOTAL
84. CPS PAD + Provide furniture lightweight blanket/pad
3 3.00EA 0.00+ 9.07 = 1.97 29.18
85. CPS BX + Provide box, packing paper & tape - medium size
4 4.00EA 0.00+ 3.87 = 1.12 16.60
86. CPS BX> + Provide box, packing paper & tape - large size
1 1.00EA 0.00+ 5.23 = 0.38 5.61
87. CPS BXLMP + Provide lamp box set, packing paper & tape
3 3.00EA 0.00+ 8.81 = 1.92 28.35
88. CPS WRAP + Provide stretch film/wrap - 20" x 1000' roll
.5 0.50RL 0.00+ 29.83 = 1.08 16.00
89. CPS BWRAP + Bubble wrap - 24" wide - Add-on cost for fragile items
75 75.00LF 0.00+ 0.22 = 1.20 17.70
Totals: Loft 7.67 113.44
CHEN_CHAST_CON 8/25/2025 Page: 18
19
West Coast Contents
West Coast Contents
3299 NorthBlvd.
Burbank, CA. 91504
844-WCC-PACK
CAL-T0192673
Master Bathroom Height: Peaked
"8 "9 "0
716.13 SF Walls 252.30 SF Ceiling
"3
9 968.43 SF Walls & Ceiling 252.92 SF Floor
28.10 SY Flooring 57.27 LF Floor Perimeter "31
70.33 LF Ceil. Perimeter
"013 7 7
Subroom: Master toilet 1 (4) Height: 9' 10"
" "6
1
229.44 SF Walls 30.97 SF Ceiling
"62
260.41 SF Walls & Ceiling 30.97 SF Floor "97 "77
3.44 SY Flooring 23.33 LF Floor Perimeter
"013
23.33 LF Ceil. Perimeter
Subroom: Master Toilet 2 (3) Height: 9' 10"
232.00 SF Walls 34.77 SF Ceiling
266.77 SF Walls & Ceiling 34.77 SF Floor "115 "95 "
6
3.86 SY Flooring 23.59 LF Floor Perimeter
1' 7" 2' 6" 2' 23.59 LF Ceil. Perimeter
Subroom: Master Shower (2) Height: 9' 2"
142.48 SF Walls 20.97 SF Ceiling
163.45 SF Walls & Ceiling 20.97 SF Floor
"9 " "1 "3
2.33 SY Flooring 15.54 LF Floor Perimeter 5 6 5 6
15.54 LF Ceil. Perimeter
Missing Wall 3' 6 1/2" X 9' 2" Opens into MASTER_BATH1
CHEN_CHAST_CON 8/25/2025 Page: 19
20
West Coast Contents
West Coast Contents
3299 NorthBlvd.
Burbank, CA. 91504
844-WCC-PACK
CAL-T0192673
Subroom: Master Bathroom Hall (1) Height: 9' 10"
5"
2' 6" 3' ' 2" 384.80 SF Walls 82.53 SF Ceiling "012 "82 "41
1' 1" "3 467.33 SF Walls & Ceiling 82.53 SF Floor
"62
9.17 SY Flooring 39.13 LF Floor Perimeter
3' 2' 6" 3' 8" 2' 1"
7"3' 1
1' 5"2' 10" 3' 6" 2' 3" 39.13 LF Ceil. Perimeter
Missing Wall 9' 2 11/16" X 9' 10" Opens into MASTER_BATH1
CAT SEL ACT DESCRIPTION
CALC QTY REMOVE REPLACE TAX TOTAL
90. CPS BX + Provide box, packing paper & tape - medium size
8 8.00EA 0.00+ 3.87 = 2.24 33.20
91. CPS BWRAP + Bubble wrap - 24" wide - Add-on cost for fragile items
100 100.00LF 0.00+ 0.22 = 1.60 23.60
92. CPS PAD + Provide furniture lightweight blanket/pad
1 1.00EA 0.00+ 9.07 = 0.66 9.73
93. CPS BXLMP + Provide lamp box set, packing paper & tape
1 1.00EA 0.00+ 8.81 = 0.64 9.45
94. CPS BX< + Provide box, packing paper & tape - small size
2 2.00EA 0.00+ 2.93 = 0.42 6.28
Totals: Master Bathroom 5.56 82.26
Bedroom 3 Height: 10'
572.62 SF Walls 192.86 SF Ceiling
"62
765.48 SF Walls & Ceiling 192.86 SF Floor "721 "121 "7
7"4'
4' 7" 21.43 SY Flooring 57.26 LF Floor Perimeter
2' 6" 3' 6" 9' 1" 10" 2' 6" 57.26 LF Ceil. Perimeter
3' 4" 6' 1" 2' 8"
Subroom: Bed3 Closet (1) Height: 8'
"012
218.98 SF Walls 44.04 SF Ceiling
263.02 SF Walls & Ceiling 44.04 SF Floor "62"5 "49 "69
4.89 SY Flooring 27.37 LF Floor Perimeter "7
7"4'
4' 7" 27.37 LF Ceil. Perimeter
4
CHEN_CHAST_CON 8/25/2025 Page: 20
21
West Coast Contents
West Coast Contents
3299 NorthBlvd.
Burbank, CA. 91504
844-WCC-PACK
CAL-T0192673
CAT SEL ACT DESCRIPTION
CALC QTY REMOVE REPLACE TAX TOTAL
95. CPS BXTV + Provide TV box, packing paper & tape
1 1.00EA 0.00+ 28.21 = 2.05 30.26
96. CPS PAD + Provide furniture lightweight blanket/pad
14 14.00EA 0.00+ 9.07 = 9.21 136.19
97. CPS BX + Provide box, packing paper & tape - medium size
8 8.00EA 0.00+ 3.87 = 2.24 33.20
98. CPS WRAP + Provide stretch film/wrap - 20" x 1000' roll
1.5 1.50RL 0.00+ 29.83 = 3.24 47.99
99. CPS BWRAP + Bubble wrap - 24" wide - Add-on cost for fragile items
150 150.00LF 0.00+ 0.22 = 2.39 35.39
Totals: Bedroom 3 19.13 283.03
Bed 3 Bathroom Height: 9'
3"2' 6" 3' 6"
279.51 SF Walls 57.55 SF Ceiling "13
337.07 SF Walls & Ceiling 57.55 SF Floor
"99 "59
6.39 SY Flooring 31.06 LF Floor Perimeter "114
31.06 LF Ceil. Perimeter
6' 1" "9
CAT SEL ACT DESCRIPTION
CALC QTY REMOVE REPLACE TAX TOTAL
100. CPS BX + Provide box, packing paper & tape - medium size
3 3.00EA 0.00+ 3.87 = 0.84 12.45
101. CPS BWRAP + Bubble wrap - 24" wide - Add-on cost for fragile items
50 50.00LF 0.00+ 0.22 = 0.80 11.80
Totals: Bed 3 Bathroom 1.64 24.25
Bedroom 2 Height: Peaked
596.09 SF Walls 188.83 SF Ceiling "49
784.92 SF Walls & Ceiling 185.32 SF Floor "511 "4 "0131
1
20.59 SY Flooring 54.58 LF Floor Perimeter
"51
12 '' 55.14 LF Ceil. Perimeter
16 0" 4"
"2' 2"
2'
CHEN_CHAST_CON 8/25/2025 Page: 21
22
West Coast Contents
West Coast Contents
3299 NorthBlvd.
Burbank, CA. 91504
844-WCC-PACK
CAL-T0192673
Subroom: Bed 2 Closet (1) Height: 9' 10"
224.74 SF Walls 18.06 SF Ceiling
4"
2' 2" 242.79 SF Walls & Ceiling 18.06 SF Floor "
2' 6' 7" 3' 1" 10" 2.01 SY Flooring 22.85 LF Floor Perimeter 2
6' 9" 3' 5"
22.85 LF Ceil. Perimeter
CAT SEL ACT DESCRIPTION
CALC QTY REMOVE REPLACE TAX TOTAL
102. CPS BXTV + Provide TV box, packing paper & tape
1 1.00EA 0.00+ 28.21 = 2.05 30.26
103. CPS PAD + Provide furniture lightweight blanket/pad
16 16.00EA 0.00+ 9.07 = 10.52 155.64
104. CPS BX + Provide box, packing paper & tape - medium size
8 8.00EA 0.00+ 3.87 = 2.24 33.20
105. CPS WRAP + Provide stretch film/wrap - 20" x 1000' roll
1.5 1.50RL 0.00+ 29.83 = 3.24 47.99
106. CPS BWRAP + Bubble wrap - 24" wide - Add-on cost for fragile items
150 150.00LF 0.00+ 0.22 = 2.39 35.39
107. CPS BXWDR + Provide wardrobe box & tape - medium size
3 3.00EA 0.00+ 18.26 = 3.97 58.75
Totals: Bedroom 2 24.41 361.23
Bathroom 1 Height: 8'
2'
2' 11" 6"
2' 6" 245.38 SF Walls 58.42 SF Ceiling
1"1'
1 2" 303.80 SF Walls & Ceiling 58.42 SF Floor "62
6.49 SY Flooring 30.67 LF Floor Perimeter
"2 "6
30.67 LF Ceil. Perimeter 4
Subroom: Bathroom 1 shower (1) Height: 8'
"112
300.42 SF Walls 52.36 SF Ceiling
352.79 SF Walls & Ceiling 52.36 SF Floor "68 "62
"114
5.82 SY Flooring 37.55 LF Floor Perimeter
37.55 LF Ceil. Perimeter 4
CHEN_CHAST_CON 8/25/2025 Page: 22
23
West Coast Contents
West Coast Contents
3299 NorthBlvd.
Burbank, CA. 91504
844-WCC-PACK
CAL-T0192673
CAT SEL ACT DESCRIPTION
CALC QTY REMOVE REPLACE TAX TOTAL
No content in shower area
108. CPS BX + Provide box, packing paper & tape - medium size
1 1.00EA 0.00+ 3.87 = 0.28 4.15
109. CPS BWRAP + Bubble wrap - 24" wide - Add-on cost for fragile items
100 100.00LF 0.00+ 0.22 = 1.60 23.60
Totals: Bathroom 1 1.88 27.75
Master Living Room Height: 9' 10"
6' 1" 2' 11" 7' 2"
"8
"62
563.69 SF Walls 251.96 SF Ceiling
"21
815.65 SF Walls & Ceiling 251.96 SF Floor "5 "1121 7
28.00 SY Flooring 56.25 LF Floor Perimeter 1 "76 "85
66.00 LF Ceil. Perimeter "22
Missing Wall 9' 9" X 9' 10" Opens into MASTER_BEDRO
CAT SEL ACT DESCRIPTION
CALC QTY REMOVE REPLACE TAX TOTAL
110. CPS PAD + Provide furniture lightweight blanket/pad
5 5.00EA 0.00+ 9.07 = 3.29 48.64
111. CPS BXTV + Provide TV box, packing paper & tape
2 2.00EA 0.00+ 28.21 = 4.09 60.51
112. CPS WRAP + Provide stretch film/wrap - 20" x 1000' roll
.25 0.25RL 0.00+ 29.83 = 0.54 8.00
113. CPS BWRAP + Bubble wrap - 24" wide - Add-on cost for fragile items
50 50.00LF 0.00+ 0.22 = 0.80 11.80
Totals: Master Living Room 8.72 128.95
Total: Level 2 173.40 2,565.04
Total: Contents 636.52 115,982.50
Line Item Totals: CHEN_CHAST_CON 636.52 115,982.50
CHEN_CHAST_CON 8/25/2025 Page: 23
24
West Coast Contents
West Coast Contents
3299 NorthBlvd.
Burbank, CA. 91504
844-WCC-PACK
CAL-T0192673
Grand Total Areas:
16,104.68 SF Walls 5,355.92 SF Ceiling 21,460.60 SF Walls and Ceiling
5,339.41 SF Floor 593.27 SY Flooring 1,531.02 LF Floor Perimeter
0.00 SF Long Wall 0.00 SF Short Wall 1,699.67 LF Ceil. Perimeter
5,339.41 Floor Area 5,785.48 Total Area 16,057.84 Interior Wall Area
7,294.01 Exterior Wall Area 663.28 Exterior Perimeter of
Walls
0.00 Surface Area 0.00 Number of Squares 0.00 Total Perimeter Length
0.00 Total Ridge Length 0.00 Total Hip Length
CHEN_CHAST_CON 8/25/2025 Page: 24
25
West Coast Contents
West Coast Contents
3299 NorthBlvd.
Burbank, CA. 91504
844-WCC-PACK
CAL-T0192673
Summary for Contents
Line Item Total 115,345.98
Material Sales Tax 636.52
Replacement Cost Value $115,982.50
Net Claim $115,982.50
David Tavitian
CHEN_CHAST_CON 8/25/2025 Page: 25
26
West Coast Contents
West Coast Contents
3299 NorthBlvd.
Burbank, CA. 91504
844-WCC-PACK
CAL-T0192673
Recap by Room
Estimate: CHEN_CHAST_CON
Area: Contents
Pack-Out 32,426.02 28.11%
Cleaning 30,218.00 26.20%
Storage Area/Room 32,012.94 27.75%
Pack-Back 16,469.64 14.28%
Area: Main Level
Family Room 121.97 0.11%
Kitchen 173.75 0.15%
Scullery 102.05 0.09%
Entry/Foyer 163.89 0.14%
Dining Room 239.71 0.21%
Living Room 645.89 0.56%
Stairs Area 88.69 0.08%
Guest Bath 26.48 0.02%
Bedroom 1 156.68 0.14%
Bed1 Bathroom 12.14 0.01%
Laundry Room 34.55 0.03%
Garage Room 36.36 0.03%
Garage 25.58 0.02%
Area Subtotal: Main Level 1,827.74 1.58%
Area: Level 2
Master bedroom 121.13 0.11%
Master Closet 1 249.99 0.22%
Master Closet 2 1,068.62 0.93%
Loft 105.77 0.09%
Master Bathroom 76.70 0.07%
Bedroom 3 263.90 0.23%
Bed 3 Bathroom 22.61 0.02%
Bedroom 2 336.82 0.29%
Bathroom 1 25.87 0.02%
Master Living Room 120.23 0.10%
Area Subtotal: Level 2 2,391.64 2.07%
Area Subtotal: Contents 115,345.98 100.00%
Subtotal of Areas 115,345.98 100.00%
CHEN_CHAST_CON 8/25/2025 Page: 26
27
West Coast Contents
West Coast Contents
3299 NorthBlvd.
Burbank, CA. 91504
844-WCC-PACK
CAL-T0192673
Total 115,345.98 100.00%
CHEN_CHAST_CON 8/25/2025 Page: 27
28
West Coast Contents
West Coast Contents
3299 NorthBlvd.
Burbank, CA. 91504
844-WCC-PACK
CAL-T0192673
Recap by Category
Items Total %
CLEANING 4,186.65 3.61%
CONT: PACKING,HANDLNG,STORAGE 109,899.73 94.76%
GENERAL DEMOLITION 1,058.82 0.91%
WATER EXTRACTION & REMEDIATION 200.78 0.17%
Subtotal 115,345.98 99.45%
Material Sales Tax 636.52 0.55%
Total 115,982.50 100.00%
CHEN_CHAST_CON 8/25/2025 Page: 28
29
Main Level
16' 2" 32' 3"
"36
"1101
DDiinniinngg RRoooomm WWeett bbCC aarraa //rr LLppee iivvtt iiAA nnggrree rraa oo (( ooAA mmCC11 aa)) ((rr11pp))eett 229922ssff ttoottaall ((AA11)) LLiivviinngg RRoooomm "331 "1121 "1 "63 "37 "311 "7 "3
1 1
3
tt11aa5 36' "7nn6 7ee' '9 CC" nn3 ' '1 71 " 7BB5 tt' 115 5'2" 66'))CC "aa BB2bb "'ii 1 70 nn ))'" 6ee 8tt77 2'5 ' ((8 ""BB 522 1))
CCaabbiinneeCC 33bb ' ' 3ii "7 ((nnCC" BBee 1aa 1tt 66bb '11 7 ))ii22 ' (( 3 "BBtt 1155 aa11)) bb (( iiBB 4 CC' SSee 448 " aatt cc)) '11 6bbuu2 "55' iill ll7(( ee' "rr 8 yy 11' 47 " " 8 "3 4 ' ' 83 "' " 3" EEnnttrryy15 //' FFooyy22 ee' 1' 6"1' 6" 7' 13 2SS '' 1 11 tt ' 0 6aa "" iirr5 ss' 6 " ((MM11))aa1' iinn5 ' SS6" 1tt3pp 1'aa' UU 61 ii"0 1rr 2'" ss "93 2 "01 ppUU "013
nn ee 0(( ' 22 "721
8 rr CCaabbiinneett1144 ((BB77)) 4' 2' 5 17' 4" "66 "1101 "77 "017
ee2 ee' 2 119" 11CC" 7aa "bbiinneett1199 ((BB 1611 1)) "0112 "31
2' KKiittcchheenn CCCC aaaa bbbb iiii nnnn tt tt 88 00 FF (( 3" ((BBrr BBoo11nn 33))tt )) rroooomm ((11)) 4' 5" 11' 1' 2" 1' 2" 7' 4" 4' 4' ' 0" "95 "31 "901
9 GGaarraaggee RRoooomm
CCaabbiinneett99 ((BB22)) 3' 8" 5' 6" 1' 1' "64
CCCCaaaabbbbiinniinneeeett33tt11 (( ((BBBB3311)))) "47
SSttaaiirrss AArreeaa GGuu"5eesstt BBaaLLtthhaauunnddCC rraa yybb RRiinn ooee oott55 mm ((BB55)) "593 "77 "18 5
13' 1" PPaanntt7rr' 5yy" ((11)) ' ' 4' 5" 7 CCaabbiinneett22CC aa((BBbbii22nn))eett44 ((BB44)) 19' 11" "53 13 2
21' 1' 5' 3FF"rroonntt RRoooomm HHaallllHH aa((8 22' ll 5 ll))" 11 ((11))GGaarraa9 gg' 1 ee1" HHaallll "013 "0192
18' 10" 8"8 1" CCooaa'" 7" ((1 336 ))' 4"
5' tt " CC4ll' oo4"sseett 15' HHVVAACC 6rr' 1oo"oomm1 ' 3(("22)) "33
CCaarrppeett aarreeaa 226666..77ssff ((AA11)) FFaammiillyy RRoooomm CC 5' 3aa "bbiinneett1177 ((BB11)) GGaarraaggee "761 "221 "6 "181
LLiivviinnggLL rrVVoooo ffmmuull llcc ccaaaabbbb ll oo((BBww33ee))rr ((BB22 BB)) eeddrroooomm 11 "301 98 48 "119 "321 3
BBeedd 11 CClloosseett ((11)) BBeedd11 BBaatthhrroooomm "88
CCaabbiinneett66 ((BB11)) "83
HHee 2aa 8'rr 3tt "hh ((AA44)) CCaabbii9nn' 5ee"tt1188 ((BB22)) "81
1
Main Level
CHEN_CHAST_CON 8/25/2025 Page: 29
30
Level 2
15' 1" 5' 5" 13' 10"
"115 "95
BBeedd33 CClloosseett ((11))
"49
"121 "511
BBeeddrroooomm 33 "43
4' 7"4' 7" BBeeddrroooomm 22 "
61
2" 2'
4' 10" 1"
15' 5" 3'
CC6aa' bb1"iinn1 ee' 1 tt0 11" ((BB 3'11 4)) "6' 1" CCaabbiinneett336 "((BBLL22 6'oo)) 4"fftt HH8aa' 5ll "ll 1((5 011 ' ")) 2' 4" BB2"eedd 22 CC8ll' oo6"sseett (( 111 ")) "83 "45 "13
4 ' 2' 6 ' 7" 3 '
6' 10" "6
BBeedd 33 BBaaBB tthh2aa'rr tt5oohh"oorroo mmoo3mm' 3" 11 sshhoowweerr ((11)) 6' 9" 3' 5" "953 "59
"114
BBaatthhrroooomm 11
"25
5' 4" "62
CCaabbiinneett22 ((BB11)) 2' 11" LLoofftt 2 "019 "801
CCaabbiinneett44 ((BB11)) 5' 6" 4' 7" "1101 "11 "8
MMaasstteerr LLiivviinngg RRoooomm 7' 2" 7' 4" 6' 1" 3' 7" "1121 "52 "92
MMaasstteerr CClloossMM eett aa 11sstteerr TTooMMiilleeaattss 22ttee rr(( 33SS))hhoowweerr ((22)) "87 "58 "76 "95 "16 "17 "17
MMaasstteerr bbeeddrroooomm "59
6' 3" FFiirreepp 9ll 'aa 9cc "ee MMaannttllee ((AA 3'22 4")) 8'8 6' "8" 3' 6' 5" 7' 1" "113 "22 "011 "9
FFiirreeppllaaccee MM11 ((AA11)) CCaabbiinnee7 tt' 66 ((BB11)) 4' 4" 3' 5 4' 2" 76 ' ' 19 "" "01 "41 012
3' 2
"015
"3 AArreeaa77 ((AA44)) 7 "1 "9
MMaasstteerr BBaatthhrroooomm HHaallll ((11))9 6
MMaasstteerr BBaatthhrroooomm
1' 5" 8' 10" 3' 3" "7 "11
BBaallccoonnyy MMaasstteerr BBeeddrroooommAA ((11)) 61
CCaabbiinneett55 ((BB22))
MMaasstteerr CClloosseett 22 CCaabbiinneett77 ((BB22)) "79
"17
MMaasstteerr ttooiilleett 11 ((44)) 77 "96
7 7
CCaabbiinneett88 ((BB33)) "12
6' 1" 28' 3"
Level 2
CHEN_CHAST_CON 8/25/2025 Page: 30
